Archive member included to satisfy reference by file (symbol)

e:/stm/stm32cubeide_1.6.1/stm32cubeide/plugins/com.st.stm32cube.ide.mcu.externaltools.gnu-tools-for-stm32.9-2020-q2-update.win32_2.0.0.202105311346/tools/bin/../lib/gcc/arm-none-eabi/9.3.1/../../../../arm-none-eabi/lib/thumb/v7e-m+fp/hard\librdimon_nano.a(rdimon-syscalls.o)
                              e:/stm/stm32cubeide_1.6.1/stm32cubeide/plugins/com.st.stm32cube.ide.mcu.externaltools.gnu-tools-for-stm32.9-2020-q2-update.win32_2.0.0.202105311346/tools/bin/../lib/gcc/arm-none-eabi/9.3.1/../../../../arm-none-eabi/lib/thumb/v7e-m+fp/hard/rdimon-crt0.o (initialise_monitor_handles)
E:\STM\workspace\LibFreeRtos_2020104\Debug\libLibFreeRtos_2020104.a(queue.o)
                              ./Core/Src/main.o (xQueueGenericCreate)
E:\STM\workspace\LibFreeRtos_2020104\Debug\libLibFreeRtos_2020104.a(tasks.o)
                              ./Core/Src/main.o (xTaskCreate)
E:\STM\workspace\LibFreeRtos_2020104\Debug\libLibFreeRtos_2020104.a(port.o)
                              E:\STM\workspace\LibFreeRtos_2020104\Debug\libLibFreeRtos_2020104.a(tasks.o) (pxPortInitialiseStack)
E:\STM\workspace\LibFreeRtos_2020104\Debug\libLibFreeRtos_2020104.a(heap_4.o)
                              E:\STM\workspace\LibFreeRtos_2020104\Debug\libLibFreeRtos_2020104.a(queue.o) (pvPortMalloc)
E:\STM\workspace\LibFreeRtos_2020104\Debug\libLibFreeRtos_2020104.a(list.o)
                              E:\STM\workspace\LibFreeRtos_2020104\Debug\libLibFreeRtos_2020104.a(queue.o) (vListInitialise)
e:/stm/stm32cubeide_1.6.1/stm32cubeide/plugins/com.st.stm32cube.ide.mcu.externaltools.gnu-tools-for-stm32.9-2020-q2-update.win32_2.0.0.202105311346/tools/bin/../lib/gcc/arm-none-eabi/9.3.1/../../../../arm-none-eabi/lib/thumb/v7e-m+fp/hard\libc_nano.a(lib_a-errno.o)
                              ./Core/Src/sysmem.o (__errno)
e:/stm/stm32cubeide_1.6.1/stm32cubeide/plugins/com.st.stm32cube.ide.mcu.externaltools.gnu-tools-for-stm32.9-2020-q2-update.win32_2.0.0.202105311346/tools/bin/../lib/gcc/arm-none-eabi/9.3.1/../../../../arm-none-eabi/lib/thumb/v7e-m+fp/hard\libc_nano.a(lib_a-exit.o)
                              e:/stm/stm32cubeide_1.6.1/stm32cubeide/plugins/com.st.stm32cube.ide.mcu.externaltools.gnu-tools-for-stm32.9-2020-q2-update.win32_2.0.0.202105311346/tools/bin/../lib/gcc/arm-none-eabi/9.3.1/../../../../arm-none-eabi/lib/thumb/v7e-m+fp/hard/rdimon-crt0.o (exit)
e:/stm/stm32cubeide_1.6.1/stm32cubeide/plugins/com.st.stm32cube.ide.mcu.externaltools.gnu-tools-for-stm32.9-2020-q2-update.win32_2.0.0.202105311346/tools/bin/../lib/gcc/arm-none-eabi/9.3.1/../../../../arm-none-eabi/lib/thumb/v7e-m+fp/hard\libc_nano.a(lib_a-findfp.o)
                              e:/stm/stm32cubeide_1.6.1/stm32cubeide/plugins/com.st.stm32cube.ide.mcu.externaltools.gnu-tools-for-stm32.9-2020-q2-update.win32_2.0.0.202105311346/tools/bin/../lib/gcc/arm-none-eabi/9.3.1/../../../../arm-none-eabi/lib/thumb/v7e-m+fp/hard\librdimon_nano.a(rdimon-syscalls.o) (__sinit)
e:/stm/stm32cubeide_1.6.1/stm32cubeide/plugins/com.st.stm32cube.ide.mcu.externaltools.gnu-tools-for-stm32.9-2020-q2-update.win32_2.0.0.202105311346/tools/bin/../lib/gcc/arm-none-eabi/9.3.1/../../../../arm-none-eabi/lib/thumb/v7e-m+fp/hard\libc_nano.a(lib_a-fwalk.o)
                              e:/stm/stm32cubeide_1.6.1/stm32cubeide/plugins/com.st.stm32cube.ide.mcu.externaltools.gnu-tools-for-stm32.9-2020-q2-update.win32_2.0.0.202105311346/tools/bin/../lib/gcc/arm-none-eabi/9.3.1/../../../../arm-none-eabi/lib/thumb/v7e-m+fp/hard\libc_nano.a(lib_a-findfp.o) (_fwalk)
e:/stm/stm32cubeide_1.6.1/stm32cubeide/plugins/com.st.stm32cube.ide.mcu.externaltools.gnu-tools-for-stm32.9-2020-q2-update.win32_2.0.0.202105311346/tools/bin/../lib/gcc/arm-none-eabi/9.3.1/../../../../arm-none-eabi/lib/thumb/v7e-m+fp/hard\libc_nano.a(lib_a-impure.o)
                              e:/stm/stm32cubeide_1.6.1/stm32cubeide/plugins/com.st.stm32cube.ide.mcu.externaltools.gnu-tools-for-stm32.9-2020-q2-update.win32_2.0.0.202105311346/tools/bin/../lib/gcc/arm-none-eabi/9.3.1/../../../../arm-none-eabi/lib/thumb/v7e-m+fp/hard\libc_nano.a(lib_a-exit.o) (_global_impure_ptr)
e:/stm/stm32cubeide_1.6.1/stm32cubeide/plugins/com.st.stm32cube.ide.mcu.externaltools.gnu-tools-for-stm32.9-2020-q2-update.win32_2.0.0.202105311346/tools/bin/../lib/gcc/arm-none-eabi/9.3.1/../../../../arm-none-eabi/lib/thumb/v7e-m+fp/hard\libc_nano.a(lib_a-init.o)
                              e:/stm/stm32cubeide_1.6.1/stm32cubeide/plugins/com.st.stm32cube.ide.mcu.externaltools.gnu-tools-for-stm32.9-2020-q2-update.win32_2.0.0.202105311346/tools/bin/../lib/gcc/arm-none-eabi/9.3.1/../../../../arm-none-eabi/lib/thumb/v7e-m+fp/hard/rdimon-crt0.o (__libc_init_array)
e:/stm/stm32cubeide_1.6.1/stm32cubeide/plugins/com.st.stm32cube.ide.mcu.externaltools.gnu-tools-for-stm32.9-2020-q2-update.win32_2.0.0.202105311346/tools/bin/../lib/gcc/arm-none-eabi/9.3.1/../../../../arm-none-eabi/lib/thumb/v7e-m+fp/hard\libc_nano.a(lib_a-lock.o)
[...]
Memory Configuration

Name             Origin             Length             Attributes
RAM              0x0000000020000000 0x0000000000018000 xrw
FLASH            0x0000000008000000 0x0000000000080000 xr
*default*        0x0000000000000000 0xffffffffffffffff

Linker script and memory map

LOAD e:/stm/stm32cubeide_1.6.1/stm32cubeide/plugins/com.st.stm32cube.ide.mcu.externaltools.gnu-tools-for-stm32.9-2020-q2-update.win32_2.0.0.202105311346/tools/bin/../lib/gcc/arm-none-eabi/9.3.1/thumb/v7e-m+fp/hard/crti.o
LOAD e:/stm/stm32cubeide_1.6.1/stm32cubeide/plugins/com.st.stm32cube.ide.mcu.externaltools.gnu-tools-for-stm32.9-2020-q2-update.win32_2.0.0.202105311346/tools/bin/../lib/gcc/arm-none-eabi/9.3.1/thumb/v7e-m+fp/hard/crtbegin.o
LOAD e:/stm/stm32cubeide_1.6.1/stm32cubeide/plugins/com.st.stm32cube.ide.mcu.externaltools.gnu-tools-for-stm32.9-2020-q2-update.win32_2.0.0.202105311346/tools/bin/../lib/gcc/arm-none-eabi/9.3.1/../../../../arm-none-eabi/lib/thumb/v7e-m+fp/hard/rdimon-crt0.o
LOAD ./Core/Src/HD44780.o
LOAD ./Core/Src/freertos_idle.o
LOAD ./Core/Src/main.o
LOAD ./Core/Src/stm32f4xx_hal_msp.o
LOAD ./Core/Src/stm32f4xx_hal_timebase_tim.o
LOAD ./Core/Src/stm32f4xx_it.o
LOAD ./Core/Src/sysmem.o
LOAD ./Core/Src/system_stm32f4xx.o
LOAD ./Core/Src/task_app.o
LOAD ./Core/Startup/startup_stm32f401retx.o
LOAD ./Drivers/STM32F4xx_HAL_Driver/Src/stm32f4xx_hal.o
LOAD ./Drivers/STM32F4xx_HAL_Driver/Src/stm32f4xx_hal_cortex.o
LOAD ./Drivers/STM32F4xx_HAL_Driver/Src/stm32f4xx_hal_dma.o
LOAD ./Drivers/STM32F4xx_HAL_Driver/Src/stm32f4xx_hal_dma_ex.o
LOAD ./Drivers/STM32F4xx_HAL_Driver/Src/stm32f4xx_hal_exti.o
LOAD ./Drivers/STM32F4xx_HAL_Driver/Src/stm32f4xx_hal_flash.o
LOAD ./Drivers/STM32F4xx_HAL_Driver/Src/stm32f4xx_hal_flash_ex.o
LOAD ./Drivers/STM32F4xx_HAL_Driver/Src/stm32f4xx_hal_flash_ramfunc.o
LOAD ./Drivers/STM32F4xx_HAL_Driver/Src/stm32f4xx_hal_gpio.o
LOAD ./Drivers/STM32F4xx_HAL_Driver/Src/stm32f4xx_hal_pwr.o
LOAD ./Drivers/STM32F4xx_HAL_Driver/Src/stm32f4xx_hal_pwr_ex.o
LOAD ./Drivers/STM32F4xx_HAL_Driver/Src/stm32f4xx_hal_rcc.o
LOAD ./Drivers/STM32F4xx_HAL_Driver/Src/stm32f4xx_hal_rcc_ex.o
LOAD ./Drivers/STM32F4xx_HAL_Driver/Src/stm32f4xx_hal_tim.o
LOAD ./Drivers/STM32F4xx_HAL_Driver/Src/stm32f4xx_hal_tim_ex.o
LOAD e:/stm/stm32cubeide_1.6.1/stm32cubeide/plugins/com.st.stm32cube.ide.mcu.externaltools.gnu-tools-for-stm32.9-2020-q2-update.win32_2.0.0.202105311346/tools/bin/../lib/gcc/arm-none-eabi/9.3.1/../../../../arm-none-eabi/lib/thumb/v7e-m+fp/hard\librdimon_nano.a
LOAD E:\STM\workspace\LibFreeRtos_2020104\Debug\libLibFreeRtos_2020104.a
LOAD e:/stm/stm32cubeide_1.6.1/stm32cubeide/plugins/com.st.stm32cube.ide.mcu.externaltools.gnu-tools-for-stm32.9-2020-q2-update.win32_2.0.0.202105311346/tools/bin/../lib/gcc/arm-none-eabi/9.3.1/../../../../arm-none-eabi/lib/thumb/v7e-m+fp/hard\libc_nano.a
LOAD e:/stm/stm32cubeide_1.6.1/stm32cubeide/plugins/com.st.stm32cube.ide.mcu.externaltools.gnu-tools-for-stm32.9-2020-q2-update.win32_2.0.0.202105311346/tools/bin/../lib/gcc/arm-none-eabi/9.3.1/../../../../arm-none-eabi/lib/thumb/v7e-m+fp/hard\librdimon_nano.a
START GROUP
LOAD e:/stm/stm32cubeide_1.6.1/stm32cubeide/plugins/com.st.stm32cube.ide.mcu.externaltools.gnu-tools-for-stm32.9-2020-q2-update.win32_2.0.0.202105311346/tools/bin/../lib/gcc/arm-none-eabi/9.3.1/../../../../arm-none-eabi/lib/thumb/v7e-m+fp/hard\libc_nano.a
LOAD e:/stm/stm32cubeide_1.6.1/stm32cubeide/plugins/com.st.stm32cube.ide.mcu.externaltools.gnu-tools-for-stm32.9-2020-q2-update.win32_2.0.0.202105311346/tools/bin/../lib/gcc/arm-none-eabi/9.3.1/../../../../arm-none-eabi/lib/thumb/v7e-m+fp/hard\libm.a
END GROUP
START GROUP
LOAD e:/stm/stm32cubeide_1.6.1/stm32cubeide/plugins/com.st.stm32cube.ide.mcu.externaltools.gnu-tools-for-stm32.9-2020-q2-update.win32_2.0.0.202105311346/tools/bin/../lib/gcc/arm-none-eabi/9.3.1/thumb/v7e-m+fp/hard\libgcc.a
LOAD e:/stm/stm32cubeide_1.6.1/stm32cubeide/plugins/com.st.stm32cube.ide.mcu.externaltools.gnu-tools-for-stm32.9-2020-q2-update.win32_2.0.0.202105311346/tools/bin/../lib/gcc/arm-none-eabi/9.3.1/../../../../arm-none-eabi/lib/thumb/v7e-m+fp/hard\libc_nano.a
END GROUP
START GROUP
LOAD e:/stm/stm32cubeide_1.6.1/stm32cubeide/plugins/com.st.stm32cube.ide.mcu.externaltools.gnu-tools-for-stm32.9-2020-q2-update.win32_2.0.0.202105311346/tools/bin/../lib/gcc/arm-none-eabi/9.3.1/thumb/v7e-m+fp/hard\libgcc.a
LOAD e:/stm/stm32cubeide_1.6.1/stm32cubeide/plugins/com.st.stm32cube.ide.mcu.externaltools.gnu-tools-for-stm32.9-2020-q2-update.win32_2.0.0.202105311346/tools/bin/../lib/gcc/arm-none-eabi/9.3.1/../../../../arm-none-eabi/lib/thumb/v7e-m+fp/hard\libc_nano.a
LOAD e:/stm/stm32cubeide_1.6.1/stm32cubeide/plugins/com.st.stm32cube.ide.mcu.externaltools.gnu-tools-for-stm32.9-2020-q2-update.win32_2.0.0.202105311346/tools/bin/../lib/gcc/arm-none-eabi/9.3.1/../../../../arm-none-eabi/lib/thumb/v7e-m+fp/hard\libnosys.a
END GROUP
START GROUP
LOAD e:/stm/stm32cubeide_1.6.1/stm32cubeide/plugins/com.st.stm32cube.ide.mcu.externaltools.gnu-tools-for-stm32.9-2020-q2-update.win32_2.0.0.202105311346/tools/bin/../lib/gcc/arm-none-eabi/9.3.1/thumb/v7e-m+fp/hard\libgcc.a
LOAD e:/stm/stm32cubeide_1.6.1/stm32cubeide/plugins/com.st.stm32cube.ide.mcu.externaltools.gnu-tools-for-stm32.9-2020-q2-update.win32_2.0.0.202105311346/tools/bin/../lib/gcc/arm-none-eabi/9.3.1/../../../../arm-none-eabi/lib/thumb/v7e-m+fp/hard\libc_nano.a
LOAD e:/stm/stm32cubeide_1.6.1/stm32cubeide/plugins/com.st.stm32cube.ide.mcu.externaltools.gnu-tools-for-stm32.9-2020-q2-update.win32_2.0.0.202105311346/tools/bin/../lib/gcc/arm-none-eabi/9.3.1/../../../../arm-none-eabi/lib/thumb/v7e-m+fp/hard\librdimon_nano.a
END GROUP
START GROUP
LOAD e:/stm/stm32cubeide_1.6.1/stm32cubeide/plugins/com.st.stm32cube.ide.mcu.externaltools.gnu-tools-for-stm32.9-2020-q2-update.win32_2.0.0.202105311346/tools/bin/../lib/gcc/arm-none-eabi/9.3.1/thumb/v7e-m+fp/hard\libgcc.a
LOAD e:/stm/stm32cubeide_1.6.1/stm32cubeide/plugins/com.st.stm32cube.ide.mcu.externaltools.gnu-tools-for-stm32.9-2020-q2-update.win32_2.0.0.202105311346/tools/bin/../lib/gcc/arm-none-eabi/9.3.1/../../../../arm-none-eabi/lib/thumb/v7e-m+fp/hard\libc_nano.a
LOAD e:/stm/stm32cubeide_1.6.1/stm32cubeide/plugins/com.st.stm32cube.ide.mcu.externaltools.gnu-tools-for-stm32.9-2020-q2-update.win32_2.0.0.202105311346/tools/bin/../lib/gcc/arm-none-eabi/9.3.1/../../../../arm-none-eabi/lib/thumb/v7e-m+fp/hard\librdimon_nano.a
LOAD e:/stm/stm32cubeide_1.6.1/stm32cubeide/plugins/com.st.stm32cube.ide.mcu.externaltools.gnu-tools-for-stm32.9-2020-q2-update.win32_2.0.0.202105311346/tools/bin/../lib/gcc/arm-none-eabi/9.3.1/../../../../arm-none-eabi/lib/thumb/v7e-m+fp/hard\libnosys.a
END GROUP
LOAD e:/stm/stm32cubeide_1.6.1/stm32cubeide/plugins/com.st.stm32cube.ide.mcu.externaltools.gnu-tools-for-stm32.9-2020-q2-update.win32_2.0.0.202105311346/tools/bin/../lib/gcc/arm-none-eabi/9.3.1/thumb/v7e-m+fp/hard/crtend.o
LOAD e:/stm/stm32cubeide_1.6.1/stm32cubeide/plugins/com.st.stm32cube.ide.mcu.externaltools.gnu-tools-for-stm32.9-2020-q2-update.win32_2.0.0.202105311346/tools/bin/../lib/gcc/arm-none-eabi/9.3.1/thumb/v7e-m+fp/hard/crtn.o
                0x0000000020018000                _estack = (ORIGIN (RAM) + LENGTH (RAM))
                0x0000000000000200                _Min_Heap_Size = 0x200
                0x0000000000000400                _Min_Stack_Size = 0x400

.isr_vector     0x0000000008000000      0x194
                0x0000000008000000                . = ALIGN (0x4)
 *(.isr_vector)
 .isr_vector    0x0000000008000000      0x194 ./Core/Startup/startup_stm32f401retx.o
                0x0000000008000000                g_pfnVectors
                0x0000000008000194                . = ALIGN (0x4)

.text           0x00000000080001a0     0x6434
                0x00000000080001a0                . = ALIGN (0x4)
 *(.text)
 .text          0x00000000080001a0       0x40 e:/stm/stm32cubeide_1.6.1/stm32cubeide/plugins/com.st.stm32cube.ide.mcu.externaltools.gnu-tools-for-stm32.9-2020-q2-update.win32_2.0.0.202105311346/tools/bin/../lib/gcc/arm-none-eabi/9.3.1/thumb/v7e-m+fp/hard/crtbegin.o
 .text          0x00000000080001e0       0x10 e:/stm/stm32cubeide_1.6.1/stm32cubeide/plugins/com.st.stm32cube.ide.mcu.externaltools.gnu-tools-for-stm32.9-2020-q2-update.win32_2.0.0.202105311346/tools/bin/../lib/gcc/arm-none-eabi/9.3.1/../../../../arm-none-eabi/lib/thumb/v7e-m+fp/hard\libc_nano.a(lib_a-strlen.o)
                0x00000000080001e0                strlen
 .text          0x00000000080001f0       0xa0 e:/stm/stm32cubeide_1.6.1/stm32cubeide/plugins/com.st.stm32cube.ide.mcu.externaltools.gnu-tools-for-stm32.9-2020-q2-update.win32_2.0.0.202105311346/tools/bin/../lib/gcc/arm-none-eabi/9.3.1/../../../../arm-none-eabi/lib/thumb/v7e-m+fp/hard\libc_nano.a(lib_a-memchr.o)
                0x00000000080001f0                memchr
 .text          0x0000000008000290       0x30 e:/stm/stm32cubeide_1.6.1/stm32cubeide/plugins/com.st.stm32cube.ide.mcu.externaltools.gnu-tools-for-stm32.9-2020-q2-update.win32_2.0.0.202105311346/tools/bin/../lib/gcc/arm-none-eabi/9.3.1/thumb/v7e-m+fp/hard\libgcc.a(_aeabi_uldivmod.o)
                0x0000000008000290                __aeabi_uldivmod
 .text          0x00000000080002c0      0x2c4 e:/stm/stm32cubeide_1.6.1/stm32cubeide/plugins/com.st.stm32cube.ide.mcu.externaltools.gnu-tools-for-stm32.9-2020-q2-update.win32_2.0.0.202105311346/tools/bin/../lib/gcc/arm-none-eabi/9.3.1/thumb/v7e-m+fp/hard\libgcc.a(_udivmoddi4.o)
                0x00000000080002c0                __udivmoddi4
 .text          0x0000000008000584        0x4 e:/stm/stm32cubeide_1.6.1/stm32cubeide/plugins/com.st.stm32cube.ide.mcu.externaltools.gnu-tools-for-stm32.9-2020-q2-update.win32_2.0.0.202105311346/tools/bin/../lib/gcc/arm-none-eabi/9.3.1/thumb/v7e-m+fp/hard\libgcc.a(_dvmd_tls.o)
                0x0000000008000584                __aeabi_idiv0
                0x0000000008000584                __aeabi_ldiv0
 *(.text*)
 .text.HD44780_init
                0x0000000008000588      0x188 ./Core/Src/HD44780.o
                0x0000000008000588                HD44780_init
 .text.HD44780_cursor_to
                0x0000000008000710       0x54 ./Core/Src/HD44780.o
                0x0000000008000710                HD44780_cursor_to
 .text.HD44780_put_char
                0x0000000008000764       0x80 ./Core/Src/HD44780.o
                0x0000000008000764                HD44780_put_char
 .text.HD44780_put_str
                0x00000000080007e4       0x3c ./Core/Src/HD44780.o
                0x00000000080007e4                HD44780_put_str
 .text.GPIO_init
                0x0000000008000820       0x3e ./Core/Src/HD44780.o
 .text.HD44780_set_data_mode
                0x000000000800085e       0x9e ./Core/Src/HD44780.o
 .text.HD44780_pull_value
                0x00000000080008fc      0x1ca ./Core/Src/HD44780.o
 .text.HD44780_push_value
                0x0000000008000ac6      0x174 ./Core/Src/HD44780.o
 .text.HD44780_read_byte
                0x0000000008000c3a       0x7a ./Core/Src/HD44780.o
 .text.HD44780_write_byte
                0x0000000008000cb4       0x80 ./Core/Src/HD44780.o
 .text.HD44780_write_init
                0x0000000008000d34       0x38 ./Core/Src/HD44780.o
 .text.HD44780_get_address
                0x0000000008000d6c       0x2e ./Core/Src/HD44780.o
 .text.HD44780_write_instruction
                0x0000000008000d9a       0x20 ./Core/Src/HD44780.o
 .text.HD44780_write_data
                0x0000000008000dba       0x20 ./Core/Src/HD44780.o
 .text.HD44780_get_current_line
                0x0000000008000dda       0x3a ./Core/Src/HD44780.o
 .text.DWT_Delay_Init
                0x0000000008000e14       0x40 ./Core/Src/HD44780.o
                0x0000000008000e14                DWT_Delay_Init
 .text.vApplicationGetIdleTaskMemory
                0x0000000008000e54       0x34 ./Core/Src/freertos_idle.o
                0x0000000008000e54                vApplicationGetIdleTaskMemory
 .text.main     0x0000000008000e88      0x180 ./Core/Src/main.o
                0x0000000008000e88                main
 .text.SystemClock_Config
                0x0000000008001008       0xc0 ./Core/Src/main.o
                0x0000000008001008                SystemClock_Config
 .text.MX_GPIO_Init
                0x00000000080010c8      0x118 ./Core/Src/main.o
 .text.HAL_TIM_PeriodElapsedCallback
                0x00000000080011e0       0x24 ./Core/Src/main.o
                0x00000000080011e0                HAL_TIM_PeriodElapsedCallback
 .text.Error_Handler
                0x0000000008001204        0xa ./Core/Src/main.o
                0x0000000008001204                Error_Handler
 *fill*         0x000000000800120e        0x2 
 .text.HAL_MspInit
                0x0000000008001210       0x50 ./Core/Src/stm32f4xx_hal_msp.o
                0x0000000008001210                HAL_MspInit
 .text.HAL_InitTick
                0x0000000008001260       0xb0 ./Core/Src/stm32f4xx_hal_timebase_tim.o
                0x0000000008001260                HAL_InitTick
 .text.NMI_Handler
                0x0000000008001310        0x6 ./Core/Src/stm32f4xx_it.o
                0x0000000008001310                NMI_Handler
 .text.HardFault_Handler
                0x0000000008001316        0x6 ./Core/Src/stm32f4xx_it.o
                0x0000000008001316                HardFault_Handler
 .text.MemManage_Handler
                0x000000000800131c        0x6 ./Core/Src/stm32f4xx_it.o
                0x000000000800131c                MemManage_Handler
 .text.BusFault_Handler
                0x0000000008001322        0x6 ./Core/Src/stm32f4xx_it.o
                0x0000000008001322                BusFault_Handler
 .text.UsageFault_Handler
                0x0000000008001328        0x6 ./Core/Src/stm32f4xx_it.o
                0x0000000008001328                UsageFault_Handler
 .text.DebugMon_Handler
                0x000000000800132e        0xe ./Core/Src/stm32f4xx_it.o
                0x000000000800132e                DebugMon_Handler
 .text.TIM1_UP_TIM10_IRQHandler
                0x000000000800133c       0x14 ./Core/Src/stm32f4xx_it.o
                0x000000000800133c                TIM1_UP_TIM10_IRQHandler
 .text.EXTI15_10_IRQHandler
                0x0000000008001350       0x10 ./Core/Src/stm32f4xx_it.o
                0x0000000008001350                EXTI15_10_IRQHandler
 .text._sbrk    0x0000000008001360       0x6c ./Core/Src/sysmem.o
                0x0000000008001360                _sbrk
 .text.SystemInit
                0x00000000080013cc       0x2c ./Core/Src/system_stm32f4xx.o
                0x00000000080013cc                SystemInit
 .text.HAL_GPIO_EXTI_Callback
                0x00000000080013f8       0x44 ./Core/Src/task_app.o
                0x00000000080013f8                HAL_GPIO_EXTI_Callback
 .text.vTaskControl
                0x000000000800143c      0x184 ./Core/Src/task_app.o
                0x000000000800143c                vTaskControl
 .text.xLcdTask
                0x00000000080015c0       0x94 ./Core/Src/task_app.o
                0x00000000080015c0                xLcdTask
 .text.vSenderTask
                0x0000000008001654       0xdc ./Core/Src/task_app.o
                0x0000000008001654                vSenderTask
 .text.vTaskCount
                0x0000000008001730      0x180 ./Core/Src/task_app.o
                0x0000000008001730                vTaskCount
 .text.vTaskBlinky
                0x00000000080018b0       0x34 ./Core/Src/task_app.o
                0x00000000080018b0                vTaskBlinky
 .text.Reset_Handler
                0x00000000080018e4       0x50 ./Core/Startup/startup_stm32f401retx.o
                0x00000000080018e4                Reset_Handler
 .text.Default_Handler
                0x0000000008001934        0x2 ./Core/Startup/startup_stm32f401retx.o
                0x0000000008001934                RTC_Alarm_IRQHandler
                0x0000000008001934                EXTI2_IRQHandler
                0x0000000008001934                SPI4_IRQHandler
                0x0000000008001934                TIM1_CC_IRQHandler
                0x0000000008001934                DMA2_Stream5_IRQHandler
                0x0000000008001934                DMA1_Stream5_IRQHandler
                0x0000000008001934                PVD_IRQHandler
                0x0000000008001934                SDIO_IRQHandler
                0x0000000008001934                TAMP_STAMP_IRQHandler
                0x0000000008001934                EXTI3_IRQHandler
                0x0000000008001934                I2C3_ER_IRQHandler
                0x0000000008001934                EXTI0_IRQHandler
                0x0000000008001934                I2C2_EV_IRQHandler
                0x0000000008001934                DMA1_Stream2_IRQHandler
                0x0000000008001934                FPU_IRQHandler
                0x0000000008001934                DMA2_Stream2_IRQHandler
                0x0000000008001934                SPI1_IRQHandler
                0x0000000008001934                TIM1_BRK_TIM9_IRQHandler
                0x0000000008001934                DMA2_Stream3_IRQHandler
                0x0000000008001934                USART6_IRQHandler
                0x0000000008001934                DMA2_Stream0_IRQHandler
                0x0000000008001934                TIM4_IRQHandler
                0x0000000008001934                I2C1_EV_IRQHandler
                0x0000000008001934                DMA1_Stream6_IRQHandler
                0x0000000008001934                DMA1_Stream1_IRQHandler
                0x0000000008001934                TIM3_IRQHandler
                0x0000000008001934                RCC_IRQHandler
                0x0000000008001934                Default_Handler
                0x0000000008001934                ADC_IRQHandler
                0x0000000008001934                DMA1_Stream7_IRQHandler
                0x0000000008001934                TIM5_IRQHandler
                0x0000000008001934                DMA2_Stream7_IRQHandler
                0x0000000008001934                I2C3_EV_IRQHandler
                0x0000000008001934                EXTI9_5_IRQHandler
                0x0000000008001934                RTC_WKUP_IRQHandler
                0x0000000008001934                SPI2_IRQHandler
                0x0000000008001934                DMA1_Stream0_IRQHandler
                0x0000000008001934                EXTI4_IRQHandler
                0x0000000008001934                WWDG_IRQHandler
                0x0000000008001934                TIM2_IRQHandler
                0x0000000008001934                OTG_FS_WKUP_IRQHandler
                0x0000000008001934                TIM1_TRG_COM_TIM11_IRQHandler
                0x0000000008001934                EXTI1_IRQHandler
                0x0000000008001934                USART2_IRQHandler
                0x0000000008001934                I2C2_ER_IRQHandler
                0x0000000008001934                DMA2_Stream1_IRQHandler
                0x0000000008001934                FLASH_IRQHandler
                0x0000000008001934                DMA2_Stream4_IRQHandler
                0x0000000008001934                USART1_IRQHandler
                0x0000000008001934                OTG_FS_IRQHandler
                0x0000000008001934                SPI3_IRQHandler
                0x0000000008001934                DMA1_Stream4_IRQHandler
                0x0000000008001934                I2C1_ER_IRQHandler
                0x0000000008001934                DMA2_Stream6_IRQHandler
                0x0000000008001934                DMA1_Stream3_IRQHandler
 *fill*         0x0000000008001936        0x2 
 .text.HAL_Init
                0x0000000008001938       0x44 ./Drivers/STM32F4xx_HAL_Driver/Src/stm32f4xx_hal.o
                0x0000000008001938                HAL_Init
 .text.HAL_IncTick
                0x000000000800197c       0x28 ./Drivers/STM32F4xx_HAL_Driver/Src/stm32f4xx_hal.o
                0x000000000800197c                HAL_IncTick
 .text.HAL_GetTick
                0x00000000080019a4       0x18 ./Drivers/STM32F4xx_HAL_Driver/Src/stm32f4xx_hal.o
                0x00000000080019a4                HAL_GetTick
 .text.HAL_Delay
                0x00000000080019bc       0x48 ./Drivers/STM32F4xx_HAL_Driver/Src/stm32f4xx_hal.o
                0x00000000080019bc                HAL_Delay
 .text.__NVIC_SetPriorityGrouping
                0x0000000008001a04       0x48 ./Drivers/STM32F4xx_HAL_Driver/Src/stm32f4xx_hal_cortex.o
 .text.__NVIC_GetPriorityGrouping
                0x0000000008001a4c       0x1c ./Drivers/STM32F4xx_HAL_Driver/Src/stm32f4xx_hal_cortex.o
 .text.__NVIC_EnableIRQ
                0x0000000008001a68       0x3c ./Drivers/STM32F4xx_HAL_Driver/Src/stm32f4xx_hal_cortex.o
 .text.__NVIC_SetPriority
                0x0000000008001aa4       0x54 ./Drivers/STM32F4xx_HAL_Driver/Src/stm32f4xx_hal_cortex.o
 .text.NVIC_EncodePriority
                0x0000000008001af8       0x66 ./Drivers/STM32F4xx_HAL_Driver/Src/stm32f4xx_hal_cortex.o
 .text.HAL_NVIC_SetPriorityGrouping
                0x0000000008001b5e       0x16 ./Drivers/STM32F4xx_HAL_Driver/Src/stm32f4xx_hal_cortex.o
                0x0000000008001b5e                HAL_NVIC_SetPriorityGrouping
 .text.HAL_NVIC_SetPriority
                0x0000000008001b74       0x38 ./Drivers/STM32F4xx_HAL_Driver/Src/stm32f4xx_hal_cortex.o
                0x0000000008001b74                HAL_NVIC_SetPriority
 .text.HAL_NVIC_EnableIRQ
                0x0000000008001bac       0x1c ./Drivers/STM32F4xx_HAL_Driver/Src/stm32f4xx_hal_cortex.o
                0x0000000008001bac                HAL_NVIC_EnableIRQ
 .text.HAL_GPIO_Init
                0x0000000008001bc8      0x308 ./Drivers/STM32F4xx_HAL_Driver/Src/stm32f4xx_hal_gpio.o
                0x0000000008001bc8                HAL_GPIO_Init
 .text.HAL_GPIO_ReadPin
                0x0000000008001ed0       0x30 ./Drivers/STM32F4xx_HAL_Driver/Src/stm32f4xx_hal_gpio.o
                0x0000000008001ed0                HAL_GPIO_ReadPin
 .text.HAL_GPIO_WritePin
                0x0000000008001f00       0x32 ./Drivers/STM32F4xx_HAL_Driver/Src/stm32f4xx_hal_gpio.o
                0x0000000008001f00                HAL_GPIO_WritePin
 *fill*         0x0000000008001f32        0x2 
 .text.HAL_GPIO_EXTI_IRQHandler
                0x0000000008001f34       0x30 ./Drivers/STM32F4xx_HAL_Driver/Src/stm32f4xx_hal_gpio.o
                0x0000000008001f34                HAL_GPIO_EXTI_IRQHandler
 .text.HAL_RCC_OscConfig
                0x0000000008001f64      0x4e0 ./Drivers/STM32F4xx_HAL_Driver/Src/stm32f4xx_hal_rcc.o
                0x0000000008001f64                HAL_RCC_OscConfig
 .text.HAL_RCC_ClockConfig
                0x0000000008002444      0x1cc ./Drivers/STM32F4xx_HAL_Driver/Src/stm32f4xx_hal_rcc.o
                0x0000000008002444                HAL_RCC_ClockConfig
 .text.HAL_RCC_GetSysClockFreq
                0x0000000008002610      0x16c ./Drivers/STM32F4xx_HAL_Driver/Src/stm32f4xx_hal_rcc.o
                0x0000000008002610                HAL_RCC_GetSysClockFreq
 .text.HAL_RCC_GetHCLKFreq
                0x000000000800277c       0x18 ./Drivers/STM32F4xx_HAL_Driver/Src/stm32f4xx_hal_rcc.o
                0x000000000800277c                HAL_RCC_GetHCLKFreq
 .text.HAL_RCC_GetPCLK2Freq
                0x0000000008002794       0x28 ./Drivers/STM32F4xx_HAL_Driver/Src/stm32f4xx_hal_rcc.o
                0x0000000008002794                HAL_RCC_GetPCLK2Freq
 .text.HAL_RCC_GetClockConfig
                0x00000000080027bc       0x64 ./Drivers/STM32F4xx_HAL_Driver/Src/stm32f4xx_hal_rcc.o
                0x00000000080027bc                HAL_RCC_GetClockConfig
 .text.HAL_TIM_Base_Init
                0x0000000008002820       0x56 ./Drivers/STM32F4xx_HAL_Driver/Src/stm32f4xx_hal_tim.o
                0x0000000008002820                HAL_TIM_Base_Init
 .text.HAL_TIM_Base_MspInit
                0x0000000008002876       0x14 ./Drivers/STM32F4xx_HAL_Driver/Src/stm32f4xx_hal_tim.o
                0x0000000008002876                HAL_TIM_Base_MspInit
 .text.HAL_TIM_Base_Start_IT
                0x000000000800288a       0x48 ./Drivers/STM32F4xx_HAL_Driver/Src/stm32f4xx_hal_tim.o
                0x000000000800288a                HAL_TIM_Base_Start_IT
 .text.HAL_TIM_IRQHandler
                0x00000000080028d2      0x210 ./Drivers/STM32F4xx_HAL_Driver/Src/stm32f4xx_hal_tim.o
                0x00000000080028d2                HAL_TIM_IRQHandler
 .text.HAL_TIM_OC_DelayElapsedCallback
                0x0000000008002ae2       0x14 ./Drivers/STM32F4xx_HAL_Driver/Src/stm32f4xx_hal_tim.o
                0x0000000008002ae2                HAL_TIM_OC_DelayElapsedCallback
 .text.HAL_TIM_IC_CaptureCallback
                0x0000000008002af6       0x14 ./Drivers/STM32F4xx_HAL_Driver/Src/stm32f4xx_hal_tim.o
                0x0000000008002af6                HAL_TIM_IC_CaptureCallback
 .text.HAL_TIM_PWM_PulseFinishedCallback
                0x0000000008002b0a       0x14 ./Drivers/STM32F4xx_HAL_Driver/Src/stm32f4xx_hal_tim.o
                0x0000000008002b0a                HAL_TIM_PWM_PulseFinishedCallback
 .text.HAL_TIM_TriggerCallback
                0x0000000008002b1e       0x14 ./Drivers/STM32F4xx_HAL_Driver/Src/stm32f4xx_hal_tim.o
                0x0000000008002b1e                HAL_TIM_TriggerCallback
 *fill*         0x0000000008002b32        0x2 
 .text.TIM_Base_SetConfig
                0x0000000008002b34      0x100 ./Drivers/STM32F4xx_HAL_Driver/Src/stm32f4xx_hal_tim.o
                0x0000000008002b34                TIM_Base_SetConfig
 .text.HAL_TIMEx_CommutCallback
                0x0000000008002c34       0x14 ./Drivers/STM32F4xx_HAL_Driver/Src/stm32f4xx_hal_tim_ex.o
                0x0000000008002c34                HAL_TIMEx_CommutCallback
 .text.HAL_TIMEx_BreakCallback
                0x0000000008002c48       0x14 ./Drivers/STM32F4xx_HAL_Driver/Src/stm32f4xx_hal_tim_ex.o
                0x0000000008002c48                HAL_TIMEx_BreakCallback
 .text.findslot
                0x0000000008002c5c       0x34 e:/stm/stm32cubeide_1.6.1/stm32cubeide/plugins/com.st.stm32cube.ide.mcu.externaltools.gnu-tools-for-stm32.9-2020-q2-update.win32_2.0.0.202105311346/tools/bin/../lib/gcc/arm-none-eabi/9.3.1/../../../../arm-none-eabi/lib/thumb/v7e-m+fp/hard\librdimon_nano.a(rdimon-syscalls.o)
 .text.checkerror
                0x0000000008002c90       0x20 e:/stm/stm32cubeide_1.6.1/stm32cubeide/plugins/com.st.stm32cube.ide.mcu.externaltools.gnu-tools-for-stm32.9-2020-q2-update.win32_2.0.0.202105311346/tools/bin/../lib/gcc/arm-none-eabi/9.3.1/../../../../arm-none-eabi/lib/thumb/v7e-m+fp/hard\librdimon_nano.a(rdimon-syscalls.o)
 .text.error    0x0000000008002cb0       0x1c e:/stm/stm32cubeide_1.6.1/stm32cubeide/plugins/com.st.stm32cube.ide.mcu.externaltools.gnu-tools-for-stm32.9-2020-q2-update.win32_2.0.0.202105311346/tools/bin/../lib/gcc/arm-none-eabi/9.3.1/../../../../arm-none-eabi/lib/thumb/v7e-m+fp/hard\librdimon_nano.a(rdimon-syscalls.o)
 .text._swiread
                0x0000000008002ccc       0x20 e:/stm/stm32cubeide_1.6.1/stm32cubeide/plugins/com.st.stm32cube.ide.mcu.externaltools.gnu-tools-for-stm32.9-2020-q2-update.win32_2.0.0.202105311346/tools/bin/../lib/gcc/arm-none-eabi/9.3.1/../../../../arm-none-eabi/lib/thumb/v7e-m+fp/hard\librdimon_nano.a(rdimon-syscalls.o)
                0x0000000008002ccc                _swiread
 .text._read    0x0000000008002cec       0x38 e:/stm/stm32cubeide_1.6.1/stm32cubeide/plugins/com.st.stm32cube.ide.mcu.externaltools.gnu-tools-for-stm32.9-2020-q2-update.win32_2.0.0.202105311346/tools/bin/../lib/gcc/arm-none-eabi/9.3.1/../../../../arm-none-eabi/lib/thumb/v7e-m+fp/hard\librdimon_nano.a(rdimon-syscalls.o)
                0x0000000008002cec                _read
 .text._swilseek
                0x0000000008002d24       0x78 e:/stm/stm32cubeide_1.6.1/stm32cubeide/plugins/com.st.stm32cube.ide.mcu.externaltools.gnu-tools-for-stm32.9-2020-q2-update.win32_2.0.0.202105311346/tools/bin/../lib/gcc/arm-none-eabi/9.3.1/../../../../arm-none-eabi/lib/thumb/v7e-m+fp/hard\librdimon_nano.a(rdimon-syscalls.o)
                0x0000000008002d24                _swilseek
 .text._lseek   0x0000000008002d9c        0x4 e:/stm/stm32cubeide_1.6.1/stm32cubeide/plugins/com.st.stm32cube.ide.mcu.externaltools.gnu-tools-for-stm32.9-2020-q2-update.win32_2.0.0.202105311346/tools/bin/../lib/gcc/arm-none-eabi/9.3.1/../../../../arm-none-eabi/lib/thumb/v7e-m+fp/hard\librdimon_nano.a(rdimon-syscalls.o)
                0x0000000008002d9c                _lseek
 .text._swiwrite
                0x0000000008002da0       0x20 e:/stm/stm32cubeide_1.6.1/stm32cubeide/plugins/com.st.stm32cube.ide.mcu.externaltools.gnu-tools-for-stm32.9-2020-q2-update.win32_2.0.0.202105311346/tools/bin/../lib/gcc/arm-none-eabi/9.3.1/../../../../arm-none-eabi/lib/thumb/v7e-m+fp/hard\librdimon_nano.a(rdimon-syscalls.o)
                0x0000000008002da0                _swiwrite
 .text._write   0x0000000008002dc0       0x48 e:/stm/stm32cubeide_1.6.1/stm32cubeide/plugins/com.st.stm32cube.ide.mcu.externaltools.gnu-tools-for-stm32.9-2020-q2-update.win32_2.0.0.202105311346/tools/bin/../lib/gcc/arm-none-eabi/9.3.1/../../../../arm-none-eabi/lib/thumb/v7e-m+fp/hard\librdimon_nano.a(rdimon-syscalls.o)
                0x0000000008002dc0                _write
 .text._swiclose
                0x0000000008002e08       0x1a e:/stm/stm32cubeide_1.6.1/stm32cubeide/plugins/com.st.stm32cube.ide.mcu.externaltools.gnu-tools-for-stm32.9-2020-q2-update.win32_2.0.0.202105311346/tools/bin/../lib/gcc/arm-none-eabi/9.3.1/../../../../arm-none-eabi/lib/thumb/v7e-m+fp/hard\librdimon_nano.a(rdimon-syscalls.o)
                0x0000000008002e08                _swiclose
 *fill*         0x0000000008002e22        0x2 
 .text._close   0x0000000008002e24       0x4c e:/stm/stm32cubeide_1.6.1/stm32cubeide/plugins/com.st.stm32cube.ide.mcu.externaltools.gnu-tools-for-stm32.9-2020-q2-update.win32_2.0.0.202105311346/tools/bin/../lib/gcc/arm-none-eabi/9.3.1/../../../../arm-none-eabi/lib/thumb/v7e-m+fp/hard\librdimon_nano.a(rdimon-syscalls.o)
                0x0000000008002e24                _close
 .text._swistat
                0x0000000008002e70       0x42 e:/stm/stm32cubeide_1.6.1/stm32cubeide/plugins/com.st.stm32cube.ide.mcu.externaltools.gnu-tools-for-stm32.9-2020-q2-update.win32_2.0.0.202105311346/tools/bin/../lib/gcc/arm-none-eabi/9.3.1/../../../../arm-none-eabi/lib/thumb/v7e-m+fp/hard\librdimon_nano.a(rdimon-syscalls.o)
                0x0000000008002e70                _swistat
 .text._stat    0x0000000008002eb2       0x3a e:/stm/stm32cubeide_1.6.1/stm32cubeide/plugins/com.st.stm32cube.ide.mcu.externaltools.gnu-tools-for-stm32.9-2020-q2-update.win32_2.0.0.202105311346/tools/bin/../lib/gcc/arm-none-eabi/9.3.1/../../../../arm-none-eabi/lib/thumb/v7e-m+fp/hard\librdimon_nano.a(rdimon-syscalls.o)
                0x0000000008002eb2                _stat
 .text._swiopen
                0x0000000008002eec       0xb4 e:/stm/stm32cubeide_1.6.1/stm32cubeide/plugins/com.st.stm32cube.ide.mcu.externaltools.gnu-tools-for-stm32.9-2020-q2-update.win32_2.0.0.202105311346/tools/bin/../lib/gcc/arm-none-eabi/9.3.1/../../../../arm-none-eabi/lib/thumb/v7e-m+fp/hard\librdimon_nano.a(rdimon-syscalls.o)
                0x0000000008002eec                _swiopen
 .text._get_semihosting_exts
                0x0000000008002fa0       0xb8 e:/stm/stm32cubeide_1.6.1/stm32cubeide/plugins/com.st.stm32cube.ide.mcu.externaltools.gnu-tools-for-stm32.9-2020-q2-update.win32_2.0.0.202105311346/tools/bin/../lib/gcc/arm-none-eabi/9.3.1/../../../../arm-none-eabi/lib/thumb/v7e-m+fp/hard\librdimon_nano.a(rdimon-syscalls.o)
                0x0000000008002fa0                _get_semihosting_exts
 .text.initialise_semihosting_exts
                0x0000000008003058       0x34 e:/stm/stm32cubeide_1.6.1/stm32cubeide/plugins/com.st.stm32cube.ide.mcu.externaltools.gnu-tools-for-stm32.9-2020-q2-update.win32_2.0.0.202105311346/tools/bin/../lib/gcc/arm-none-eabi/9.3.1/../../../../arm-none-eabi/lib/thumb/v7e-m+fp/hard\librdimon_nano.a(rdimon-syscalls.o)
 .text._has_ext_stdout_stderr
                0x000000000800308c       0x18 e:/stm/stm32cubeide_1.6.1/stm32cubeide/plugins/com.st.stm32cube.ide.mcu.externaltools.gnu-tools-for-stm32.9-2020-q2-update.win32_2.0.0.202105311346/tools/bin/../lib/gcc/arm-none-eabi/9.3.1/../../../../arm-none-eabi/lib/thumb/v7e-m+fp/hard\librdimon_nano.a(rdimon-syscalls.o)
                0x000000000800308c                _has_ext_stdout_stderr
 .text.initialise_monitor_handles
                0x00000000080030a4       0xbc e:/stm/stm32cubeide_1.6.1/stm32cubeide/plugins/com.st.stm32cube.ide.mcu.externaltools.gnu-tools-for-stm32.9-2020-q2-update.win32_2.0.0.202105311346/tools/bin/../lib/gcc/arm-none-eabi/9.3.1/../../../../arm-none-eabi/lib/thumb/v7e-m+fp/hard\librdimon_nano.a(rdimon-syscalls.o)
                0x00000000080030a4                initialise_monitor_handles
 .text.xQueueGenericReset
                0x0000000008003160       0xd0 E:\STM\workspace\LibFreeRtos_2020104\Debug\libLibFreeRtos_2020104.a(queue.o)
                0x0000000008003160                xQueueGenericReset
 .text.xQueueGenericCreate
                0x0000000008003230       0xc6 E:\STM\workspace\LibFreeRtos_2020104\Debug\libLibFreeRtos_2020104.a(queue.o)
                0x0000000008003230                xQueueGenericCreate
 .text.prvInitialiseNewQueue
                0x00000000080032f6       0x3e E:\STM\workspace\LibFreeRtos_2020104\Debug\libLibFreeRtos_2020104.a(queue.o)
 .text.xQueueGenericSend
                0x0000000008003334      0x1fc E:\STM\workspace\LibFreeRtos_2020104\Debug\libLibFreeRtos_2020104.a(queue.o)
                0x0000000008003334                xQueueGenericSend
 .text.xQueueGiveFromISR
                0x0000000008003530      0x138 E:\STM\workspace\LibFreeRtos_2020104\Debug\libLibFreeRtos_2020104.a(queue.o)
                0x0000000008003530                xQueueGiveFromISR
 .text.xQueueReceive
                0x0000000008003668      0x1c0 E:\STM\workspace\LibFreeRtos_2020104\Debug\libLibFreeRtos_2020104.a(queue.o)
                0x0000000008003668                xQueueReceive
 .text.xQueueSemaphoreTake
                0x0000000008003828      0x218 E:\STM\workspace\LibFreeRtos_2020104\Debug\libLibFreeRtos_2020104.a(queue.o)
                0x0000000008003828                xQueueSemaphoreTake
 .text.prvGetDisinheritPriorityAfterTimeout
                0x0000000008003a40       0x30 E:\STM\workspace\LibFreeRtos_2020104\Debug\libLibFreeRtos_2020104.a(queue.o)
 .text.prvCopyDataToQueue
                0x0000000008003a70       0xd4 E:\STM\workspace\LibFreeRtos_2020104\Debug\libLibFreeRtos_2020104.a(queue.o)
 .text.prvCopyDataFromQueue
                0x0000000008003b44       0x4c E:\STM\workspace\LibFreeRtos_2020104\Debug\libLibFreeRtos_2020104.a(queue.o)
 .text.prvUnlockQueue
                0x0000000008003b90       0xa4 E:\STM\workspace\LibFreeRtos_2020104\Debug\libLibFreeRtos_2020104.a(queue.o)
 .text.prvIsQueueEmpty
                0x0000000008003c34       0x2c E:\STM\workspace\LibFreeRtos_2020104\Debug\libLibFreeRtos_2020104.a(queue.o)
 .text.prvIsQueueFull
                0x0000000008003c60       0x30 E:\STM\workspace\LibFreeRtos_2020104\Debug\libLibFreeRtos_2020104.a(queue.o)
 .text.xTaskCreateStatic
                0x0000000008003c90       0xba E:\STM\workspace\LibFreeRtos_2020104\Debug\libLibFreeRtos_2020104.a(tasks.o)
                0x0000000008003c90                xTaskCreateStatic
 .text.xTaskCreate
                0x0000000008003d4a       0x8a E:\STM\workspace\LibFreeRtos_2020104\Debug\libLibFreeRtos_2020104.a(tasks.o)
                0x0000000008003d4a                xTaskCreate
 .text.prvInitialiseNewTask
                0x0000000008003dd4      0x11c E:\STM\workspace\LibFreeRtos_2020104\Debug\libLibFreeRtos_2020104.a(tasks.o)
 .text.prvAddNewTaskToReadyList
                0x0000000008003ef0       0xd4 E:\STM\workspace\LibFreeRtos_2020104\Debug\libLibFreeRtos_2020104.a(tasks.o)
 .text.vTaskDelay
                0x0000000008003fc4       0x68 E:\STM\workspace\LibFreeRtos_2020104\Debug\libLibFreeRtos_2020104.a(tasks.o)
                0x0000000008003fc4                vTaskDelay
 .text.vTaskSuspend
                0x000000000800402c      0x140 E:\STM\workspace\LibFreeRtos_2020104\Debug\libLibFreeRtos_2020104.a(tasks.o)
                0x000000000800402c                vTaskSuspend
 .text.prvTaskIsTaskSuspended
                0x000000000800416c       0x64 E:\STM\workspace\LibFreeRtos_2020104\Debug\libLibFreeRtos_2020104.a(tasks.o)
 .text.vTaskResume
                0x00000000080041d0       0xbc E:\STM\workspace\LibFreeRtos_2020104\Debug\libLibFreeRtos_2020104.a(tasks.o)
                0x00000000080041d0                vTaskResume
 .text.vTaskStartScheduler
                0x000000000800428c       0xc8 E:\STM\workspace\LibFreeRtos_2020104\Debug\libLibFreeRtos_2020104.a(tasks.o)
                0x000000000800428c                vTaskStartScheduler
 .text.vTaskSuspendAll
                0x0000000008004354       0x1c E:\STM\workspace\LibFreeRtos_2020104\Debug\libLibFreeRtos_2020104.a(tasks.o)
                0x0000000008004354                vTaskSuspendAll
 .text.xTaskResumeAll
                0x0000000008004370      0x138 E:\STM\workspace\LibFreeRtos_2020104\Debug\libLibFreeRtos_2020104.a(tasks.o)
                0x0000000008004370                xTaskResumeAll
 .text.xTaskIncrementTick
                0x00000000080044a8      0x170 E:\STM\workspace\LibFreeRtos_2020104\Debug\libLibFreeRtos_2020104.a(tasks.o)
                0x00000000080044a8                xTaskIncrementTick
 .text.vTaskSwitchContext
                0x0000000008004618       0xb8 E:\STM\workspace\LibFreeRtos_2020104\Debug\libLibFreeRtos_2020104.a(tasks.o)
                0x0000000008004618                vTaskSwitchContext
 .text.vTaskPlaceOnEventList
                0x00000000080046d0       0x48 E:\STM\workspace\LibFreeRtos_2020104\Debug\libLibFreeRtos_2020104.a(tasks.o)
                0x00000000080046d0                vTaskPlaceOnEventList
 .text.xTaskRemoveFromEventList
                0x0000000008004718       0xc4 E:\STM\workspace\LibFreeRtos_2020104\Debug\libLibFreeRtos_2020104.a(tasks.o)
                0x0000000008004718                xTaskRemoveFromEventList
 .text.vTaskInternalSetTimeOutState
                0x00000000080047dc       0x2c E:\STM\workspace\LibFreeRtos_2020104\Debug\libLibFreeRtos_2020104.a(tasks.o)
                0x00000000080047dc                vTaskInternalSetTimeOutState
 .text.xTaskCheckForTimeOut
                0x0000000008004808       0xcc E:\STM\workspace\LibFreeRtos_2020104\Debug\libLibFreeRtos_2020104.a(tasks.o)
                0x0000000008004808                xTaskCheckForTimeOut
 .text.vTaskMissedYield
                0x00000000080048d4       0x18 E:\STM\workspace\LibFreeRtos_2020104\Debug\libLibFreeRtos_2020104.a(tasks.o)
                0x00000000080048d4                vTaskMissedYield
 .text.prvIdleTask
                0x00000000080048ec       0x30 E:\STM\workspace\LibFreeRtos_2020104\Debug\libLibFreeRtos_2020104.a(tasks.o)
 .text.prvInitialiseTaskLists
                0x000000000800491c       0x80 E:\STM\workspace\LibFreeRtos_2020104\Debug\libLibFreeRtos_2020104.a(tasks.o)
 .text.prvCheckTasksWaitingTermination
                0x000000000800499c       0x5c E:\STM\workspace\LibFreeRtos_2020104\Debug\libLibFreeRtos_2020104.a(tasks.o)
 .text.prvDeleteTCB
                0x00000000080049f8       0x5e E:\STM\workspace\LibFreeRtos_2020104\Debug\libLibFreeRtos_2020104.a(tasks.o)
 *fill*         0x0000000008004a56        0x2 
 .text.prvResetNextTaskUnblockTime
                0x0000000008004a58       0x38 E:\STM\workspace\LibFreeRtos_2020104\Debug\libLibFreeRtos_2020104.a(tasks.o)
 .text.xTaskGetSchedulerState
                0x0000000008004a90       0x3c E:\STM\workspace\LibFreeRtos_2020104\Debug\libLibFreeRtos_2020104.a(tasks.o)
                0x0000000008004a90                xTaskGetSchedulerState
 .text.xTaskPriorityInherit
                0x0000000008004acc       0xec E:\STM\workspace\LibFreeRtos_2020104\Debug\libLibFreeRtos_2020104.a(tasks.o)
                0x0000000008004acc                xTaskPriorityInherit
 .text.xTaskPriorityDisinherit
                0x0000000008004bb8       0xf4 E:\STM\workspace\LibFreeRtos_2020104\Debug\libLibFreeRtos_2020104.a(tasks.o)
                0x0000000008004bb8                xTaskPriorityDisinherit
 .text.vTaskPriorityDisinheritAfterTimeout
                0x0000000008004cac      0x11c E:\STM\workspace\LibFreeRtos_2020104\Debug\libLibFreeRtos_2020104.a(tasks.o)
                0x0000000008004cac                vTaskPriorityDisinheritAfterTimeout
 .text.pvTaskIncrementMutexHeldCount
                0x0000000008004dc8       0x28 E:\STM\workspace\LibFreeRtos_2020104\Debug\libLibFreeRtos_2020104.a(tasks.o)
                0x0000000008004dc8                pvTaskIncrementMutexHeldCount
 .text.prvAddCurrentTaskToDelayedList
                0x0000000008004df0       0xcc E:\STM\workspace\LibFreeRtos_2020104\Debug\libLibFreeRtos_2020104.a(tasks.o)
 .text.pxPortInitialiseStack
                0x0000000008004ebc       0x68 E:\STM\workspace\LibFreeRtos_2020104\Debug\libLibFreeRtos_2020104.a(port.o)
                0x0000000008004ebc                pxPortInitialiseStack
 .text.prvTaskExitError
                0x0000000008004f24       0x58 E:\STM\workspace\LibFreeRtos_2020104\Debug\libLibFreeRtos_2020104.a(port.o)
 *fill*         0x0000000008004f7c        0x4 
 .text.SVC_Handler
                0x0000000008004f80       0x28 E:\STM\workspace\LibFreeRtos_2020104\Debug\libLibFreeRtos_2020104.a(port.o)
                0x0000000008004f80                SVC_Handler
 .text.prvPortStartFirstTask
                0x0000000008004fa8       0x28 E:\STM\workspace\LibFreeRtos_2020104\Debug\libLibFreeRtos_2020104.a(port.o)
 .text.xPortStartScheduler
                0x0000000008004fd0      0x144 E:\STM\workspace\LibFreeRtos_2020104\Debug\libLibFreeRtos_2020104.a(port.o)
                0x0000000008004fd0                xPortStartScheduler
 .text.vPortEnterCritical
                0x0000000008005114       0x60 E:\STM\workspace\LibFreeRtos_2020104\Debug\libLibFreeRtos_2020104.a(port.o)
                0x0000000008005114                vPortEnterCritical
 .text.vPortExitCritical
                0x0000000008005174       0x54 E:\STM\workspace\LibFreeRtos_2020104\Debug\libLibFreeRtos_2020104.a(port.o)
                0x0000000008005174                vPortExitCritical
 *fill*         0x00000000080051c8        0x8 
 .text.PendSV_Handler
                0x00000000080051d0       0x68 E:\STM\workspace\LibFreeRtos_2020104\Debug\libLibFreeRtos_2020104.a(port.o)
                0x00000000080051d0                PendSV_Handler
 .text.SysTick_Handler
                0x0000000008005238       0x44 E:\STM\workspace\LibFreeRtos_2020104\Debug\libLibFreeRtos_2020104.a(port.o)
                0x0000000008005238                SysTick_Handler
 .text.vPortSetupTimerInterrupt
                0x000000000800527c       0x48 E:\STM\workspace\LibFreeRtos_2020104\Debug\libLibFreeRtos_2020104.a(port.o)
                0x000000000800527c                vPortSetupTimerInterrupt
 .text.vPortEnableVFP
                0x00000000080052c4       0x14 E:\STM\workspace\LibFreeRtos_2020104\Debug\libLibFreeRtos_2020104.a(port.o)
 .text.vPortValidateInterruptPriority
                0x00000000080052d8       0x80 E:\STM\workspace\LibFreeRtos_2020104\Debug\libLibFreeRtos_2020104.a(port.o)
                0x00000000080052d8                vPortValidateInterruptPriority
 .text.pvPortMalloc
                0x0000000008005358      0x188 E:\STM\workspace\LibFreeRtos_2020104\Debug\libLibFreeRtos_2020104.a(heap_4.o)
                0x0000000008005358                pvPortMalloc
 .text.vPortFree
                0x00000000080054e0       0xb4 E:\STM\workspace\LibFreeRtos_2020104\Debug\libLibFreeRtos_2020104.a(heap_4.o)
                0x00000000080054e0                vPortFree
 .text.prvHeapInit
                0x0000000008005594       0xc4 E:\STM\workspace\LibFreeRtos_2020104\Debug\libLibFreeRtos_2020104.a(heap_4.o)
 .text.prvInsertBlockIntoFreeList
                0x0000000008005658       0xb4 E:\STM\workspace\LibFreeRtos_2020104\Debug\libLibFreeRtos_2020104.a(heap_4.o)
 .text.vListInitialise
                0x000000000800570c       0x40 E:\STM\workspace\LibFreeRtos_2020104\Debug\libLibFreeRtos_2020104.a(list.o)
                0x000000000800570c                vListInitialise
 .text.vListInitialiseItem
                0x000000000800574c       0x1a E:\STM\workspace\LibFreeRtos_2020104\Debug\libLibFreeRtos_2020104.a(list.o)
                0x000000000800574c                vListInitialiseItem
 .text.vListInsertEnd
                0x0000000008005766       0x48 E:\STM\workspace\LibFreeRtos_2020104\Debug\libLibFreeRtos_2020104.a(list.o)
                0x0000000008005766                vListInsertEnd
 .text.vListInsert
                0x00000000080057ae       0x72 E:\STM\workspace\LibFreeRtos_2020104\Debug\libLibFreeRtos_2020104.a(list.o)
                0x00000000080057ae                vListInsert
 .text.uxListRemove
                0x0000000008005820       0x54 E:\STM\workspace\LibFreeRtos_2020104\Debug\libLibFreeRtos_2020104.a(list.o)
                0x0000000008005820                uxListRemove
 .text.__errno  0x0000000008005874        0xc e:/stm/stm32cubeide_1.6.1/stm32cubeide/plugins/com.st.stm32cube.ide.mcu.externaltools.gnu-tools-for-stm32.9-2020-q2-update.win32_2.0.0.202105311346/tools/bin/../lib/gcc/arm-none-eabi/9.3.1/../../../../arm-none-eabi/lib/thumb/v7e-m+fp/hard\libc_nano.a(lib_a-errno.o)
                0x0000000008005874                __errno
 .text.std      0x0000000008005880       0x48 e:/stm/stm32cubeide_1.6.1/stm32cubeide/plugins/com.st.stm32cube.ide.mcu.externaltools.gnu-tools-for-stm32.9-2020-q2-update.win32_2.0.0.202105311346/tools/bin/../lib/gcc/arm-none-eabi/9.3.1/../../../../arm-none-eabi/lib/thumb/v7e-m+fp/hard\libc_nano.a(lib_a-findfp.o)
 .text._cleanup_r
                0x00000000080058c8        0xc e:/stm/stm32cubeide_1.6.1/stm32cubeide/plugins/com.st.stm32cube.ide.mcu.externaltools.gnu-tools-for-stm32.9-2020-q2-update.win32_2.0.0.202105311346/tools/bin/../lib/gcc/arm-none-eabi/9.3.1/../../../../arm-none-eabi/lib/thumb/v7e-m+fp/hard\libc_nano.a(lib_a-findfp.o)
                0x00000000080058c8                _cleanup_r
 .text.__sfmoreglue
                0x00000000080058d4       0x2c e:/stm/stm32cubeide_1.6.1/stm32cubeide/plugins/com.st.stm32cube.ide.mcu.externaltools.gnu-tools-for-stm32.9-2020-q2-update.win32_2.0.0.202105311346/tools/bin/../lib/gcc/arm-none-eabi/9.3.1/../../../../arm-none-eabi/lib/thumb/v7e-m+fp/hard\libc_nano.a(lib_a-findfp.o)
                0x00000000080058d4                __sfmoreglue
 .text.__sfp_lock_acquire
                0x0000000008005900        0xc e:/stm/stm32cubeide_1.6.1/stm32cubeide/plugins/com.st.stm32cube.ide.mcu.externaltools.gnu-tools-for-stm32.9-2020-q2-update.win32_2.0.0.202105311346/tools/bin/../lib/gcc/arm-none-eabi/9.3.1/../../../../arm-none-eabi/lib/thumb/v7e-m+fp/hard\libc_nano.a(lib_a-findfp.o)
                0x0000000008005900                __sfp_lock_acquire
 .text.__sfp_lock_release
                0x000000000800590c        0xc e:/stm/stm32cubeide_1.6.1/stm32cubeide/plugins/com.st.stm32cube.ide.mcu.externaltools.gnu-tools-for-stm32.9-2020-q2-update.win32_2.0.0.202105311346/tools/bin/../lib/gcc/arm-none-eabi/9.3.1/../../../../arm-none-eabi/lib/thumb/v7e-m+fp/hard\libc_nano.a(lib_a-findfp.o)
                0x000000000800590c                __sfp_lock_release
 .text.__sinit_lock_acquire
                0x0000000008005918        0xc e:/stm/stm32cubeide_1.6.1/stm32cubeide/plugins/com.st.stm32cube.ide.mcu.externaltools.gnu-tools-for-stm32.9-2020-q2-update.win32_2.0.0.202105311346/tools/bin/../lib/gcc/arm-none-eabi/9.3.1/../../../../arm-none-eabi/lib/thumb/v7e-m+fp/hard\libc_nano.a(lib_a-findfp.o)
                0x0000000008005918                __sinit_lock_acquire
 .text.__sinit_lock_release
                0x0000000008005924        0xc e:/stm/stm32cubeide_1.6.1/stm32cubeide/plugins/com.st.stm32cube.ide.mcu.externaltools.gnu-tools-for-stm32.9-2020-q2-update.win32_2.0.0.202105311346/tools/bin/../lib/gcc/arm-none-eabi/9.3.1/../../../../arm-none-eabi/lib/thumb/v7e-m+fp/hard\libc_nano.a(lib_a-findfp.o)
                0x0000000008005924                __sinit_lock_release
 .text.__sinit  0x0000000008005930       0x70 e:/stm/stm32cubeide_1.6.1/stm32cubeide/plugins/com.st.stm32cube.ide.mcu.externaltools.gnu-tools-for-stm32.9-2020-q2-update.win32_2.0.0.202105311346/tools/bin/../lib/gcc/arm-none-eabi/9.3.1/../../../../arm-none-eabi/lib/thumb/v7e-m+fp/hard\libc_nano.a(lib_a-findfp.o)
                0x0000000008005930                __sinit
 .text.__sfp    0x00000000080059a0       0x8c e:/stm/stm32cubeide_1.6.1/stm32cubeide/plugins/com.st.stm32cube.ide.mcu.externaltools.gnu-tools-for-stm32.9-2020-q2-update.win32_2.0.0.202105311346/tools/bin/../lib/gcc/arm-none-eabi/9.3.1/../../../../arm-none-eabi/lib/thumb/v7e-m+fp/hard\libc_nano.a(lib_a-findfp.o)
                0x00000000080059a0                __sfp
 .text._fwalk_reent
                0x0000000008005a2c       0x3e e:/stm/stm32cubeide_1.6.1/stm32cubeide/plugins/com.st.stm32cube.ide.mcu.externaltools.gnu-tools-for-stm32.9-2020-q2-update.win32_2.0.0.202105311346/tools/bin/../lib/gcc/arm-none-eabi/9.3.1/../../../../arm-none-eabi/lib/thumb/v7e-m+fp/hard\libc_nano.a(lib_a-fwalk.o)
                0x0000000008005a2c                _fwalk_reent
 *fill*         0x0000000008005a6a        0x2 
 .text.__libc_init_array
                0x0000000008005a6c       0x48 e:/stm/stm32cubeide_1.6.1/stm32cubeide/plugins/com.st.stm32cube.ide.mcu.externaltools.gnu-tools-for-stm32.9-2020-q2-update.win32_2.0.0.202105311346/tools/bin/../lib/gcc/arm-none-eabi/9.3.1/../../../../arm-none-eabi/lib/thumb/v7e-m+fp/hard\libc_nano.a(lib_a-init.o)
                0x0000000008005a6c                __libc_init_array
 .text.__retarget_lock_init_recursive
                0x0000000008005ab4        0x2 e:/stm/stm32cubeide_1.6.1/stm32cubeide/plugins/com.st.stm32cube.ide.mcu.externaltools.gnu-tools-for-stm32.9-2020-q2-update.win32_2.0.0.202105311346/tools/bin/../lib/gcc/arm-none-eabi/9.3.1/../../../../arm-none-eabi/lib/thumb/v7e-m+fp/hard\libc_nano.a(lib_a-lock.o)
                0x0000000008005ab4                __retarget_lock_init_recursive
 .text.__retarget_lock_acquire_recursive
                0x0000000008005ab6        0x2 e:/stm/stm32cubeide_1.6.1/stm32cubeide/plugins/com.st.stm32cube.ide.mcu.externaltools.gnu-tools-for-stm32.9-2020-q2-update.win32_2.0.0.202105311346/tools/bin/../lib/gcc/arm-none-eabi/9.3.1/../../../../arm-none-eabi/lib/thumb/v7e-m+fp/hard\libc_nano.a(lib_a-lock.o)
                0x0000000008005ab6                __retarget_lock_acquire_recursive
 .text.__retarget_lock_release_recursive
                0x0000000008005ab8        0x2 e:/stm/stm32cubeide_1.6.1/stm32cubeide/plugins/com.st.stm32cube.ide.mcu.externaltools.gnu-tools-for-stm32.9-2020-q2-update.win32_2.0.0.202105311346/tools/bin/../lib/gcc/arm-none-eabi/9.3.1/../../../../arm-none-eabi/lib/thumb/v7e-m+fp/hard\libc_nano.a(lib_a-lock.o)
                0x0000000008005ab8                __retarget_lock_release_recursive
 .text.memcpy   0x0000000008005aba       0x1c e:/stm/stm32cubeide_1.6.1/stm32cubeide/plugins/com.st.stm32cube.ide.mcu.externaltools.gnu-tools-for-stm32.9-2020-q2-update.win32_2.0.0.202105311346/tools/bin/../lib/gcc/arm-none-eabi/9.3.1/../../../../arm-none-eabi/lib/thumb/v7e-m+fp/hard\libc_nano.a(lib_a-memcpy-stub.o)
                0x0000000008005aba                memcpy
 .text.memset   0x0000000008005ad6       0x10 e:/stm/stm32cubeide_1.6.1/stm32cubeide/plugins/com.st.stm32cube.ide.mcu.externaltools.gnu-tools-for-stm32.9-2020-q2-update.win32_2.0.0.202105311346/tools/bin/../lib/gcc/arm-none-eabi/9.3.1/../../../../arm-none-eabi/lib/thumb/v7e-m+fp/hard\libc_nano.a(lib_a-memset.o)
                0x0000000008005ad6                memset
 *fill*         0x0000000008005ae6        0x2 
 .text._malloc_r
                0x0000000008005ae8       0xb4 e:/stm/stm32cubeide_1.6.1/stm32cubeide/plugins/com.st.stm32cube.ide.mcu.externaltools.gnu-tools-for-stm32.9-2020-q2-update.win32_2.0.0.202105311346/tools/bin/../lib/gcc/arm-none-eabi/9.3.1/../../../../arm-none-eabi/lib/thumb/v7e-m+fp/hard\libc_nano.a(lib_a-nano-mallocr.o)
                0x0000000008005ae8                _malloc_r
 .text._sbrk_r  0x0000000008005b9c       0x20 e:/stm/stm32cubeide_1.6.1/stm32cubeide/plugins/com.st.stm32cube.ide.mcu.externaltools.gnu-tools-for-stm32.9-2020-q2-update.win32_2.0.0.202105311346/tools/bin/../lib/gcc/arm-none-eabi/9.3.1/../../../../arm-none-eabi/lib/thumb/v7e-m+fp/hard\libc_nano.a(lib_a-sbrkr.o)
                0x0000000008005b9c                _sbrk_r
 .text.sprintf  0x0000000008005bbc       0x40 e:/stm/stm32cubeide_1.6.1/stm32cubeide/plugins/com.st.stm32cube.ide.mcu.externaltools.gnu-tools-for-stm32.9-2020-q2-update.win32_2.0.0.202105311346/tools/bin/../lib/gcc/arm-none-eabi/9.3.1/../../../../arm-none-eabi/lib/thumb/v7e-m+fp/hard\libc_nano.a(lib_a-sprintf.o)
                0x0000000008005bbc                siprintf
                0x0000000008005bbc                sprintf
 .text.__sread  0x0000000008005bfc       0x22 e:/stm/stm32cubeide_1.6.1/stm32cubeide/plugins/com.st.stm32cube.ide.mcu.externaltools.gnu-tools-for-stm32.9-2020-q2-update.win32_2.0.0.202105311346/tools/bin/../lib/gcc/arm-none-eabi/9.3.1/../../../../arm-none-eabi/lib/thumb/v7e-m+fp/hard\libc_nano.a(lib_a-stdio.o)
                0x0000000008005bfc                __sread
 .text.__swrite
                0x0000000008005c1e       0x38 e:/stm/stm32cubeide_1.6.1/stm32cubeide/plugins/com.st.stm32cube.ide.mcu.externaltools.gnu-tools-for-stm32.9-2020-q2-update.win32_2.0.0.202105311346/tools/bin/../lib/gcc/arm-none-eabi/9.3.1/../../../../arm-none-eabi/lib/thumb/v7e-m+fp/hard\libc_nano.a(lib_a-stdio.o)
                0x0000000008005c1e                __swrite
 .text.__sseek  0x0000000008005c56       0x24 e:/stm/stm32cubeide_1.6.1/stm32cubeide/plugins/com.st.stm32cube.ide.mcu.externaltools.gnu-tools-for-stm32.9-2020-q2-update.win32_2.0.0.202105311346/tools/bin/../lib/gcc/arm-none-eabi/9.3.1/../../../../arm-none-eabi/lib/thumb/v7e-m+fp/hard\libc_nano.a(lib_a-stdio.o)
                0x0000000008005c56                __sseek
 .text.__sclose
                0x0000000008005c7a        0x8 e:/stm/stm32cubeide_1.6.1/stm32cubeide/plugins/com.st.stm32cube.ide.mcu.externaltools.gnu-tools-for-stm32.9-2020-q2-update.win32_2.0.0.202105311346/tools/bin/../lib/gcc/arm-none-eabi/9.3.1/../../../../arm-none-eabi/lib/thumb/v7e-m+fp/hard\libc_nano.a(lib_a-stdio.o)
                0x0000000008005c7a                __sclose
 *fill*         0x0000000008005c82        0x2 
 .text._write_r
                0x0000000008005c84       0x24 e:/stm/stm32cubeide_1.6.1/stm32cubeide/plugins/com.st.stm32cube.ide.mcu.externaltools.gnu-tools-for-stm32.9-2020-q2-update.win32_2.0.0.202105311346/tools/bin/../lib/gcc/arm-none-eabi/9.3.1/../../../../arm-none-eabi/lib/thumb/v7e-m+fp/hard\libc_nano.a(lib_a-writer.o)
                0x0000000008005c84                _write_r
 .text._close_r
                0x0000000008005ca8       0x20 e:/stm/stm32cubeide_1.6.1/stm32cubeide/plugins/com.st.stm32cube.ide.mcu.externaltools.gnu-tools-for-stm32.9-2020-q2-update.win32_2.0.0.202105311346/tools/bin/../lib/gcc/arm-none-eabi/9.3.1/../../../../arm-none-eabi/lib/thumb/v7e-m+fp/hard\libc_nano.a(lib_a-closer.o)
                0x0000000008005ca8                _close_r
 .text.__sflush_r
                0x0000000008005cc8      0x10c e:/stm/stm32cubeide_1.6.1/stm32cubeide/plugins/com.st.stm32cube.ide.mcu.externaltools.gnu-tools-for-stm32.9-2020-q2-update.win32_2.0.0.202105311346/tools/bin/../lib/gcc/arm-none-eabi/9.3.1/../../../../arm-none-eabi/lib/thumb/v7e-m+fp/hard\libc_nano.a(lib_a-fflush.o)
                0x0000000008005cc8                __sflush_r
 .text._fflush_r
                0x0000000008005dd4       0x78 e:/stm/stm32cubeide_1.6.1/stm32cubeide/plugins/com.st.stm32cube.ide.mcu.externaltools.gnu-tools-for-stm32.9-2020-q2-update.win32_2.0.0.202105311346/tools/bin/../lib/gcc/arm-none-eabi/9.3.1/../../../../arm-none-eabi/lib/thumb/v7e-m+fp/hard\libc_nano.a(lib_a-fflush.o)
                0x0000000008005dd4                _fflush_r
 .text._lseek_r
                0x0000000008005e4c       0x24 e:/stm/stm32cubeide_1.6.1/stm32cubeide/plugins/com.st.stm32cube.ide.mcu.externaltools.gnu-tools-for-stm32.9-2020-q2-update.win32_2.0.0.202105311346/tools/bin/../lib/gcc/arm-none-eabi/9.3.1/../../../../arm-none-eabi/lib/thumb/v7e-m+fp/hard\libc_nano.a(lib_a-lseekr.o)
                0x0000000008005e4c                _lseek_r
 .text.__malloc_lock
                0x0000000008005e70        0xc e:/stm/stm32cubeide_1.6.1/stm32cubeide/plugins/com.st.stm32cube.ide.mcu.externaltools.gnu-tools-for-stm32.9-2020-q2-update.win32_2.0.0.202105311346/tools/bin/../lib/gcc/arm-none-eabi/9.3.1/../../../../arm-none-eabi/lib/thumb/v7e-m+fp/hard\libc_nano.a(lib_a-mlock.o)
                0x0000000008005e70                __malloc_lock
 .text.__malloc_unlock
                0x0000000008005e7c        0xc e:/stm/stm32cubeide_1.6.1/stm32cubeide/plugins/com.st.stm32cube.ide.mcu.externaltools.gnu-tools-for-stm32.9-2020-q2-update.win32_2.0.0.202105311346/tools/bin/../lib/gcc/arm-none-eabi/9.3.1/../../../../arm-none-eabi/lib/thumb/v7e-m+fp/hard\libc_nano.a(lib_a-mlock.o)
                0x0000000008005e7c                __malloc_unlock
 .text._free_r  0x0000000008005e88       0xa0 e:/stm/stm32cubeide_1.6.1/stm32cubeide/plugins/com.st.stm32cube.ide.mcu.externaltools.gnu-tools-for-stm32.9-2020-q2-update.win32_2.0.0.202105311346/tools/bin/../lib/gcc/arm-none-eabi/9.3.1/../../../../arm-none-eabi/lib/thumb/v7e-m+fp/hard\libc_nano.a(lib_a-nano-freer.o)
                0x0000000008005e88                _free_r
 .text.__ssputs_r
                0x0000000008005f28       0xb6 e:/stm/stm32cubeide_1.6.1/stm32cubeide/plugins/com.st.stm32cube.ide.mcu.externaltools.gnu-tools-for-stm32.9-2020-q2-update.win32_2.0.0.202105311346/tools/bin/../lib/gcc/arm-none-eabi/9.3.1/../../../../arm-none-eabi/lib/thumb/v7e-m+fp/hard\libc_nano.a(lib_a-nano-svfprintf.o)
                0x0000000008005f28                __ssputs_r
 *fill*         0x0000000008005fde        0x2 
 .text._svfprintf_r
                0x0000000008005fe0      0x200 e:/stm/stm32cubeide_1.6.1/stm32cubeide/plugins/com.st.stm32cube.ide.mcu.externaltools.gnu-tools-for-stm32.9-2020-q2-update.win32_2.0.0.202105311346/tools/bin/../lib/gcc/arm-none-eabi/9.3.1/../../../../arm-none-eabi/lib/thumb/v7e-m+fp/hard\libc_nano.a(lib_a-nano-svfprintf.o)
                0x0000000008005fe0                _svfiprintf_r
                0x0000000008005fe0                _svfprintf_r
 .text._printf_common
                0x00000000080061e0       0xda e:/stm/stm32cubeide_1.6.1/stm32cubeide/plugins/com.st.stm32cube.ide.mcu.externaltools.gnu-tools-for-stm32.9-2020-q2-update.win32_2.0.0.202105311346/tools/bin/../lib/gcc/arm-none-eabi/9.3.1/../../../../arm-none-eabi/lib/thumb/v7e-m+fp/hard\libc_nano.a(lib_a-nano-vfprintf_i.o)
                0x00000000080061e0                _printf_common
 *fill*         0x00000000080062ba        0x2 
 .text._printf_i
                0x00000000080062bc      0x24c e:/stm/stm32cubeide_1.6.1/stm32cubeide/plugins/com.st.stm32cube.ide.mcu.externaltools.gnu-tools-for-stm32.9-2020-q2-update.win32_2.0.0.202105311346/tools/bin/../lib/gcc/arm-none-eabi/9.3.1/../../../../arm-none-eabi/lib/thumb/v7e-m+fp/hard\libc_nano.a(lib_a-nano-vfprintf_i.o)
                0x00000000080062bc                _printf_i
 .text._read_r  0x0000000008006508       0x24 e:/stm/stm32cubeide_1.6.1/stm32cubeide/plugins/com.st.stm32cube.ide.mcu.externaltools.gnu-tools-for-stm32.9-2020-q2-update.win32_2.0.0.202105311346/tools/bin/../lib/gcc/arm-none-eabi/9.3.1/../../../../arm-none-eabi/lib/thumb/v7e-m+fp/hard\libc_nano.a(lib_a-readr.o)
                0x0000000008006508                _read_r
 .text.memmove  0x000000000800652c       0x34 e:/stm/stm32cubeide_1.6.1/stm32cubeide/plugins/com.st.stm32cube.ide.mcu.externaltools.gnu-tools-for-stm32.9-2020-q2-update.win32_2.0.0.202105311346/tools/bin/../lib/gcc/arm-none-eabi/9.3.1/../../../../arm-none-eabi/lib/thumb/v7e-m+fp/hard\libc_nano.a(lib_a-memmove.o)
                0x000000000800652c                memmove
 .text._realloc_r
                0x0000000008006560       0x4c e:/stm/stm32cubeide_1.6.1/stm32cubeide/plugins/com.st.stm32cube.ide.mcu.externaltools.gnu-tools-for-stm32.9-2020-q2-update.win32_2.0.0.202105311346/tools/bin/../lib/gcc/arm-none-eabi/9.3.1/../../../../arm-none-eabi/lib/thumb/v7e-m+fp/hard\libc_nano.a(lib_a-nano-reallocr.o)
                0x0000000008006560                _realloc_r
 .text._malloc_usable_size_r
                0x00000000080065ac       0x10 e:/stm/stm32cubeide_1.6.1/stm32cubeide/plugins/com.st.stm32cube.ide.mcu.externaltools.gnu-tools-for-stm32.9-2020-q2-update.win32_2.0.0.202105311346/tools/bin/../lib/gcc/arm-none-eabi/9.3.1/../../../../arm-none-eabi/lib/thumb/v7e-m+fp/hard\libc_nano.a(lib_a-nano-msizer.o)
                0x00000000080065ac                _malloc_usable_size_r
 *(.glue_7)
 .glue_7        0x00000000080065bc        0x0 linker stubs
 *(.glue_7t)
 .glue_7t       0x00000000080065bc        0x0 linker stubs
 *(.eh_frame)
 .eh_frame      0x00000000080065bc        0x0 e:/stm/stm32cubeide_1.6.1/stm32cubeide/plugins/com.st.stm32cube.ide.mcu.externaltools.gnu-tools-for-stm32.9-2020-q2-update.win32_2.0.0.202105311346/tools/bin/../lib/gcc/arm-none-eabi/9.3.1/thumb/v7e-m+fp/hard/crtbegin.o
 *(.init)
 .init          0x00000000080065bc        0x4 e:/stm/stm32cubeide_1.6.1/stm32cubeide/plugins/com.st.stm32cube.ide.mcu.externaltools.gnu-tools-for-stm32.9-2020-q2-update.win32_2.0.0.202105311346/tools/bin/../lib/gcc/arm-none-eabi/9.3.1/thumb/v7e-m+fp/hard/crti.o
                0x00000000080065bc                _init
 .init          0x00000000080065c0        0x8 e:/stm/stm32cubeide_1.6.1/stm32cubeide/plugins/com.st.stm32cube.ide.mcu.externaltools.gnu-tools-for-stm32.9-2020-q2-update.win32_2.0.0.202105311346/tools/bin/../lib/gcc/arm-none-eabi/9.3.1/thumb/v7e-m+fp/hard/crtn.o
 *(.fini)
 .fini          0x00000000080065c8        0x4 e:/stm/stm32cubeide_1.6.1/stm32cubeide/plugins/com.st.stm32cube.ide.mcu.externaltools.gnu-tools-for-stm32.9-2020-q2-update.win32_2.0.0.202105311346/tools/bin/../lib/gcc/arm-none-eabi/9.3.1/thumb/v7e-m+fp/hard/crti.o
                0x00000000080065c8                _fini
 .fini          0x00000000080065cc        0x8 e:/stm/stm32cubeide_1.6.1/stm32cubeide/plugins/com.st.stm32cube.ide.mcu.externaltools.gnu-tools-for-stm32.9-2020-q2-update.win32_2.0.0.202105311346/tools/bin/../lib/gcc/arm-none-eabi/9.3.1/thumb/v7e-m+fp/hard/crtn.o
                0x00000000080065d4                . = ALIGN (0x4)
                0x00000000080065d4                _etext = .

.vfp11_veneer   0x00000000080065d4        0x0
 .vfp11_veneer  0x00000000080065d4        0x0 linker stubs

.v4_bx          0x00000000080065d4        0x0
 .v4_bx         0x00000000080065d4        0x0 linker stubs

.iplt           0x00000000080065d4        0x0
 .iplt          0x00000000080065d4        0x0 e:/stm/stm32cubeide_1.6.1/stm32cubeide/plugins/com.st.stm32cube.ide.mcu.externaltools.gnu-tools-for-stm32.9-2020-q2-update.win32_2.0.0.202105311346/tools/bin/../lib/gcc/arm-none-eabi/9.3.1/thumb/v7e-m+fp/hard/crtbegin.o

.rodata         0x00000000080065d4      0x124
                0x00000000080065d4                . = ALIGN (0x4)
 *(.rodata)
 .rodata        0x00000000080065d4       0x3f ./Core/Src/main.o
 *fill*         0x0000000008006613        0x1 
 .rodata        0x0000000008006614       0x10 ./Core/Src/task_app.o
 .rodata        0x0000000008006624        0x5 E:\STM\workspace\LibFreeRtos_2020104\Debug\libLibFreeRtos_2020104.a(tasks.o)
 *(.rodata*)
 *fill*         0x0000000008006629        0x3 
 .rodata.AHBPrescTable
                0x000000000800662c       0x10 ./Core/Src/system_stm32f4xx.o
                0x000000000800662c                AHBPrescTable
 .rodata.APBPrescTable
                0x000000000800663c        0x8 ./Core/Src/system_stm32f4xx.o
                0x000000000800663c                APBPrescTable
 .rodata._get_semihosting_exts.str1.1
                0x0000000008006644       0x16 e:/stm/stm32cubeide_1.6.1/stm32cubeide/plugins/com.st.stm32cube.ide.mcu.externaltools.gnu-tools-for-stm32.9-2020-q2-update.win32_2.0.0.202105311346/tools/bin/../lib/gcc/arm-none-eabi/9.3.1/../../../../arm-none-eabi/lib/thumb/v7e-m+fp/hard\librdimon_nano.a(rdimon-syscalls.o)
 .rodata.initialise_monitor_handles.str1.1
                0x000000000800665a        0x4 e:/stm/stm32cubeide_1.6.1/stm32cubeide/plugins/com.st.stm32cube.ide.mcu.externaltools.gnu-tools-for-stm32.9-2020-q2-update.win32_2.0.0.202105311346/tools/bin/../lib/gcc/arm-none-eabi/9.3.1/../../../../arm-none-eabi/lib/thumb/v7e-m+fp/hard\librdimon_nano.a(rdimon-syscalls.o)
 *fill*         0x000000000800665e        0x2 
 .rodata.__sf_fake_stderr
                0x0000000008006660       0x20 e:/stm/stm32cubeide_1.6.1/stm32cubeide/plugins/com.st.stm32cube.ide.mcu.externaltools.gnu-tools-for-stm32.9-2020-q2-update.win32_2.0.0.202105311346/tools/bin/../lib/gcc/arm-none-eabi/9.3.1/../../../../arm-none-eabi/lib/thumb/v7e-m+fp/hard\libc_nano.a(lib_a-findfp.o)
                0x0000000008006660                __sf_fake_stderr
 .rodata.__sf_fake_stdin
                0x0000000008006680       0x20 e:/stm/stm32cubeide_1.6.1/stm32cubeide/plugins/com.st.stm32cube.ide.mcu.externaltools.gnu-tools-for-stm32.9-2020-q2-update.win32_2.0.0.202105311346/tools/bin/../lib/gcc/arm-none-eabi/9.3.1/../../../../arm-none-eabi/lib/thumb/v7e-m+fp/hard\libc_nano.a(lib_a-findfp.o)
                0x0000000008006680                __sf_fake_stdin
 .rodata.__sf_fake_stdout
                0x00000000080066a0       0x20 e:/stm/stm32cubeide_1.6.1/stm32cubeide/plugins/com.st.stm32cube.ide.mcu.externaltools.gnu-tools-for-stm32.9-2020-q2-update.win32_2.0.0.202105311346/tools/bin/../lib/gcc/arm-none-eabi/9.3.1/../../../../arm-none-eabi/lib/thumb/v7e-m+fp/hard\libc_nano.a(lib_a-findfp.o)
                0x00000000080066a0                __sf_fake_stdout
 .rodata._global_impure_ptr
                0x00000000080066c0        0x4 e:/stm/stm32cubeide_1.6.1/stm32cubeide/plugins/com.st.stm32cube.ide.mcu.externaltools.gnu-tools-for-stm32.9-2020-q2-update.win32_2.0.0.202105311346/tools/bin/../lib/gcc/arm-none-eabi/9.3.1/../../../../arm-none-eabi/lib/thumb/v7e-m+fp/hard\libc_nano.a(lib_a-impure.o)
                0x00000000080066c0                _global_impure_ptr
 .rodata._svfprintf_r.str1.1
                0x00000000080066c4       0x11 e:/stm/stm32cubeide_1.6.1/stm32cubeide/plugins/com.st.stm32cube.ide.mcu.externaltools.gnu-tools-for-stm32.9-2020-q2-update.win32_2.0.0.202105311346/tools/bin/../lib/gcc/arm-none-eabi/9.3.1/../../../../arm-none-eabi/lib/thumb/v7e-m+fp/hard\libc_nano.a(lib_a-nano-svfprintf.o)
 .rodata._printf_i.str1.1
                0x00000000080066d5       0x22 e:/stm/stm32cubeide_1.6.1/stm32cubeide/plugins/com.st.stm32cube.ide.mcu.externaltools.gnu-tools-for-stm32.9-2020-q2-update.win32_2.0.0.202105311346/tools/bin/../lib/gcc/arm-none-eabi/9.3.1/../../../../arm-none-eabi/lib/thumb/v7e-m+fp/hard\libc_nano.a(lib_a-nano-vfprintf_i.o)
                0x00000000080066f8                . = ALIGN (0x4)
 *fill*         0x00000000080066f7        0x1 

.ARM.extab      0x00000000080066f8        0x0
                0x00000000080066f8                . = ALIGN (0x4)
 *(.ARM.extab* .gnu.linkonce.armextab.*)
                0x00000000080066f8                . = ALIGN (0x4)

.ARM            0x00000000080066f8        0x8
                0x00000000080066f8                . = ALIGN (0x4)
                0x00000000080066f8                __exidx_start = .
 *(.ARM.exidx*)
 .ARM.exidx     0x00000000080066f8        0x8 e:/stm/stm32cubeide_1.6.1/stm32cubeide/plugins/com.st.stm32cube.ide.mcu.externaltools.gnu-tools-for-stm32.9-2020-q2-update.win32_2.0.0.202105311346/tools/bin/../lib/gcc/arm-none-eabi/9.3.1/thumb/v7e-m+fp/hard\libgcc.a(_udivmoddi4.o)
                0x0000000008006700                __exidx_end = .
                0x0000000008006700                . = ALIGN (0x4)

.rel.dyn        0x0000000008006700        0x0
 .rel.iplt      0x0000000008006700        0x0 e:/stm/stm32cubeide_1.6.1/stm32cubeide/plugins/com.st.stm32cube.ide.mcu.externaltools.gnu-tools-for-stm32.9-2020-q2-update.win32_2.0.0.202105311346/tools/bin/../lib/gcc/arm-none-eabi/9.3.1/thumb/v7e-m+fp/hard/crtbegin.o

.preinit_array  0x0000000008006700        0x0
                0x0000000008006700                . = ALIGN (0x4)
                0x0000000008006700                PROVIDE (__preinit_array_start = .)
 *(.preinit_array*)
                0x0000000008006700                PROVIDE (__preinit_array_end = .)
                0x0000000008006700                . = ALIGN (0x4)

.init_array     0x0000000008006700        0x4
                0x0000000008006700                . = ALIGN (0x4)
                0x0000000008006700                PROVIDE (__init_array_start = .)
 *(SORT_BY_NAME(.init_array.*))
 *(.init_array*)
 .init_array    0x0000000008006700        0x4 e:/stm/stm32cubeide_1.6.1/stm32cubeide/plugins/com.st.stm32cube.ide.mcu.externaltools.gnu-tools-for-stm32.9-2020-q2-update.win32_2.0.0.202105311346/tools/bin/../lib/gcc/arm-none-eabi/9.3.1/thumb/v7e-m+fp/hard/crtbegin.o
                0x0000000008006704                PROVIDE (__init_array_end = .)
                0x0000000008006704                . = ALIGN (0x4)

.fini_array     0x0000000008006704        0x4
                0x0000000008006704                . = ALIGN (0x4)
                [!provide]                        PROVIDE (__fini_array_start = .)
 *(SORT_BY_NAME(.fini_array.*))
 *(.fini_array*)
 .fini_array    0x0000000008006704        0x4 e:/stm/stm32cubeide_1.6.1/stm32cubeide/plugins/com.st.stm32cube.ide.mcu.externaltools.gnu-tools-for-stm32.9-2020-q2-update.win32_2.0.0.202105311346/tools/bin/../lib/gcc/arm-none-eabi/9.3.1/thumb/v7e-m+fp/hard/crtbegin.o
                [!provide]                        PROVIDE (__fini_array_end = .)
                0x0000000008006708                . = ALIGN (0x4)
                0x0000000008006708                _sidata = LOADADDR (.data)

.data           0x0000000020000000       0xc8 load address 0x0000000008006708
                0x0000000020000000                . = ALIGN (0x4)
                0x0000000020000000                _sdata = .
 *(.data)
 *(.data*)
 .data.lcd      0x0000000020000000       0x48 ./Core/Src/main.o
                0x0000000020000000                lcd
 .data.SystemCoreClock
                0x0000000020000048        0x4 ./Core/Src/system_stm32f4xx.o
                0x0000000020000048                SystemCoreClock
 .data.uwTickPrio
                0x000000002000004c        0x4 ./Drivers/STM32F4xx_HAL_Driver/Src/stm32f4xx_hal.o
                0x000000002000004c                uwTickPrio
 .data.uwTickFreq
                0x0000000020000050        0x1 ./Drivers/STM32F4xx_HAL_Driver/Src/stm32f4xx_hal.o
                0x0000000020000050                uwTickFreq
 *fill*         0x0000000020000051        0x3 
 .data.supports_ext_exit_extended
                0x0000000020000054        0x4 e:/stm/stm32cubeide_1.6.1/stm32cubeide/plugins/com.st.stm32cube.ide.mcu.externaltools.gnu-tools-for-stm32.9-2020-q2-update.win32_2.0.0.202105311346/tools/bin/../lib/gcc/arm-none-eabi/9.3.1/../../../../arm-none-eabi/lib/thumb/v7e-m+fp/hard\librdimon_nano.a(rdimon-syscalls.o)
 .data.supports_ext_stdout_stderr
                0x0000000020000058        0x4 e:/stm/stm32cubeide_1.6.1/stm32cubeide/plugins/com.st.stm32cube.ide.mcu.externaltools.gnu-tools-for-stm32.9-2020-q2-update.win32_2.0.0.202105311346/tools/bin/../lib/gcc/arm-none-eabi/9.3.1/../../../../arm-none-eabi/lib/thumb/v7e-m+fp/hard\librdimon_nano.a(rdimon-syscalls.o)
 .data.uxTopUsedPriority
                0x000000002000005c        0x4 E:\STM\workspace\LibFreeRtos_2020104\Debug\libLibFreeRtos_2020104.a(tasks.o)
                0x000000002000005c                uxTopUsedPriority
 .data.uxCriticalNesting
                0x0000000020000060        0x4 E:\STM\workspace\LibFreeRtos_2020104\Debug\libLibFreeRtos_2020104.a(port.o)
 .data._impure_ptr
                0x0000000020000064        0x4 e:/stm/stm32cubeide_1.6.1/stm32cubeide/plugins/com.st.stm32cube.ide.mcu.externaltools.gnu-tools-for-stm32.9-2020-q2-update.win32_2.0.0.202105311346/tools/bin/../lib/gcc/arm-none-eabi/9.3.1/../../../../arm-none-eabi/lib/thumb/v7e-m+fp/hard\libc_nano.a(lib_a-impure.o)
                0x0000000020000064                _impure_ptr
 .data.impure_data
                0x0000000020000068       0x60 e:/stm/stm32cubeide_1.6.1/stm32cubeide/plugins/com.st.stm32cube.ide.mcu.externaltools.gnu-tools-for-stm32.9-2020-q2-update.win32_2.0.0.202105311346/tools/bin/../lib/gcc/arm-none-eabi/9.3.1/../../../../arm-none-eabi/lib/thumb/v7e-m+fp/hard\libc_nano.a(lib_a-impure.o)
 *(.RamFunc)
 *(.RamFunc*)
                0x00000000200000c8                . = ALIGN (0x4)
                0x00000000200000c8                _edata = .

.igot.plt       0x00000000200000c8        0x0 load address 0x00000000080067d0
 .igot.plt      0x00000000200000c8        0x0 e:/stm/stm32cubeide_1.6.1/stm32cubeide/plugins/com.st.stm32cube.ide.mcu.externaltools.gnu-tools-for-stm32.9-2020-q2-update.win32_2.0.0.202105311346/tools/bin/../lib/gcc/arm-none-eabi/9.3.1/thumb/v7e-m+fp/hard/crtbegin.o
                0x00000000200000c8                . = ALIGN (0x4)

.bss            0x00000000200000c8     0x40ec load address 0x00000000080067d0
                0x00000000200000c8                _sbss = .
                0x00000000200000c8                __bss_start__ = _sbss
 *(.bss)
 .bss           0x00000000200000c8       0x1c e:/stm/stm32cubeide_1.6.1/stm32cubeide/plugins/com.st.stm32cube.ide.mcu.externaltools.gnu-tools-for-stm32.9-2020-q2-update.win32_2.0.0.202105311346/tools/bin/../lib/gcc/arm-none-eabi/9.3.1/thumb/v7e-m+fp/hard/crtbegin.o
 *(.bss*)
 .bss.xIdleTaskTCBBuffer
                0x00000000200000e4       0x54 ./Core/Src/freertos_idle.o
 .bss.xIdleStack
                0x0000000020000138      0x200 ./Core/Src/freertos_idle.o
 .bss.__sbrk_heap_end
                0x0000000020000338        0x4 ./Core/Src/sysmem.o
 .bss.monitor_stderr
                0x000000002000033c        0x4 e:/stm/stm32cubeide_1.6.1/stm32cubeide/plugins/com.st.stm32cube.ide.mcu.externaltools.gnu-tools-for-stm32.9-2020-q2-update.win32_2.0.0.202105311346/tools/bin/../lib/gcc/arm-none-eabi/9.3.1/../../../../arm-none-eabi/lib/thumb/v7e-m+fp/hard\librdimon_nano.a(rdimon-syscalls.o)
 .bss.monitor_stdin
                0x0000000020000340        0x4 e:/stm/stm32cubeide_1.6.1/stm32cubeide/plugins/com.st.stm32cube.ide.mcu.externaltools.gnu-tools-for-stm32.9-2020-q2-update.win32_2.0.0.202105311346/tools/bin/../lib/gcc/arm-none-eabi/9.3.1/../../../../arm-none-eabi/lib/thumb/v7e-m+fp/hard\librdimon_nano.a(rdimon-syscalls.o)
 .bss.monitor_stdout
                0x0000000020000344        0x4 e:/stm/stm32cubeide_1.6.1/stm32cubeide/plugins/com.st.stm32cube.ide.mcu.externaltools.gnu-tools-for-stm32.9-2020-q2-update.win32_2.0.0.202105311346/tools/bin/../lib/gcc/arm-none-eabi/9.3.1/../../../../arm-none-eabi/lib/thumb/v7e-m+fp/hard\librdimon_nano.a(rdimon-syscalls.o)
 .bss.openfiles
                0x0000000020000348       0xa0 e:/stm/stm32cubeide_1.6.1/stm32cubeide/plugins/com.st.stm32cube.ide.mcu.externaltools.gnu-tools-for-stm32.9-2020-q2-update.win32_2.0.0.202105311346/tools/bin/../lib/gcc/arm-none-eabi/9.3.1/../../../../arm-none-eabi/lib/thumb/v7e-m+fp/hard\librdimon_nano.a(rdimon-syscalls.o)
 .bss.pxCurrentTCB
                0x00000000200003e8        0x4 E:\STM\workspace\LibFreeRtos_2020104\Debug\libLibFreeRtos_2020104.a(tasks.o)
                0x00000000200003e8                pxCurrentTCB
 .bss.pxReadyTasksLists
                0x00000000200003ec       0x8c E:\STM\workspace\LibFreeRtos_2020104\Debug\libLibFreeRtos_2020104.a(tasks.o)
 .bss.xDelayedTaskList1
                0x0000000020000478       0x14 E:\STM\workspace\LibFreeRtos_2020104\Debug\libLibFreeRtos_2020104.a(tasks.o)
 .bss.xDelayedTaskList2
                0x000000002000048c       0x14 E:\STM\workspace\LibFreeRtos_2020104\Debug\libLibFreeRtos_2020104.a(tasks.o)
 .bss.pxDelayedTaskList
                0x00000000200004a0        0x4 E:\STM\workspace\LibFreeRtos_2020104\Debug\libLibFreeRtos_2020104.a(tasks.o)
 .bss.pxOverflowDelayedTaskList
                0x00000000200004a4        0x4 E:\STM\workspace\LibFreeRtos_2020104\Debug\libLibFreeRtos_2020104.a(tasks.o)
 .bss.xPendingReadyList
                0x00000000200004a8       0x14 E:\STM\workspace\LibFreeRtos_2020104\Debug\libLibFreeRtos_2020104.a(tasks.o)
 .bss.xTasksWaitingTermination
                0x00000000200004bc       0x14 E:\STM\workspace\LibFreeRtos_2020104\Debug\libLibFreeRtos_2020104.a(tasks.o)
 .bss.uxDeletedTasksWaitingCleanUp
                0x00000000200004d0        0x4 E:\STM\workspace\LibFreeRtos_2020104\Debug\libLibFreeRtos_2020104.a(tasks.o)
 .bss.xSuspendedTaskList
                0x00000000200004d4       0x14 E:\STM\workspace\LibFreeRtos_2020104\Debug\libLibFreeRtos_2020104.a(tasks.o)
 .bss.uxCurrentNumberOfTasks
                0x00000000200004e8        0x4 E:\STM\workspace\LibFreeRtos_2020104\Debug\libLibFreeRtos_2020104.a(tasks.o)
 .bss.xTickCount
                0x00000000200004ec        0x4 E:\STM\workspace\LibFreeRtos_2020104\Debug\libLibFreeRtos_2020104.a(tasks.o)
 .bss.uxTopReadyPriority
                0x00000000200004f0        0x4 E:\STM\workspace\LibFreeRtos_2020104\Debug\libLibFreeRtos_2020104.a(tasks.o)
 .bss.xSchedulerRunning
                0x00000000200004f4        0x4 E:\STM\workspace\LibFreeRtos_2020104\Debug\libLibFreeRtos_2020104.a(tasks.o)
 .bss.xPendedTicks
                0x00000000200004f8        0x4 E:\STM\workspace\LibFreeRtos_2020104\Debug\libLibFreeRtos_2020104.a(tasks.o)
 .bss.xYieldPending
                0x00000000200004fc        0x4 E:\STM\workspace\LibFreeRtos_2020104\Debug\libLibFreeRtos_2020104.a(tasks.o)
 .bss.xNumOfOverflows
                0x0000000020000500        0x4 E:\STM\workspace\LibFreeRtos_2020104\Debug\libLibFreeRtos_2020104.a(tasks.o)
 .bss.uxTaskNumber
                0x0000000020000504        0x4 E:\STM\workspace\LibFreeRtos_2020104\Debug\libLibFreeRtos_2020104.a(tasks.o)
 .bss.xNextTaskUnblockTime
                0x0000000020000508        0x4 E:\STM\workspace\LibFreeRtos_2020104\Debug\libLibFreeRtos_2020104.a(tasks.o)
 .bss.xIdleTaskHandle
                0x000000002000050c        0x4 E:\STM\workspace\LibFreeRtos_2020104\Debug\libLibFreeRtos_2020104.a(tasks.o)
 .bss.uxSchedulerSuspended
                0x0000000020000510        0x4 E:\STM\workspace\LibFreeRtos_2020104\Debug\libLibFreeRtos_2020104.a(tasks.o)
 .bss.ucMaxSysCallPriority
                0x0000000020000514        0x1 E:\STM\workspace\LibFreeRtos_2020104\Debug\libLibFreeRtos_2020104.a(port.o)
 *fill*         0x0000000020000515        0x3 
 .bss.ulMaxPRIGROUPValue
                0x0000000020000518        0x4 E:\STM\workspace\LibFreeRtos_2020104\Debug\libLibFreeRtos_2020104.a(port.o)
 .bss.ucHeap    0x000000002000051c     0x3c00 E:\STM\workspace\LibFreeRtos_2020104\Debug\libLibFreeRtos_2020104.a(heap_4.o)
 .bss.xStart    0x000000002000411c        0x8 E:\STM\workspace\LibFreeRtos_2020104\Debug\libLibFreeRtos_2020104.a(heap_4.o)
 .bss.pxEnd     0x0000000020004124        0x4 E:\STM\workspace\LibFreeRtos_2020104\Debug\libLibFreeRtos_2020104.a(heap_4.o)
 .bss.xFreeBytesRemaining
                0x0000000020004128        0x4 E:\STM\workspace\LibFreeRtos_2020104\Debug\libLibFreeRtos_2020104.a(heap_4.o)
 .bss.xMinimumEverFreeBytesRemaining
                0x000000002000412c        0x4 E:\STM\workspace\LibFreeRtos_2020104\Debug\libLibFreeRtos_2020104.a(heap_4.o)
 .bss.xBlockAllocatedBit
                0x0000000020004130        0x4 E:\STM\workspace\LibFreeRtos_2020104\Debug\libLibFreeRtos_2020104.a(heap_4.o)
 .bss.__malloc_free_list
                0x0000000020004134        0x4 e:/stm/stm32cubeide_1.6.1/stm32cubeide/plugins/com.st.stm32cube.ide.mcu.externaltools.gnu-tools-for-stm32.9-2020-q2-update.win32_2.0.0.202105311346/tools/bin/../lib/gcc/arm-none-eabi/9.3.1/../../../../arm-none-eabi/lib/thumb/v7e-m+fp/hard\libc_nano.a(lib_a-nano-mallocr.o)
                0x0000000020004134                __malloc_free_list
 .bss.__malloc_sbrk_start
                0x0000000020004138        0x4 e:/stm/stm32cubeide_1.6.1/stm32cubeide/plugins/com.st.stm32cube.ide.mcu.externaltools.gnu-tools-for-stm32.9-2020-q2-update.win32_2.0.0.202105311346/tools/bin/../lib/gcc/arm-none-eabi/9.3.1/../../../../arm-none-eabi/lib/thumb/v7e-m+fp/hard\libc_nano.a(lib_a-nano-mallocr.o)
                0x0000000020004138                __malloc_sbrk_start
 *(COMMON)
 COMMON         0x000000002000413c       0x24 ./Core/Src/main.o
                0x000000002000413c                xSemNucleo
                0x0000000020004140                xQueue_frenado
                0x0000000020004144                xQueue_lcd2
                0x0000000020004148                xQueue_contador
                0x000000002000414c                xQueue_startstop
                0x0000000020004150                xQueue_lcd1
                0x0000000020004154                TaskCounthandler
                0x0000000020004158                TaskBlinkyhandler
                0x000000002000415c                xSemPoncho
 COMMON         0x0000000020004160       0x40 ./Core/Src/stm32f4xx_hal_timebase_tim.o
                0x0000000020004160                htim1
 COMMON         0x00000000200041a0        0x4 ./Drivers/STM32F4xx_HAL_Driver/Src/stm32f4xx_hal.o
                0x00000000200041a0                uwTick
 COMMON         0x00000000200041a4        0x9 e:/stm/stm32cubeide_1.6.1/stm32cubeide/plugins/com.st.stm32cube.ide.mcu.externaltools.gnu-tools-for-stm32.9-2020-q2-update.win32_2.0.0.202105311346/tools/bin/../lib/gcc/arm-none-eabi/9.3.1/../../../../arm-none-eabi/lib/thumb/v7e-m+fp/hard\libc_nano.a(lib_a-lock.o)
                0x00000000200041a4                __lock___atexit_recursive_mutex
                0x00000000200041a5                __lock___arc4random_mutex
                0x00000000200041a6                __lock___env_recursive_mutex
                0x00000000200041a7                __lock___sinit_recursive_mutex
                0x00000000200041a8                __lock___malloc_recursive_mutex
                0x00000000200041a9                __lock___at_quick_exit_mutex
                0x00000000200041aa                __lock___dd_hash_mutex
                0x00000000200041ab                __lock___tz_mutex
                0x00000000200041ac                __lock___sfp_recursive_mutex
 *fill*         0x00000000200041ad        0x3 
 COMMON         0x00000000200041b0        0x4 e:/stm/stm32cubeide_1.6.1/stm32cubeide/plugins/com.st.stm32cube.ide.mcu.externaltools.gnu-tools-for-stm32.9-2020-q2-update.win32_2.0.0.202105311346/tools/bin/../lib/gcc/arm-none-eabi/9.3.1/../../../../arm-none-eabi/lib/thumb/v7e-m+fp/hard\libc_nano.a(lib_a-reent.o)
                0x00000000200041b0                errno
                0x00000000200041b4                . = ALIGN (0x4)
                0x00000000200041b4                _ebss = .
                0x00000000200041b4                __bss_end__ = _ebss

._user_heap_stack
                0x00000000200041b4      0x604 load address 0x00000000080067d0
                0x00000000200041b8                . = ALIGN (0x8)
 *fill*         0x00000000200041b4        0x4 
                0x00000000200041b8                PROVIDE (end = .)
                0x00000000200041b8                PROVIDE (_end = .)
                0x00000000200043b8                . = (. + _Min_Heap_Size)
 *fill*         0x00000000200041b8      0x200 
                0x00000000200047b8                . = (. + _Min_Stack_Size)
 *fill*         0x00000000200043b8      0x400 
                0x00000000200047b8                . = ALIGN (0x8)

/DISCARD/
 libc.a(*)
 libm.a(*)
 libgcc.a(*)

.ARM.attributes
                0x0000000000000000       0x30
 *(.ARM.attributes)
 .ARM.attributes
                0x0000000000000000       0x1e e:/stm/stm32cubeide_1.6.1/stm32cubeide/plugins/com.st.stm32cube.ide.mcu.externaltools.gnu-tools-for-stm32.9-2020-q2-update.win32_2.0.0.202105311346/tools/bin/../lib/gcc/arm-none-eabi/9.3.1/thumb/v7e-m+fp/hard/crti.o
 .ARM.attributes
                0x000000000000001e       0x34 e:/stm/stm32cubeide_1.6.1/stm32cubeide/plugins/com.st.stm32cube.ide.mcu.externaltools.gnu-tools-for-stm32.9-2020-q2-update.win32_2.0.0.202105311346/tools/bin/../lib/gcc/arm-none-eabi/9.3.1/thumb/v7e-m+fp/hard/crtbegin.o
 .ARM.attributes
                0x0000000000000052       0x34 ./Core/Src/HD44780.o
 .ARM.attributes
                0x0000000000000086       0x34 ./Core/Src/freertos_idle.o
 .ARM.attributes
                0x00000000000000ba       0x34 ./Core/Src/main.o
 .ARM.attributes
                0x00000000000000ee       0x34 ./Core/Src/stm32f4xx_hal_msp.o
 .ARM.attributes
                0x0000000000000122       0x34 ./Core/Src/stm32f4xx_hal_timebase_tim.o
 .ARM.attributes
                0x0000000000000156       0x34 ./Core/Src/stm32f4xx_it.o
 .ARM.attributes
                0x000000000000018a       0x34 ./Core/Src/sysmem.o
 .ARM.attributes
                0x00000000000001be       0x34 ./Core/Src/system_stm32f4xx.o
 .ARM.attributes
                0x00000000000001f2       0x34 ./Core/Src/task_app.o
 .ARM.attributes
                0x0000000000000226       0x21 ./Core/Startup/startup_stm32f401retx.o
 .ARM.attributes
                0x0000000000000247       0x34 ./Drivers/STM32F4xx_HAL_Driver/Src/stm32f4xx_hal.o
 .ARM.attributes
                0x000000000000027b       0x34 ./Drivers/STM32F4xx_HAL_Driver/Src/stm32f4xx_hal_cortex.o
 .ARM.attributes
                0x00000000000002af       0x34 ./Drivers/STM32F4xx_HAL_Driver/Src/stm32f4xx_hal_gpio.o
 .ARM.attributes
                0x00000000000002e3       0x34 ./Drivers/STM32F4xx_HAL_Driver/Src/stm32f4xx_hal_rcc.o
 .ARM.attributes
                0x0000000000000317       0x34 ./Drivers/STM32F4xx_HAL_Driver/Src/stm32f4xx_hal_tim.o
 .ARM.attributes
                0x000000000000034b       0x34 ./Drivers/STM32F4xx_HAL_Driver/Src/stm32f4xx_hal_tim_ex.o
 .ARM.attributes
                0x000000000000037f       0x34 e:/stm/stm32cubeide_1.6.1/stm32cubeide/plugins/com.st.stm32cube.ide.mcu.externaltools.gnu-tools-for-stm32.9-2020-q2-update.win32_2.0.0.202105311346/tools/bin/../lib/gcc/arm-none-eabi/9.3.1/../../../../arm-none-eabi/lib/thumb/v7e-m+fp/hard\librdimon_nano.a(rdimon-syscalls.o)
 .ARM.attributes
                0x00000000000003b3       0x34 E:\STM\workspace\LibFreeRtos_2020104\Debug\libLibFreeRtos_2020104.a(queue.o)
 .ARM.attributes
                0x00000000000003e7       0x34 E:\STM\workspace\LibFreeRtos_2020104\Debug\libLibFreeRtos_2020104.a(tasks.o)
 .ARM.attributes
                0x000000000000041b       0x34 E:\STM\workspace\LibFreeRtos_2020104\Debug\libLibFreeRtos_2020104.a(port.o)
 .ARM.attributes
                0x000000000000044f       0x34 E:\STM\workspace\LibFreeRtos_2020104\Debug\libLibFreeRtos_2020104.a(heap_4.o)
 .ARM.attributes
                0x0000000000000483       0x34 E:\STM\workspace\LibFreeRtos_2020104\Debug\libLibFreeRtos_2020104.a(list.o)
 .ARM.attributes
                0x00000000000004b7       0x34 e:/stm/stm32cubeide_1.6.1/stm32cubeide/plugins/com.st.stm32cube.ide.mcu.externaltools.gnu-tools-for-stm32.9-2020-q2-update.win32_2.0.0.202105311346/tools/bin/../lib/gcc/arm-none-eabi/9.3.1/../../../../arm-none-eabi/lib/thumb/v7e-m+fp/hard\libc_nano.a(lib_a-errno.o)
 .ARM.attributes
                0x00000000000004eb       0x34 e:/stm/stm32cubeide_1.6.1/stm32cubeide/plugins/com.st.stm32cube.ide.mcu.externaltools.gnu-tools-for-stm32.9-2020-q2-update.win32_2.0.0.202105311346/tools/bin/../lib/gcc/arm-none-eabi/9.3.1/../../../../arm-none-eabi/lib/thumb/v7e-m+fp/hard\libc_nano.a(lib_a-findfp.o)
 .ARM.attributes
                0x000000000000051f       0x34 e:/stm/stm32cubeide_1.6.1/stm32cubeide/plugins/com.st.stm32cube.ide.mcu.externaltools.gnu-tools-for-stm32.9-2020-q2-update.win32_2.0.0.202105311346/tools/bin/../lib/gcc/arm-none-eabi/9.3.1/../../../../arm-none-eabi/lib/thumb/v7e-m+fp/hard\libc_nano.a(lib_a-fwalk.o)
 .ARM.attributes
                0x0000000000000553       0x32 e:/stm/stm32cubeide_1.6.1/stm32cubeide/plugins/com.st.stm32cube.ide.mcu.externaltools.gnu-tools-for-stm32.9-2020-q2-update.win32_2.0.0.202105311346/tools/bin/../lib/gcc/arm-none-eabi/9.3.1/../../../../arm-none-eabi/lib/thumb/v7e-m+fp/hard\libc_nano.a(lib_a-impure.o)
 .ARM.attributes
                0x0000000000000585       0x34 e:/stm/stm32cubeide_1.6.1/stm32cubeide/plugins/com.st.stm32cube.ide.mcu.externaltools.gnu-tools-for-stm32.9-2020-q2-update.win32_2.0.0.202105311346/tools/bin/../lib/gcc/arm-none-eabi/9.3.1/../../../../arm-none-eabi/lib/thumb/v7e-m+fp/hard\libc_nano.a(lib_a-init.o)
 .ARM.attributes
                0x00000000000005b9       0x34 e:/stm/stm32cubeide_1.6.1/stm32cubeide/plugins/com.st.stm32cube.ide.mcu.externaltools.gnu-tools-for-stm32.9-2020-q2-update.win32_2.0.0.202105311346/tools/bin/../lib/gcc/arm-none-eabi/9.3.1/../../../../arm-none-eabi/lib/thumb/v7e-m+fp/hard\libc_nano.a(lib_a-lock.o)
 .ARM.attributes
                0x00000000000005ed       0x34 e:/stm/stm32cubeide_1.6.1/stm32cubeide/plugins/com.st.stm32cube.ide.mcu.externaltools.gnu-tools-for-stm32.9-2020-q2-update.win32_2.0.0.202105311346/tools/bin/../lib/gcc/arm-none-eabi/9.3.1/../../../../arm-none-eabi/lib/thumb/v7e-m+fp/hard\libc_nano.a(lib_a-memcpy-stub.o)
 .ARM.attributes
                0x0000000000000621       0x34 e:/stm/stm32cubeide_1.6.1/stm32cubeide/plugins/com.st.stm32cube.ide.mcu.externaltools.gnu-tools-for-stm32.9-2020-q2-update.win32_2.0.0.202105311346/tools/bin/../lib/gcc/arm-none-eabi/9.3.1/../../../../arm-none-eabi/lib/thumb/v7e-m+fp/hard\libc_nano.a(lib_a-memset.o)
 .ARM.attributes
                0x0000000000000655       0x34 e:/stm/stm32cubeide_1.6.1/stm32cubeide/plugins/com.st.stm32cube.ide.mcu.externaltools.gnu-tools-for-stm32.9-2020-q2-update.win32_2.0.0.202105311346/tools/bin/../lib/gcc/arm-none-eabi/9.3.1/../../../../arm-none-eabi/lib/thumb/v7e-m+fp/hard\libc_nano.a(lib_a-nano-mallocr.o)
 .ARM.attributes
                0x0000000000000689       0x34 e:/stm/stm32cubeide_1.6.1/stm32cubeide/plugins/com.st.stm32cube.ide.mcu.externaltools.gnu-tools-for-stm32.9-2020-q2-update.win32_2.0.0.202105311346/tools/bin/../lib/gcc/arm-none-eabi/9.3.1/../../../../arm-none-eabi/lib/thumb/v7e-m+fp/hard\libc_nano.a(lib_a-sbrkr.o)
 .ARM.attributes
                0x00000000000006bd       0x34 e:/stm/stm32cubeide_1.6.1/stm32cubeide/plugins/com.st.stm32cube.ide.mcu.externaltools.gnu-tools-for-stm32.9-2020-q2-update.win32_2.0.0.202105311346/tools/bin/../lib/gcc/arm-none-eabi/9.3.1/../../../../arm-none-eabi/lib/thumb/v7e-m+fp/hard\libc_nano.a(lib_a-sprintf.o)
 .ARM.attributes
                0x00000000000006f1       0x34 e:/stm/stm32cubeide_1.6.1/stm32cubeide/plugins/com.st.stm32cube.ide.mcu.externaltools.gnu-tools-for-stm32.9-2020-q2-update.win32_2.0.0.202105311346/tools/bin/../lib/gcc/arm-none-eabi/9.3.1/../../../../arm-none-eabi/lib/thumb/v7e-m+fp/hard\libc_nano.a(lib_a-stdio.o)
 .ARM.attributes
                0x0000000000000725       0x17 e:/stm/stm32cubeide_1.6.1/stm32cubeide/plugins/com.st.stm32cube.ide.mcu.externaltools.gnu-tools-for-stm32.9-2020-q2-update.win32_2.0.0.202105311346/tools/bin/../lib/gcc/arm-none-eabi/9.3.1/../../../../arm-none-eabi/lib/thumb/v7e-m+fp/hard\libc_nano.a(lib_a-strlen.o)
 .ARM.attributes
                0x000000000000073c       0x34 e:/stm/stm32cubeide_1.6.1/stm32cubeide/plugins/com.st.stm32cube.ide.mcu.externaltools.gnu-tools-for-stm32.9-2020-q2-update.win32_2.0.0.202105311346/tools/bin/../lib/gcc/arm-none-eabi/9.3.1/../../../../arm-none-eabi/lib/thumb/v7e-m+fp/hard\libc_nano.a(lib_a-writer.o)
 .ARM.attributes
                0x0000000000000770       0x34 e:/stm/stm32cubeide_1.6.1/stm32cubeide/plugins/com.st.stm32cube.ide.mcu.externaltools.gnu-tools-for-stm32.9-2020-q2-update.win32_2.0.0.202105311346/tools/bin/../lib/gcc/arm-none-eabi/9.3.1/../../../../arm-none-eabi/lib/thumb/v7e-m+fp/hard\libc_nano.a(lib_a-closer.o)
 .ARM.attributes
                0x00000000000007a4       0x34 e:/stm/stm32cubeide_1.6.1/stm32cubeide/plugins/com.st.stm32cube.ide.mcu.externaltools.gnu-tools-for-stm32.9-2020-q2-update.win32_2.0.0.202105311346/tools/bin/../lib/gcc/arm-none-eabi/9.3.1/../../../../arm-none-eabi/lib/thumb/v7e-m+fp/hard\libc_nano.a(lib_a-fflush.o)
 .ARM.attributes
                0x00000000000007d8       0x34 e:/stm/stm32cubeide_1.6.1/stm32cubeide/plugins/com.st.stm32cube.ide.mcu.externaltools.gnu-tools-for-stm32.9-2020-q2-update.win32_2.0.0.202105311346/tools/bin/../lib/gcc/arm-none-eabi/9.3.1/../../../../arm-none-eabi/lib/thumb/v7e-m+fp/hard\libc_nano.a(lib_a-lseekr.o)
 .ARM.attributes
                0x000000000000080c       0x34 e:/stm/stm32cubeide_1.6.1/stm32cubeide/plugins/com.st.stm32cube.ide.mcu.externaltools.gnu-tools-for-stm32.9-2020-q2-update.win32_2.0.0.202105311346/tools/bin/../lib/gcc/arm-none-eabi/9.3.1/../../../../arm-none-eabi/lib/thumb/v7e-m+fp/hard\libc_nano.a(lib_a-mlock.o)
 .ARM.attributes
                0x0000000000000840       0x34 e:/stm/stm32cubeide_1.6.1/stm32cubeide/plugins/com.st.stm32cube.ide.mcu.externaltools.gnu-tools-for-stm32.9-2020-q2-update.win32_2.0.0.202105311346/tools/bin/../lib/gcc/arm-none-eabi/9.3.1/../../../../arm-none-eabi/lib/thumb/v7e-m+fp/hard\libc_nano.a(lib_a-nano-freer.o)
 .ARM.attributes
                0x0000000000000874       0x34 e:/stm/stm32cubeide_1.6.1/stm32cubeide/plugins/com.st.stm32cube.ide.mcu.externaltools.gnu-tools-for-stm32.9-2020-q2-update.win32_2.0.0.202105311346/tools/bin/../lib/gcc/arm-none-eabi/9.3.1/../../../../arm-none-eabi/lib/thumb/v7e-m+fp/hard\libc_nano.a(lib_a-nano-svfprintf.o)
 .ARM.attributes
                0x00000000000008a8       0x34 e:/stm/stm32cubeide_1.6.1/stm32cubeide/plugins/com.st.stm32cube.ide.mcu.externaltools.gnu-tools-for-stm32.9-2020-q2-update.win32_2.0.0.202105311346/tools/bin/../lib/gcc/arm-none-eabi/9.3.1/../../../../arm-none-eabi/lib/thumb/v7e-m+fp/hard\libc_nano.a(lib_a-nano-vfprintf_i.o)
 .ARM.attributes
                0x00000000000008dc       0x34 e:/stm/stm32cubeide_1.6.1/stm32cubeide/plugins/com.st.stm32cube.ide.mcu.externaltools.gnu-tools-for-stm32.9-2020-q2-update.win32_2.0.0.202105311346/tools/bin/../lib/gcc/arm-none-eabi/9.3.1/../../../../arm-none-eabi/lib/thumb/v7e-m+fp/hard\libc_nano.a(lib_a-readr.o)