Archive member included to satisfy reference by file (symbol)

e:/stm/stm32cubeide_1.6.1/stm32cubeide/plugins/com.st.stm32cube.ide.mcu.externaltools.gnu-tools-for-stm32.9-2020-q2-update.win32_2.0.0.202105311346/tools/bin/../lib/gcc/arm-none-eabi/9.3.1/../../../../arm-none-eabi/lib/thumb/v7e-m+fp/hard\librdimon_nano.a(rdimon-syscalls.o)
                              e:/stm/stm32cubeide_1.6.1/stm32cubeide/plugins/com.st.stm32cube.ide.mcu.externaltools.gnu-tools-for-stm32.9-2020-q2-update.win32_2.0.0.202105311346/tools/bin/../lib/gcc/arm-none-eabi/9.3.1/../../../../arm-none-eabi/lib/thumb/v7e-m+fp/hard/rdimon-crt0.o (initialise_monitor_handles)
E:\STM\workspace\LibFreeRtos_2020104\Debug\libLibFreeRtos_2020104.a(queue.o)
                              ./Core/Src/main.o (xQueueGenericCreate)
E:\STM\workspace\LibFreeRtos_2020104\Debug\libLibFreeRtos_2020104.a(tasks.o)
                              ./Core/Src/main.o (xTaskCreate)
E:\STM\workspace\LibFreeRtos_2020104\Debug\libLibFreeRtos_2020104.a(port.o)
                              E:\STM\workspace\LibFreeRtos_2020104\Debug\libLibFreeRtos_2020104.a(tasks.o) (pxPortInitialiseStack)
E:\STM\workspace\LibFreeRtos_2020104\Debug\libLibFreeRtos_2020104.a(heap_4.o)
                              E:\STM\workspace\LibFreeRtos_2020104\Debug\libLibFreeRtos_2020104.a(queue.o) (pvPortMalloc)
E:\STM\workspace\LibFreeRtos_2020104\Debug\libLibFreeRtos_2020104.a(list.o)
                              E:\STM\workspace\LibFreeRtos_2020104\Debug\libLibFreeRtos_2020104.a(queue.o) (vListInitialise)
e:/stm/stm32cubeide_1.6.1/stm32cubeide/plugins/com.st.stm32cube.ide.mcu.externaltools.gnu-tools-for-stm32.9-2020-q2-update.win32_2.0.0.202105311346/tools/bin/../lib/gcc/arm-none-eabi/9.3.1/../../../../arm-none-eabi/lib/thumb/v7e-m+fp/hard\libc_nano.a(lib_a-errno.o)
                              ./Core/Src/sysmem.o (__errno)
e:/stm/stm32cubeide_1.6.1/stm32cubeide/plugins/com.st.stm32cube.ide.mcu.externaltools.gnu-tools-for-stm32.9-2020-q2-update.win32_2.0.0.202105311346/tools/bin/../lib/gcc/arm-none-eabi/9.3.1/../../../../arm-none-eabi/lib/thumb/v7e-m+fp/hard\libc_nano.a(lib_a-exit.o)
                              e:/stm/stm32cubeide_1.6.1/stm32cubeide/plugins/com.st.stm32cube.ide.mcu.externaltools.gnu-tools-for-stm32.9-2020-q2-update.win32_2.0.0.202105311346/tools/bin/../lib/gcc/arm-none-eabi/9.3.1/../../../../arm-none-eabi/lib/thumb/v7e-m+fp/hard/rdimon-crt0.o (exit)
e:/stm/stm32cubeide_1.6.1/stm32cubeide/plugins/com.st.stm32cube.ide.mcu.externaltools.gnu-tools-for-stm32.9-2020-q2-update.win32_2.0.0.202105311346/tools/bin/../lib/gcc/arm-none-eabi/9.3.1/../../../../arm-none-eabi/lib/thumb/v7e-m+fp/hard\libc_nano.a(lib_a-findfp.o)
                              e:/stm/stm32cubeide_1.6.1/stm32cubeide/plugins/com.st.stm32cube.ide.mcu.externaltools.gnu-tools-for-stm32.9-2020-q2-update.win32_2.0.0.202105311346/tools/bin/../lib/gcc/arm-none-eabi/9.3.1/../../../../arm-none-eabi/lib/thumb/v7e-m+fp/hard\librdimon_nano.a(rdimon-syscalls.o) (__sinit)
e:/stm/stm32cubeide_1.6.1/stm32cubeide/plugins/com.st.stm32cube.ide.mcu.externaltools.gnu-tools-for-stm32.9-2020-q2-update.win32_2.0.0.202105311346/tools/bin/../lib/gcc/arm-none-eabi/9.3.1/../../../../arm-none-eabi/lib/thumb/v7e-m+fp/hard\libc_nano.a(lib_a-fwalk.o)
                              e:/stm/stm32cubeide_1.6.1/stm32cubeide/plugins/com.st.stm32cube.ide.mcu.externaltools.gnu-tools-for-stm32.9-2020-q2-update.win32_2.0.0.202105311346/tools/bin/../lib/gcc/arm-none-eabi/9.3.1/../../../../arm-none-eabi/lib/thumb/v7e-m+fp/hard\libc_nano.a(lib_a-findfp.o) (_fwalk)
e:/stm/stm32cubeide_1.6.1/stm32cubeide/plugins/com.st.stm32cube.ide.mcu.externaltools.gnu-tools-for-stm32.9-2020-q2-update.win32_2.0.0.202105311346/tools/bin/../lib/gcc/arm-none-eabi/9.3.1/../../../../arm-none-eabi/lib/thumb/v7e-m+fp/hard\libc_nano.a(lib_a-impure.o)
                              e:/stm/stm32cubeide_1.6.1/stm32cubeide/plugins/com.st.stm32cube.ide.mcu.externaltools.gnu-tools-for-stm32.9-2020-q2-update.win32_2.0.0.202105311346/tools/bin/../lib/gcc/arm-none-eabi/9.3.1/../../../../arm-none-eabi/lib/thumb/v7e-m+fp/hard\libc_nano.a(lib_a-exit.o) (_global_impure_ptr)
e:/stm/stm32cubeide_1.6.1/stm32cubeide/plugins/com.st.stm32cube.ide.mcu.externaltools.gnu-tools-for-stm32.9-2020-q2-update.win32_2.0.0.202105311346/tools/bin/../lib/gcc/arm-none-eabi/9.3.1/../../../../arm-none-eabi/lib/thumb/v7e-m+fp/hard\libc_nano.a(lib_a-init.o)
                              e:/stm/stm32cubeide_1.6.1/stm32cubeide/plugins/com.st.stm32cube.ide.mcu.externaltools.gnu-tools-for-stm32.9-2020-q2-update.win32_2.0.0.202105311346/tools/bin/../lib/gcc/arm-none-eabi/9.3.1/../../../../arm-none-eabi/lib/thumb/v7e-m+fp/hard/rdimon-crt0.o (__libc_init_array)
e:/stm/stm32cubeide_1.6.1/stm32cubeide/plugins/com.st.stm32cube.ide.mcu.externaltools.gnu-tools-for-stm32.9-2020-q2-update.win32_2.0.0.202105311346/tools/bin/../lib/gcc/arm-none-eabi/9.3.1/../../../../arm-none-eabi/lib/thumb/v7e-m+fp/hard\libc_nano.a(lib_a-lock.o)
[...]
Memory Configuration

Name             Origin             Length             Attributes
RAM              0x0000000020000000 0x0000000000018000 xrw
FLASH            0x0000000008000000 0x0000000000080000 xr
*default*        0x0000000000000000 0xffffffffffffffff

Linker script and memory map

LOAD e:/stm/stm32cubeide_1.6.1/stm32cubeide/plugins/com.st.stm32cube.ide.mcu.externaltools.gnu-tools-for-stm32.9-2020-q2-update.win32_2.0.0.202105311346/tools/bin/../lib/gcc/arm-none-eabi/9.3.1/thumb/v7e-m+fp/hard/crti.o
LOAD e:/stm/stm32cubeide_1.6.1/stm32cubeide/plugins/com.st.stm32cube.ide.mcu.externaltools.gnu-tools-for-stm32.9-2020-q2-update.win32_2.0.0.202105311346/tools/bin/../lib/gcc/arm-none-eabi/9.3.1/thumb/v7e-m+fp/hard/crtbegin.o
LOAD e:/stm/stm32cubeide_1.6.1/stm32cubeide/plugins/com.st.stm32cube.ide.mcu.externaltools.gnu-tools-for-stm32.9-2020-q2-update.win32_2.0.0.202105311346/tools/bin/../lib/gcc/arm-none-eabi/9.3.1/../../../../arm-none-eabi/lib/thumb/v7e-m+fp/hard/rdimon-crt0.o
LOAD ./Core/Src/HD44780.o
LOAD ./Core/Src/freertos_idle.o
LOAD ./Core/Src/main.o
LOAD ./Core/Src/max30100_for_stm32_hal.o
LOAD ./Core/Src/stm32f4xx_hal_msp.o
LOAD ./Core/Src/stm32f4xx_hal_timebase_tim.o
LOAD ./Core/Src/stm32f4xx_it.o
LOAD ./Core/Src/sysmem.o
LOAD ./Core/Src/system_stm32f4xx.o
LOAD ./Core/Src/task_app.o
LOAD ./Core/Startup/startup_stm32f401retx.o
LOAD ./Drivers/STM32F4xx_HAL_Driver/Src/stm32f4xx_hal.o
LOAD ./Drivers/STM32F4xx_HAL_Driver/Src/stm32f4xx_hal_adc.o
LOAD ./Drivers/STM32F4xx_HAL_Driver/Src/stm32f4xx_hal_adc_ex.o
LOAD ./Drivers/STM32F4xx_HAL_Driver/Src/stm32f4xx_hal_cortex.o
LOAD ./Drivers/STM32F4xx_HAL_Driver/Src/stm32f4xx_hal_dma.o
LOAD ./Drivers/STM32F4xx_HAL_Driver/Src/stm32f4xx_hal_dma_ex.o
LOAD ./Drivers/STM32F4xx_HAL_Driver/Src/stm32f4xx_hal_exti.o
LOAD ./Drivers/STM32F4xx_HAL_Driver/Src/stm32f4xx_hal_flash.o
LOAD ./Drivers/STM32F4xx_HAL_Driver/Src/stm32f4xx_hal_flash_ex.o
LOAD ./Drivers/STM32F4xx_HAL_Driver/Src/stm32f4xx_hal_flash_ramfunc.o
LOAD ./Drivers/STM32F4xx_HAL_Driver/Src/stm32f4xx_hal_gpio.o
LOAD ./Drivers/STM32F4xx_HAL_Driver/Src/stm32f4xx_hal_i2c.o
LOAD ./Drivers/STM32F4xx_HAL_Driver/Src/stm32f4xx_hal_i2c_ex.o
LOAD ./Drivers/STM32F4xx_HAL_Driver/Src/stm32f4xx_hal_pwr.o
LOAD ./Drivers/STM32F4xx_HAL_Driver/Src/stm32f4xx_hal_pwr_ex.o
LOAD ./Drivers/STM32F4xx_HAL_Driver/Src/stm32f4xx_hal_rcc.o
LOAD ./Drivers/STM32F4xx_HAL_Driver/Src/stm32f4xx_hal_rcc_ex.o
LOAD ./Drivers/STM32F4xx_HAL_Driver/Src/stm32f4xx_hal_tim.o
LOAD ./Drivers/STM32F4xx_HAL_Driver/Src/stm32f4xx_hal_tim_ex.o
LOAD ./Drivers/STM32F4xx_HAL_Driver/Src/stm32f4xx_hal_uart.o
LOAD e:/stm/stm32cubeide_1.6.1/stm32cubeide/plugins/com.st.stm32cube.ide.mcu.externaltools.gnu-tools-for-stm32.9-2020-q2-update.win32_2.0.0.202105311346/tools/bin/../lib/gcc/arm-none-eabi/9.3.1/../../../../arm-none-eabi/lib/thumb/v7e-m+fp/hard\librdimon_nano.a
LOAD E:\STM\workspace\LibFreeRtos_2020104\Debug\libLibFreeRtos_2020104.a
LOAD e:/stm/stm32cubeide_1.6.1/stm32cubeide/plugins/com.st.stm32cube.ide.mcu.externaltools.gnu-tools-for-stm32.9-2020-q2-update.win32_2.0.0.202105311346/tools/bin/../lib/gcc/arm-none-eabi/9.3.1/../../../../arm-none-eabi/lib/thumb/v7e-m+fp/hard\libc_nano.a
LOAD e:/stm/stm32cubeide_1.6.1/stm32cubeide/plugins/com.st.stm32cube.ide.mcu.externaltools.gnu-tools-for-stm32.9-2020-q2-update.win32_2.0.0.202105311346/tools/bin/../lib/gcc/arm-none-eabi/9.3.1/../../../../arm-none-eabi/lib/thumb/v7e-m+fp/hard\librdimon_nano.a
START GROUP
LOAD e:/stm/stm32cubeide_1.6.1/stm32cubeide/plugins/com.st.stm32cube.ide.mcu.externaltools.gnu-tools-for-stm32.9-2020-q2-update.win32_2.0.0.202105311346/tools/bin/../lib/gcc/arm-none-eabi/9.3.1/../../../../arm-none-eabi/lib/thumb/v7e-m+fp/hard\libc_nano.a
LOAD e:/stm/stm32cubeide_1.6.1/stm32cubeide/plugins/com.st.stm32cube.ide.mcu.externaltools.gnu-tools-for-stm32.9-2020-q2-update.win32_2.0.0.202105311346/tools/bin/../lib/gcc/arm-none-eabi/9.3.1/../../../../arm-none-eabi/lib/thumb/v7e-m+fp/hard\libm.a
END GROUP
START GROUP
LOAD e:/stm/stm32cubeide_1.6.1/stm32cubeide/plugins/com.st.stm32cube.ide.mcu.externaltools.gnu-tools-for-stm32.9-2020-q2-update.win32_2.0.0.202105311346/tools/bin/../lib/gcc/arm-none-eabi/9.3.1/thumb/v7e-m+fp/hard\libgcc.a
LOAD e:/stm/stm32cubeide_1.6.1/stm32cubeide/plugins/com.st.stm32cube.ide.mcu.externaltools.gnu-tools-for-stm32.9-2020-q2-update.win32_2.0.0.202105311346/tools/bin/../lib/gcc/arm-none-eabi/9.3.1/../../../../arm-none-eabi/lib/thumb/v7e-m+fp/hard\libc_nano.a
END GROUP
START GROUP
LOAD e:/stm/stm32cubeide_1.6.1/stm32cubeide/plugins/com.st.stm32cube.ide.mcu.externaltools.gnu-tools-for-stm32.9-2020-q2-update.win32_2.0.0.202105311346/tools/bin/../lib/gcc/arm-none-eabi/9.3.1/thumb/v7e-m+fp/hard\libgcc.a
LOAD e:/stm/stm32cubeide_1.6.1/stm32cubeide/plugins/com.st.stm32cube.ide.mcu.externaltools.gnu-tools-for-stm32.9-2020-q2-update.win32_2.0.0.202105311346/tools/bin/../lib/gcc/arm-none-eabi/9.3.1/../../../../arm-none-eabi/lib/thumb/v7e-m+fp/hard\libc_nano.a
LOAD e:/stm/stm32cubeide_1.6.1/stm32cubeide/plugins/com.st.stm32cube.ide.mcu.externaltools.gnu-tools-for-stm32.9-2020-q2-update.win32_2.0.0.202105311346/tools/bin/../lib/gcc/arm-none-eabi/9.3.1/../../../../arm-none-eabi/lib/thumb/v7e-m+fp/hard\libnosys.a
END GROUP
START GROUP
LOAD e:/stm/stm32cubeide_1.6.1/stm32cubeide/plugins/com.st.stm32cube.ide.mcu.externaltools.gnu-tools-for-stm32.9-2020-q2-update.win32_2.0.0.202105311346/tools/bin/../lib/gcc/arm-none-eabi/9.3.1/thumb/v7e-m+fp/hard\libgcc.a
LOAD e:/stm/stm32cubeide_1.6.1/stm32cubeide/plugins/com.st.stm32cube.ide.mcu.externaltools.gnu-tools-for-stm32.9-2020-q2-update.win32_2.0.0.202105311346/tools/bin/../lib/gcc/arm-none-eabi/9.3.1/../../../../arm-none-eabi/lib/thumb/v7e-m+fp/hard\libc_nano.a
LOAD e:/stm/stm32cubeide_1.6.1/stm32cubeide/plugins/com.st.stm32cube.ide.mcu.externaltools.gnu-tools-for-stm32.9-2020-q2-update.win32_2.0.0.202105311346/tools/bin/../lib/gcc/arm-none-eabi/9.3.1/../../../../arm-none-eabi/lib/thumb/v7e-m+fp/hard\librdimon_nano.a
END GROUP
START GROUP
LOAD e:/stm/stm32cubeide_1.6.1/stm32cubeide/plugins/com.st.stm32cube.ide.mcu.externaltools.gnu-tools-for-stm32.9-2020-q2-update.win32_2.0.0.202105311346/tools/bin/../lib/gcc/arm-none-eabi/9.3.1/thumb/v7e-m+fp/hard\libgcc.a
LOAD e:/stm/stm32cubeide_1.6.1/stm32cubeide/plugins/com.st.stm32cube.ide.mcu.externaltools.gnu-tools-for-stm32.9-2020-q2-update.win32_2.0.0.202105311346/tools/bin/../lib/gcc/arm-none-eabi/9.3.1/../../../../arm-none-eabi/lib/thumb/v7e-m+fp/hard\libc_nano.a
LOAD e:/stm/stm32cubeide_1.6.1/stm32cubeide/plugins/com.st.stm32cube.ide.mcu.externaltools.gnu-tools-for-stm32.9-2020-q2-update.win32_2.0.0.202105311346/tools/bin/../lib/gcc/arm-none-eabi/9.3.1/../../../../arm-none-eabi/lib/thumb/v7e-m+fp/hard\librdimon_nano.a
LOAD e:/stm/stm32cubeide_1.6.1/stm32cubeide/plugins/com.st.stm32cube.ide.mcu.externaltools.gnu-tools-for-stm32.9-2020-q2-update.win32_2.0.0.202105311346/tools/bin/../lib/gcc/arm-none-eabi/9.3.1/../../../../arm-none-eabi/lib/thumb/v7e-m+fp/hard\libnosys.a
END GROUP
LOAD e:/stm/stm32cubeide_1.6.1/stm32cubeide/plugins/com.st.stm32cube.ide.mcu.externaltools.gnu-tools-for-stm32.9-2020-q2-update.win32_2.0.0.202105311346/tools/bin/../lib/gcc/arm-none-eabi/9.3.1/thumb/v7e-m+fp/hard/crtend.o
LOAD e:/stm/stm32cubeide_1.6.1/stm32cubeide/plugins/com.st.stm32cube.ide.mcu.externaltools.gnu-tools-for-stm32.9-2020-q2-update.win32_2.0.0.202105311346/tools/bin/../lib/gcc/arm-none-eabi/9.3.1/thumb/v7e-m+fp/hard/crtn.o
                0x0000000020018000                _estack = (ORIGIN (RAM) + LENGTH (RAM))
                0x0000000000000200                _Min_Heap_Size = 0x200
                0x0000000000000400                _Min_Stack_Size = 0x400

.isr_vector     0x0000000008000000      0x194
                0x0000000008000000                . = ALIGN (0x4)
 *(.isr_vector)
 .isr_vector    0x0000000008000000      0x194 ./Core/Startup/startup_stm32f401retx.o
                0x0000000008000000                g_pfnVectors
                0x0000000008000194                . = ALIGN (0x4)

.text           0x00000000080001a0     0xc6d4
                0x00000000080001a0                . = ALIGN (0x4)
 *(.text)
 .text          0x00000000080001a0       0x40 e:/stm/stm32cubeide_1.6.1/stm32cubeide/plugins/com.st.stm32cube.ide.mcu.externaltools.gnu-tools-for-stm32.9-2020-q2-update.win32_2.0.0.202105311346/tools/bin/../lib/gcc/arm-none-eabi/9.3.1/thumb/v7e-m+fp/hard/crtbegin.o
 .text          0x00000000080001e0       0x10 e:/stm/stm32cubeide_1.6.1/stm32cubeide/plugins/com.st.stm32cube.ide.mcu.externaltools.gnu-tools-for-stm32.9-2020-q2-update.win32_2.0.0.202105311346/tools/bin/../lib/gcc/arm-none-eabi/9.3.1/../../../../arm-none-eabi/lib/thumb/v7e-m+fp/hard\libc_nano.a(lib_a-strlen.o)
                0x00000000080001e0                strlen
 .text          0x00000000080001f0       0xa0 e:/stm/stm32cubeide_1.6.1/stm32cubeide/plugins/com.st.stm32cube.ide.mcu.externaltools.gnu-tools-for-stm32.9-2020-q2-update.win32_2.0.0.202105311346/tools/bin/../lib/gcc/arm-none-eabi/9.3.1/../../../../arm-none-eabi/lib/thumb/v7e-m+fp/hard\libc_nano.a(lib_a-memchr.o)
                0x00000000080001f0                memchr
 .text          0x0000000008000290      0x378 e:/stm/stm32cubeide_1.6.1/stm32cubeide/plugins/com.st.stm32cube.ide.mcu.externaltools.gnu-tools-for-stm32.9-2020-q2-update.win32_2.0.0.202105311346/tools/bin/../lib/gcc/arm-none-eabi/9.3.1/thumb/v7e-m+fp/hard\libgcc.a(_arm_addsubdf3.o)
                0x0000000008000290                __aeabi_drsub
                0x0000000008000298                __aeabi_dsub
                0x0000000008000298                __subdf3
                0x000000000800029c                __aeabi_dadd
                0x000000000800029c                __adddf3
                0x0000000008000514                __floatunsidf
                0x0000000008000514                __aeabi_ui2d
                0x0000000008000534                __floatsidf
                0x0000000008000534                __aeabi_i2d
                0x0000000008000558                __aeabi_f2d
                0x0000000008000558                __extendsfdf2
                0x000000000800059c                __floatundidf
                0x000000000800059c                __aeabi_ul2d
                0x00000000080005ac                __floatdidf
                0x00000000080005ac                __aeabi_l2d
 .text          0x0000000008000608      0x424 e:/stm/stm32cubeide_1.6.1/stm32cubeide/plugins/com.st.stm32cube.ide.mcu.externaltools.gnu-tools-for-stm32.9-2020-q2-update.win32_2.0.0.202105311346/tools/bin/../lib/gcc/arm-none-eabi/9.3.1/thumb/v7e-m+fp/hard\libgcc.a(_arm_muldivdf3.o)
                0x0000000008000608                __aeabi_dmul
                0x0000000008000608                __muldf3
                0x000000000800085c                __divdf3
                0x000000000800085c                __aeabi_ddiv
 .text          0x0000000008000a2c      0x110 e:/stm/stm32cubeide_1.6.1/stm32cubeide/plugins/com.st.stm32cube.ide.mcu.externaltools.gnu-tools-for-stm32.9-2020-q2-update.win32_2.0.0.202105311346/tools/bin/../lib/gcc/arm-none-eabi/9.3.1/thumb/v7e-m+fp/hard\libgcc.a(_arm_cmpdf2.o)
                0x0000000008000a2c                __gtdf2
                0x0000000008000a2c                __gedf2
                0x0000000008000a34                __ltdf2
                0x0000000008000a34                __ledf2
                0x0000000008000a3c                __nedf2
                0x0000000008000a3c                __eqdf2
                0x0000000008000a3c                __cmpdf2
                0x0000000008000ab8                __aeabi_cdrcmple
                0x0000000008000ac8                __aeabi_cdcmpeq
                0x0000000008000ac8                __aeabi_cdcmple
                0x0000000008000ad8                __aeabi_dcmpeq
                0x0000000008000aec                __aeabi_dcmplt
                0x0000000008000b00                __aeabi_dcmple
                0x0000000008000b14                __aeabi_dcmpge
                0x0000000008000b28                __aeabi_dcmpgt
 .text          0x0000000008000b3c       0x2c e:/stm/stm32cubeide_1.6.1/stm32cubeide/plugins/com.st.stm32cube.ide.mcu.externaltools.gnu-tools-for-stm32.9-2020-q2-update.win32_2.0.0.202105311346/tools/bin/../lib/gcc/arm-none-eabi/9.3.1/thumb/v7e-m+fp/hard\libgcc.a(_arm_unorddf2.o)
                0x0000000008000b3c                __unorddf2
                0x0000000008000b3c                __aeabi_dcmpun
 .text          0x0000000008000b68       0x50 e:/stm/stm32cubeide_1.6.1/stm32cubeide/plugins/com.st.stm32cube.ide.mcu.externaltools.gnu-tools-for-stm32.9-2020-q2-update.win32_2.0.0.202105311346/tools/bin/../lib/gcc/arm-none-eabi/9.3.1/thumb/v7e-m+fp/hard\libgcc.a(_arm_fixdfsi.o)
                0x0000000008000b68                __aeabi_d2iz
                0x0000000008000b68                __fixdfsi
 .text          0x0000000008000bb8       0x30 e:/stm/stm32cubeide_1.6.1/stm32cubeide/plugins/com.st.stm32cube.ide.mcu.externaltools.gnu-tools-for-stm32.9-2020-q2-update.win32_2.0.0.202105311346/tools/bin/../lib/gcc/arm-none-eabi/9.3.1/thumb/v7e-m+fp/hard\libgcc.a(_aeabi_uldivmod.o)
                0x0000000008000bb8                __aeabi_uldivmod
 .text          0x0000000008000be8      0x2c4 e:/stm/stm32cubeide_1.6.1/stm32cubeide/plugins/com.st.stm32cube.ide.mcu.externaltools.gnu-tools-for-stm32.9-2020-q2-update.win32_2.0.0.202105311346/tools/bin/../lib/gcc/arm-none-eabi/9.3.1/thumb/v7e-m+fp/hard\libgcc.a(_udivmoddi4.o)
                0x0000000008000be8                __udivmoddi4
 .text          0x0000000008000eac        0x4 e:/stm/stm32cubeide_1.6.1/stm32cubeide/plugins/com.st.stm32cube.ide.mcu.externaltools.gnu-tools-for-stm32.9-2020-q2-update.win32_2.0.0.202105311346/tools/bin/../lib/gcc/arm-none-eabi/9.3.1/thumb/v7e-m+fp/hard\libgcc.a(_dvmd_tls.o)
                0x0000000008000eac                __aeabi_idiv0
                0x0000000008000eac                __aeabi_ldiv0
 *(.text*)
 .text.HD44780_init
                0x0000000008000eb0      0x188 ./Core/Src/HD44780.o
                0x0000000008000eb0                HD44780_init
 .text.HD44780_cursor_to
                0x0000000008001038       0x54 ./Core/Src/HD44780.o
                0x0000000008001038                HD44780_cursor_to
 .text.HD44780_put_char
                0x000000000800108c       0x80 ./Core/Src/HD44780.o
                0x000000000800108c                HD44780_put_char
 .text.HD44780_put_str
                0x000000000800110c       0x3c ./Core/Src/HD44780.o
                0x000000000800110c                HD44780_put_str
 .text.GPIO_init
                0x0000000008001148       0x3e ./Core/Src/HD44780.o
 .text.HD44780_set_data_mode
                0x0000000008001186       0x9e ./Core/Src/HD44780.o
 .text.HD44780_pull_value
                0x0000000008001224      0x1ca ./Core/Src/HD44780.o
 .text.HD44780_push_value
                0x00000000080013ee      0x174 ./Core/Src/HD44780.o
 .text.HD44780_read_byte
                0x0000000008001562       0x7a ./Core/Src/HD44780.o
 .text.HD44780_write_byte
                0x00000000080015dc       0x80 ./Core/Src/HD44780.o
 .text.HD44780_write_init
                0x000000000800165c       0x38 ./Core/Src/HD44780.o
 .text.HD44780_get_address
                0x0000000008001694       0x2e ./Core/Src/HD44780.o
 .text.HD44780_write_instruction
                0x00000000080016c2       0x20 ./Core/Src/HD44780.o
 .text.HD44780_write_data
                0x00000000080016e2       0x20 ./Core/Src/HD44780.o
 .text.HD44780_get_current_line
                0x0000000008001702       0x3a ./Core/Src/HD44780.o
 .text.DWT_Delay_Init
                0x000000000800173c       0x40 ./Core/Src/HD44780.o
                0x000000000800173c                DWT_Delay_Init
 .text.vApplicationGetIdleTaskMemory
                0x000000000800177c       0x34 ./Core/Src/freertos_idle.o
                0x000000000800177c                vApplicationGetIdleTaskMemory
 .text.main     0x00000000080017b0      0x1a8 ./Core/Src/main.o
                0x00000000080017b0                main
 .text.SystemClock_Config
                0x0000000008001958       0xc0 ./Core/Src/main.o
                0x0000000008001958                SystemClock_Config
 .text.MX_ADC1_Init
                0x0000000008001a18       0xa4 ./Core/Src/main.o
 .text.MX_I2C1_Init
                0x0000000008001abc       0x5c ./Core/Src/main.o
 .text.MX_TIM2_Init
                0x0000000008001b18       0xe8 ./Core/Src/main.o
 .text.MX_USART2_UART_Init
                0x0000000008001c00       0x54 ./Core/Src/main.o
 .text.MX_GPIO_Init
                0x0000000008001c54      0x180 ./Core/Src/main.o
 .text.HAL_TIM_PeriodElapsedCallback
                0x0000000008001dd4       0x24 ./Core/Src/main.o
                0x0000000008001dd4                HAL_TIM_PeriodElapsedCallback
 .text.Error_Handler
                0x0000000008001df8        0xa ./Core/Src/main.o
                0x0000000008001df8                Error_Handler
 *fill*         0x0000000008001e02        0x2 
 .text.MAX30100_Init
                0x0000000008001e04       0x30 ./Core/Src/max30100_for_stm32_hal.o
                0x0000000008001e04                MAX30100_Init
 .text.MAX30100_ReadReg
                0x0000000008001e34       0x48 ./Core/Src/max30100_for_stm32_hal.o
                0x0000000008001e34                MAX30100_ReadReg
 .text.MAX30100_WriteReg
                0x0000000008001e7c       0x3c ./Core/Src/max30100_for_stm32_hal.o
                0x0000000008001e7c                MAX30100_WriteReg
 .text.MAX30100_EnableInterrupt
                0x0000000008001eb8       0x68 ./Core/Src/max30100_for_stm32_hal.o
                0x0000000008001eb8                MAX30100_EnableInterrupt
 .text.MAX30100_InterruptHandler
                0x0000000008001f20       0x38 ./Core/Src/max30100_for_stm32_hal.o
                0x0000000008001f20                MAX30100_InterruptHandler
 .text.MAX30100_SetMode
                0x0000000008001f58       0x98 ./Core/Src/max30100_for_stm32_hal.o
                0x0000000008001f58                MAX30100_SetMode
 .text.MAX30100_SetLEDCurrent
                0x0000000008001ff0       0x44 ./Core/Src/max30100_for_stm32_hal.o
                0x0000000008001ff0                MAX30100_SetLEDCurrent
 .text.MAX30100_ClearFIFO
                0x0000000008002034       0x20 ./Core/Src/max30100_for_stm32_hal.o
                0x0000000008002034                MAX30100_ClearFIFO
 .text.MAX30100_ReadFIFO
                0x0000000008002054       0xb8 ./Core/Src/max30100_for_stm32_hal.o
                0x0000000008002054                MAX30100_ReadFIFO
 .text.MAX30100_Stop
                0x000000000800210c       0x24 ./Core/Src/max30100_for_stm32_hal.o
                0x000000000800210c                MAX30100_Stop
 .text.MAX30100_Resume
                0x0000000008002130       0x16 ./Core/Src/max30100_for_stm32_hal.o
                0x0000000008002130                MAX30100_Resume
 *fill*         0x0000000008002146        0x2 
 .text.HAL_MspInit
                0x0000000008002148       0x50 ./Core/Src/stm32f4xx_hal_msp.o
                0x0000000008002148                HAL_MspInit
 .text.HAL_ADC_MspInit
                0x0000000008002198       0x98 ./Core/Src/stm32f4xx_hal_msp.o
                0x0000000008002198                HAL_ADC_MspInit
 .text.HAL_I2C_MspInit
                0x0000000008002230       0x90 ./Core/Src/stm32f4xx_hal_msp.o
                0x0000000008002230                HAL_I2C_MspInit
 .text.HAL_TIM_Base_MspInit
                0x00000000080022c0       0x40 ./Core/Src/stm32f4xx_hal_msp.o
                0x00000000080022c0                HAL_TIM_Base_MspInit
 .text.HAL_UART_MspInit
                0x0000000008002300       0xa0 ./Core/Src/stm32f4xx_hal_msp.o
                0x0000000008002300                HAL_UART_MspInit
 .text.HAL_InitTick
                0x00000000080023a0       0xb0 ./Core/Src/stm32f4xx_hal_timebase_tim.o
                0x00000000080023a0                HAL_InitTick
 .text.NMI_Handler
                0x0000000008002450        0x6 ./Core/Src/stm32f4xx_it.o
                0x0000000008002450                NMI_Handler
 .text.HardFault_Handler
                0x0000000008002456        0x6 ./Core/Src/stm32f4xx_it.o
                0x0000000008002456                HardFault_Handler
 .text.MemManage_Handler
                0x000000000800245c        0x6 ./Core/Src/stm32f4xx_it.o
                0x000000000800245c                MemManage_Handler
 .text.BusFault_Handler
                0x0000000008002462        0x6 ./Core/Src/stm32f4xx_it.o
                0x0000000008002462                BusFault_Handler
 .text.UsageFault_Handler
                0x0000000008002468        0x6 ./Core/Src/stm32f4xx_it.o
                0x0000000008002468                UsageFault_Handler
 .text.DebugMon_Handler
                0x000000000800246e        0xe ./Core/Src/stm32f4xx_it.o
                0x000000000800246e                DebugMon_Handler
 .text.EXTI0_IRQHandler
                0x000000000800247c        0xe ./Core/Src/stm32f4xx_it.o
                0x000000000800247c                EXTI0_IRQHandler
 *fill*         0x000000000800248a        0x2 
 .text.ADC_IRQHandler
                0x000000000800248c       0x14 ./Core/Src/stm32f4xx_it.o
                0x000000000800248c                ADC_IRQHandler
 .text.EXTI9_5_IRQHandler
                0x00000000080024a0       0x12 ./Core/Src/stm32f4xx_it.o
                0x00000000080024a0                EXTI9_5_IRQHandler
 *fill*         0x00000000080024b2        0x2 
 .text.TIM1_UP_TIM10_IRQHandler
                0x00000000080024b4       0x14 ./Core/Src/stm32f4xx_it.o
                0x00000000080024b4                TIM1_UP_TIM10_IRQHandler
 .text.USART2_IRQHandler
                0x00000000080024c8       0x14 ./Core/Src/stm32f4xx_it.o
                0x00000000080024c8                USART2_IRQHandler
 .text.EXTI15_10_IRQHandler
                0x00000000080024dc       0x10 ./Core/Src/stm32f4xx_it.o
                0x00000000080024dc                EXTI15_10_IRQHandler
 .text._sbrk    0x00000000080024ec       0x6c ./Core/Src/sysmem.o
                0x00000000080024ec                _sbrk
 .text.SystemInit
                0x0000000008002558       0x2c ./Core/Src/system_stm32f4xx.o
                0x0000000008002558                SystemInit
 .text.xLcdTask
                0x0000000008002584       0xe0 ./Core/Src/task_app.o
                0x0000000008002584                xLcdTask
 .text.xAdcTask
                0x0000000008002664       0xe4 ./Core/Src/task_app.o
                0x0000000008002664                xAdcTask
 .text.HAL_ADC_ConvCpltCallback
                0x0000000008002748       0x54 ./Core/Src/task_app.o
                0x0000000008002748                HAL_ADC_ConvCpltCallback
 .text.xPulsoTask
                0x000000000800279c       0xd8 ./Core/Src/task_app.o
                0x000000000800279c                xPulsoTask
 .text.vTaskControl
                0x0000000008002874      0x11c ./Core/Src/task_app.o
                0x0000000008002874                vTaskControl
 .text.vSenderTask_Temp
                0x0000000008002990       0xd8 ./Core/Src/task_app.o
                0x0000000008002990                vSenderTask_Temp
 .text.vSenderTask_Heart
                0x0000000008002a68       0xd4 ./Core/Src/task_app.o
                0x0000000008002a68                vSenderTask_Heart
 .text.HAL_GPIO_EXTI_Callback
                0x0000000008002b3c       0x84 ./Core/Src/task_app.o
                0x0000000008002b3c                HAL_GPIO_EXTI_Callback
 .text.Reset_Handler
                0x0000000008002bc0       0x50 ./Core/Startup/startup_stm32f401retx.o
                0x0000000008002bc0                Reset_Handler
 .text.Default_Handler
                0x0000000008002c10        0x2 ./Core/Startup/startup_stm32f401retx.o
                0x0000000008002c10                RTC_Alarm_IRQHandler
                0x0000000008002c10                EXTI2_IRQHandler
                0x0000000008002c10                SPI4_IRQHandler
                0x0000000008002c10                TIM1_CC_IRQHandler
                0x0000000008002c10                DMA2_Stream5_IRQHandler
                0x0000000008002c10                DMA1_Stream5_IRQHandler
                0x0000000008002c10                PVD_IRQHandler
                0x0000000008002c10                SDIO_IRQHandler
                0x0000000008002c10                TAMP_STAMP_IRQHandler
                0x0000000008002c10                EXTI3_IRQHandler
                0x0000000008002c10                I2C3_ER_IRQHandler
                0x0000000008002c10                I2C2_EV_IRQHandler
                0x0000000008002c10                DMA1_Stream2_IRQHandler
                0x0000000008002c10                FPU_IRQHandler
                0x0000000008002c10                DMA2_Stream2_IRQHandler
                0x0000000008002c10                SPI1_IRQHandler
                0x0000000008002c10                TIM1_BRK_TIM9_IRQHandler
                0x0000000008002c10                DMA2_Stream3_IRQHandler
                0x0000000008002c10                USART6_IRQHandler
                0x0000000008002c10                DMA2_Stream0_IRQHandler
                0x0000000008002c10                TIM4_IRQHandler
                0x0000000008002c10                I2C1_EV_IRQHandler
                0x0000000008002c10                DMA1_Stream6_IRQHandler
                0x0000000008002c10                DMA1_Stream1_IRQHandler
                0x0000000008002c10                TIM3_IRQHandler
                0x0000000008002c10                RCC_IRQHandler
                0x0000000008002c10                Default_Handler
                0x0000000008002c10                DMA1_Stream7_IRQHandler
                0x0000000008002c10                TIM5_IRQHandler
                0x0000000008002c10                DMA2_Stream7_IRQHandler
                0x0000000008002c10                I2C3_EV_IRQHandler
                0x0000000008002c10                RTC_WKUP_IRQHandler
                0x0000000008002c10                SPI2_IRQHandler
                0x0000000008002c10                DMA1_Stream0_IRQHandler
                0x0000000008002c10                EXTI4_IRQHandler
                0x0000000008002c10                WWDG_IRQHandler
                0x0000000008002c10                TIM2_IRQHandler
                0x0000000008002c10                OTG_FS_WKUP_IRQHandler
                0x0000000008002c10                TIM1_TRG_COM_TIM11_IRQHandler
                0x0000000008002c10                EXTI1_IRQHandler
                0x0000000008002c10                I2C2_ER_IRQHandler
                0x0000000008002c10                DMA2_Stream1_IRQHandler
                0x0000000008002c10                FLASH_IRQHandler
                0x0000000008002c10                DMA2_Stream4_IRQHandler
                0x0000000008002c10                USART1_IRQHandler
                0x0000000008002c10                OTG_FS_IRQHandler
                0x0000000008002c10                SPI3_IRQHandler
                0x0000000008002c10                DMA1_Stream4_IRQHandler
                0x0000000008002c10                I2C1_ER_IRQHandler
                0x0000000008002c10                DMA2_Stream6_IRQHandler
                0x0000000008002c10                DMA1_Stream3_IRQHandler
 *fill*         0x0000000008002c12        0x2 
 .text.HAL_Init
                0x0000000008002c14       0x44 ./Drivers/STM32F4xx_HAL_Driver/Src/stm32f4xx_hal.o
                0x0000000008002c14                HAL_Init
 .text.HAL_IncTick
                0x0000000008002c58       0x28 ./Drivers/STM32F4xx_HAL_Driver/Src/stm32f4xx_hal.o
                0x0000000008002c58                HAL_IncTick
 .text.HAL_GetTick
                0x0000000008002c80       0x18 ./Drivers/STM32F4xx_HAL_Driver/Src/stm32f4xx_hal.o
                0x0000000008002c80                HAL_GetTick
 .text.HAL_Delay
                0x0000000008002c98       0x48 ./Drivers/STM32F4xx_HAL_Driver/Src/stm32f4xx_hal.o
                0x0000000008002c98                HAL_Delay
 .text.HAL_ADC_Init
                0x0000000008002ce0       0x86 ./Drivers/STM32F4xx_HAL_Driver/Src/stm32f4xx_hal_adc.o
                0x0000000008002ce0                HAL_ADC_Init
 *fill*         0x0000000008002d66        0x2 
 .text.HAL_ADC_Start_IT
                0x0000000008002d68      0x160 ./Drivers/STM32F4xx_HAL_Driver/Src/stm32f4xx_hal_adc.o
                0x0000000008002d68                HAL_ADC_Start_IT
 .text.HAL_ADC_IRQHandler
                0x0000000008002ec8      0x282 ./Drivers/STM32F4xx_HAL_Driver/Src/stm32f4xx_hal_adc.o
                0x0000000008002ec8                HAL_ADC_IRQHandler
 .text.HAL_ADC_GetValue
                0x000000000800314a       0x1a ./Drivers/STM32F4xx_HAL_Driver/Src/stm32f4xx_hal_adc.o
                0x000000000800314a                HAL_ADC_GetValue
 .text.HAL_ADC_LevelOutOfWindowCallback
                0x0000000008003164       0x14 ./Drivers/STM32F4xx_HAL_Driver/Src/stm32f4xx_hal_adc.o
                0x0000000008003164                HAL_ADC_LevelOutOfWindowCallback
 .text.HAL_ADC_ErrorCallback
                0x0000000008003178       0x14 ./Drivers/STM32F4xx_HAL_Driver/Src/stm32f4xx_hal_adc.o
                0x0000000008003178                HAL_ADC_ErrorCallback
 .text.HAL_ADC_ConfigChannel
                0x000000000800318c      0x244 ./Drivers/STM32F4xx_HAL_Driver/Src/stm32f4xx_hal_adc.o
                0x000000000800318c                HAL_ADC_ConfigChannel
 .text.ADC_Init
                0x00000000080033d0      0x1f8 ./Drivers/STM32F4xx_HAL_Driver/Src/stm32f4xx_hal_adc.o
 .text.HAL_ADCEx_InjectedConvCpltCallback
                0x00000000080035c8       0x14 ./Drivers/STM32F4xx_HAL_Driver/Src/stm32f4xx_hal_adc_ex.o
                0x00000000080035c8                HAL_ADCEx_InjectedConvCpltCallback
 .text.__NVIC_SetPriorityGrouping
                0x00000000080035dc       0x48 ./Drivers/STM32F4xx_HAL_Driver/Src/stm32f4xx_hal_cortex.o
 .text.__NVIC_GetPriorityGrouping
                0x0000000008003624       0x1c ./Drivers/STM32F4xx_HAL_Driver/Src/stm32f4xx_hal_cortex.o
 .text.__NVIC_EnableIRQ
                0x0000000008003640       0x3c ./Drivers/STM32F4xx_HAL_Driver/Src/stm32f4xx_hal_cortex.o
 .text.__NVIC_SetPriority
                0x000000000800367c       0x54 ./Drivers/STM32F4xx_HAL_Driver/Src/stm32f4xx_hal_cortex.o
 .text.NVIC_EncodePriority
                0x00000000080036d0       0x66 ./Drivers/STM32F4xx_HAL_Driver/Src/stm32f4xx_hal_cortex.o
 .text.HAL_NVIC_SetPriorityGrouping
                0x0000000008003736       0x16 ./Drivers/STM32F4xx_HAL_Driver/Src/stm32f4xx_hal_cortex.o
                0x0000000008003736                HAL_NVIC_SetPriorityGrouping
 .text.HAL_NVIC_SetPriority
                0x000000000800374c       0x38 ./Drivers/STM32F4xx_HAL_Driver/Src/stm32f4xx_hal_cortex.o
                0x000000000800374c                HAL_NVIC_SetPriority
 .text.HAL_NVIC_EnableIRQ
                0x0000000008003784       0x1c ./Drivers/STM32F4xx_HAL_Driver/Src/stm32f4xx_hal_cortex.o
                0x0000000008003784                HAL_NVIC_EnableIRQ
 .text.HAL_DMA_Abort_IT
                0x00000000080037a0       0x44 ./Drivers/STM32F4xx_HAL_Driver/Src/stm32f4xx_hal_dma.o
                0x00000000080037a0                HAL_DMA_Abort_IT
 .text.HAL_GPIO_Init
                0x00000000080037e4      0x308 ./Drivers/STM32F4xx_HAL_Driver/Src/stm32f4xx_hal_gpio.o
                0x00000000080037e4                HAL_GPIO_Init
 .text.HAL_GPIO_ReadPin
                0x0000000008003aec       0x30 ./Drivers/STM32F4xx_HAL_Driver/Src/stm32f4xx_hal_gpio.o
                0x0000000008003aec                HAL_GPIO_ReadPin
 .text.HAL_GPIO_WritePin
                0x0000000008003b1c       0x32 ./Drivers/STM32F4xx_HAL_Driver/Src/stm32f4xx_hal_gpio.o
                0x0000000008003b1c                HAL_GPIO_WritePin
 *fill*         0x0000000008003b4e        0x2 
 .text.HAL_GPIO_EXTI_IRQHandler
                0x0000000008003b50       0x30 ./Drivers/STM32F4xx_HAL_Driver/Src/stm32f4xx_hal_gpio.o
                0x0000000008003b50                HAL_GPIO_EXTI_IRQHandler
 .text.HAL_I2C_Init
                0x0000000008003b80      0x288 ./Drivers/STM32F4xx_HAL_Driver/Src/stm32f4xx_hal_i2c.o
                0x0000000008003b80                HAL_I2C_Init
 .text.HAL_I2C_Master_Transmit
                0x0000000008003e08      0x1fc ./Drivers/STM32F4xx_HAL_Driver/Src/stm32f4xx_hal_i2c.o
                0x0000000008003e08                HAL_I2C_Master_Transmit
 .text.HAL_I2C_Master_Receive
                0x0000000008004004      0x44c ./Drivers/STM32F4xx_HAL_Driver/Src/stm32f4xx_hal_i2c.o
                0x0000000008004004                HAL_I2C_Master_Receive
 .text.I2C_MasterRequestWrite
                0x0000000008004450      0x104 ./Drivers/STM32F4xx_HAL_Driver/Src/stm32f4xx_hal_i2c.o
 .text.I2C_MasterRequestRead
                0x0000000008004554      0x19c ./Drivers/STM32F4xx_HAL_Driver/Src/stm32f4xx_hal_i2c.o
 .text.I2C_WaitOnFlagUntilTimeout
                0x00000000080046f0       0xae ./Drivers/STM32F4xx_HAL_Driver/Src/stm32f4xx_hal_i2c.o
 .text.I2C_WaitOnMasterAddressFlagUntilTimeout
                0x000000000800479e       0xfe ./Drivers/STM32F4xx_HAL_Driver/Src/stm32f4xx_hal_i2c.o
 .text.I2C_WaitOnTXEFlagUntilTimeout
                0x000000000800489c       0x82 ./Drivers/STM32F4xx_HAL_Driver/Src/stm32f4xx_hal_i2c.o
 .text.I2C_WaitOnBTFFlagUntilTimeout
                0x000000000800491e       0x82 ./Drivers/STM32F4xx_HAL_Driver/Src/stm32f4xx_hal_i2c.o
 .text.I2C_WaitOnRXNEFlagUntilTimeout
                0x00000000080049a0       0xac ./Drivers/STM32F4xx_HAL_Driver/Src/stm32f4xx_hal_i2c.o
 .text.I2C_IsAcknowledgeFailed
                0x0000000008004a4c       0x5e ./Drivers/STM32F4xx_HAL_Driver/Src/stm32f4xx_hal_i2c.o
 *fill*         0x0000000008004aaa        0x2 
 .text.HAL_RCC_OscConfig
                0x0000000008004aac      0x4e0 ./Drivers/STM32F4xx_HAL_Driver/Src/stm32f4xx_hal_rcc.o
                0x0000000008004aac                HAL_RCC_OscConfig
 .text.HAL_RCC_ClockConfig
                0x0000000008004f8c      0x1cc ./Drivers/STM32F4xx_HAL_Driver/Src/stm32f4xx_hal_rcc.o
                0x0000000008004f8c                HAL_RCC_ClockConfig
 .text.HAL_RCC_GetSysClockFreq
                0x0000000008005158      0x16c ./Drivers/STM32F4xx_HAL_Driver/Src/stm32f4xx_hal_rcc.o
                0x0000000008005158                HAL_RCC_GetSysClockFreq
 .text.HAL_RCC_GetHCLKFreq
                0x00000000080052c4       0x18 ./Drivers/STM32F4xx_HAL_Driver/Src/stm32f4xx_hal_rcc.o
                0x00000000080052c4                HAL_RCC_GetHCLKFreq
 .text.HAL_RCC_GetPCLK1Freq
                0x00000000080052dc       0x28 ./Drivers/STM32F4xx_HAL_Driver/Src/stm32f4xx_hal_rcc.o
                0x00000000080052dc                HAL_RCC_GetPCLK1Freq
 .text.HAL_RCC_GetPCLK2Freq
                0x0000000008005304       0x28 ./Drivers/STM32F4xx_HAL_Driver/Src/stm32f4xx_hal_rcc.o
                0x0000000008005304                HAL_RCC_GetPCLK2Freq
 .text.HAL_RCC_GetClockConfig
                0x000000000800532c       0x64 ./Drivers/STM32F4xx_HAL_Driver/Src/stm32f4xx_hal_rcc.o
                0x000000000800532c                HAL_RCC_GetClockConfig
 .text.HAL_TIM_Base_Init
                0x0000000008005390       0x56 ./Drivers/STM32F4xx_HAL_Driver/Src/stm32f4xx_hal_tim.o
                0x0000000008005390                HAL_TIM_Base_Init
 .text.HAL_TIM_Base_Start_IT
                0x00000000080053e6       0x48 ./Drivers/STM32F4xx_HAL_Driver/Src/stm32f4xx_hal_tim.o
                0x00000000080053e6                HAL_TIM_Base_Start_IT
 .text.HAL_TIM_OC_Init
                0x000000000800542e       0x56 ./Drivers/STM32F4xx_HAL_Driver/Src/stm32f4xx_hal_tim.o
                0x000000000800542e                HAL_TIM_OC_Init
 .text.HAL_TIM_OC_MspInit
                0x0000000008005484       0x14 ./Drivers/STM32F4xx_HAL_Driver/Src/stm32f4xx_hal_tim.o
                0x0000000008005484                HAL_TIM_OC_MspInit
 .text.HAL_TIM_PWM_Start
                0x0000000008005498       0x64 ./Drivers/STM32F4xx_HAL_Driver/Src/stm32f4xx_hal_tim.o
                0x0000000008005498                HAL_TIM_PWM_Start
 .text.HAL_TIM_IRQHandler
                0x00000000080054fc      0x210 ./Drivers/STM32F4xx_HAL_Driver/Src/stm32f4xx_hal_tim.o
                0x00000000080054fc                HAL_TIM_IRQHandler
 .text.HAL_TIM_OC_ConfigChannel
                0x000000000800570c       0xc0 ./Drivers/STM32F4xx_HAL_Driver/Src/stm32f4xx_hal_tim.o
                0x000000000800570c                HAL_TIM_OC_ConfigChannel
 .text.HAL_TIM_ConfigClockSource
                0x00000000080057cc      0x188 ./Drivers/STM32F4xx_HAL_Driver/Src/stm32f4xx_hal_tim.o
                0x00000000080057cc                HAL_TIM_ConfigClockSource
 .text.HAL_TIM_OC_DelayElapsedCallback
                0x0000000008005954       0x14 ./Drivers/STM32F4xx_HAL_Driver/Src/stm32f4xx_hal_tim.o
                0x0000000008005954                HAL_TIM_OC_DelayElapsedCallback
 .text.HAL_TIM_IC_CaptureCallback
                0x0000000008005968       0x14 ./Drivers/STM32F4xx_HAL_Driver/Src/stm32f4xx_hal_tim.o
                0x0000000008005968                HAL_TIM_IC_CaptureCallback
 .text.HAL_TIM_PWM_PulseFinishedCallback
                0x000000000800597c       0x14 ./Drivers/STM32F4xx_HAL_Driver/Src/stm32f4xx_hal_tim.o
                0x000000000800597c                HAL_TIM_PWM_PulseFinishedCallback
 .text.HAL_TIM_TriggerCallback
                0x0000000008005990       0x14 ./Drivers/STM32F4xx_HAL_Driver/Src/stm32f4xx_hal_tim.o
                0x0000000008005990                HAL_TIM_TriggerCallback
 .text.TIM_Base_SetConfig
                0x00000000080059a4      0x100 ./Drivers/STM32F4xx_HAL_Driver/Src/stm32f4xx_hal_tim.o
                0x00000000080059a4                TIM_Base_SetConfig
 .text.TIM_OC1_SetConfig
                0x0000000008005aa4       0xcc ./Drivers/STM32F4xx_HAL_Driver/Src/stm32f4xx_hal_tim.o
 .text.TIM_OC2_SetConfig
                0x0000000008005b70       0xd8 ./Drivers/STM32F4xx_HAL_Driver/Src/stm32f4xx_hal_tim.o
                0x0000000008005b70                TIM_OC2_SetConfig
 .text.TIM_OC3_SetConfig
                0x0000000008005c48       0xd4 ./Drivers/STM32F4xx_HAL_Driver/Src/stm32f4xx_hal_tim.o
 .text.TIM_OC4_SetConfig
                0x0000000008005d1c       0xa0 ./Drivers/STM32F4xx_HAL_Driver/Src/stm32f4xx_hal_tim.o
 .text.TIM_TI1_ConfigInputStage
                0x0000000008005dbc       0x5e ./Drivers/STM32F4xx_HAL_Driver/Src/stm32f4xx_hal_tim.o
 .text.TIM_TI2_ConfigInputStage
                0x0000000008005e1a       0x60 ./Drivers/STM32F4xx_HAL_Driver/Src/stm32f4xx_hal_tim.o
 .text.TIM_ITRx_SetConfig
                0x0000000008005e7a       0x36 ./Drivers/STM32F4xx_HAL_Driver/Src/stm32f4xx_hal_tim.o
 .text.TIM_ETR_SetConfig
                0x0000000008005eb0       0x40 ./Drivers/STM32F4xx_HAL_Driver/Src/stm32f4xx_hal_tim.o
                0x0000000008005eb0                TIM_ETR_SetConfig
 .text.TIM_CCxChannelCmd
                0x0000000008005ef0       0x4a ./Drivers/STM32F4xx_HAL_Driver/Src/stm32f4xx_hal_tim.o
                0x0000000008005ef0                TIM_CCxChannelCmd
 *fill*         0x0000000008005f3a        0x2 
 .text.HAL_TIMEx_MasterConfigSynchronization
                0x0000000008005f3c       0xdc ./Drivers/STM32F4xx_HAL_Driver/Src/stm32f4xx_hal_tim_ex.o
                0x0000000008005f3c                HAL_TIMEx_MasterConfigSynchronization
 .text.HAL_TIMEx_CommutCallback
                0x0000000008006018       0x14 ./Drivers/STM32F4xx_HAL_Driver/Src/stm32f4xx_hal_tim_ex.o
                0x0000000008006018                HAL_TIMEx_CommutCallback
 .text.HAL_TIMEx_BreakCallback
                0x000000000800602c       0x14 ./Drivers/STM32F4xx_HAL_Driver/Src/stm32f4xx_hal_tim_ex.o
                0x000000000800602c                HAL_TIMEx_BreakCallback
 .text.HAL_UART_Init
                0x0000000008006040       0x9a ./Drivers/STM32F4xx_HAL_Driver/Src/stm32f4xx_hal_uart.o
                0x0000000008006040                HAL_UART_Init
 *fill*         0x00000000080060da        0x2 
 .text.HAL_UART_IRQHandler
                0x00000000080060dc      0x200 ./Drivers/STM32F4xx_HAL_Driver/Src/stm32f4xx_hal_uart.o
                0x00000000080060dc                HAL_UART_IRQHandler
 .text.HAL_UART_TxCpltCallback
                0x00000000080062dc       0x14 ./Drivers/STM32F4xx_HAL_Driver/Src/stm32f4xx_hal_uart.o
                0x00000000080062dc                HAL_UART_TxCpltCallback
 .text.HAL_UART_RxCpltCallback
                0x00000000080062f0       0x14 ./Drivers/STM32F4xx_HAL_Driver/Src/stm32f4xx_hal_uart.o
                0x00000000080062f0                HAL_UART_RxCpltCallback
 .text.HAL_UART_ErrorCallback
                0x0000000008006304       0x14 ./Drivers/STM32F4xx_HAL_Driver/Src/stm32f4xx_hal_uart.o
                0x0000000008006304                HAL_UART_ErrorCallback
 .text.UART_EndRxTransfer
                0x0000000008006318       0x3c ./Drivers/STM32F4xx_HAL_Driver/Src/stm32f4xx_hal_uart.o
 .text.UART_DMAAbortOnError
                0x0000000008006354       0x28 ./Drivers/STM32F4xx_HAL_Driver/Src/stm32f4xx_hal_uart.o
 .text.UART_Transmit_IT
                0x000000000800637c       0xac ./Drivers/STM32F4xx_HAL_Driver/Src/stm32f4xx_hal_uart.o
 .text.UART_EndTransmit_IT
                0x0000000008006428       0x30 ./Drivers/STM32F4xx_HAL_Driver/Src/stm32f4xx_hal_uart.o
 .text.UART_Receive_IT
                0x0000000008006458      0x102 ./Drivers/STM32F4xx_HAL_Driver/Src/stm32f4xx_hal_uart.o
 *fill*         0x000000000800655a        0x2 
 .text.UART_SetConfig
                0x000000000800655c      0x738 ./Drivers/STM32F4xx_HAL_Driver/Src/stm32f4xx_hal_uart.o
 .text.findslot
                0x0000000008006c94       0x34 e:/stm/stm32cubeide_1.6.1/stm32cubeide/plugins/com.st.stm32cube.ide.mcu.externaltools.gnu-tools-for-stm32.9-2020-q2-update.win32_2.0.0.202105311346/tools/bin/../lib/gcc/arm-none-eabi/9.3.1/../../../../arm-none-eabi/lib/thumb/v7e-m+fp/hard\librdimon_nano.a(rdimon-syscalls.o)
 .text.checkerror
                0x0000000008006cc8       0x20 e:/stm/stm32cubeide_1.6.1/stm32cubeide/plugins/com.st.stm32cube.ide.mcu.externaltools.gnu-tools-for-stm32.9-2020-q2-update.win32_2.0.0.202105311346/tools/bin/../lib/gcc/arm-none-eabi/9.3.1/../../../../arm-none-eabi/lib/thumb/v7e-m+fp/hard\librdimon_nano.a(rdimon-syscalls.o)
 .text.error    0x0000000008006ce8       0x1c e:/stm/stm32cubeide_1.6.1/stm32cubeide/plugins/com.st.stm32cube.ide.mcu.externaltools.gnu-tools-for-stm32.9-2020-q2-update.win32_2.0.0.202105311346/tools/bin/../lib/gcc/arm-none-eabi/9.3.1/../../../../arm-none-eabi/lib/thumb/v7e-m+fp/hard\librdimon_nano.a(rdimon-syscalls.o)
 .text._swiread
                0x0000000008006d04       0x20 e:/stm/stm32cubeide_1.6.1/stm32cubeide/plugins/com.st.stm32cube.ide.mcu.externaltools.gnu-tools-for-stm32.9-2020-q2-update.win32_2.0.0.202105311346/tools/bin/../lib/gcc/arm-none-eabi/9.3.1/../../../../arm-none-eabi/lib/thumb/v7e-m+fp/hard\librdimon_nano.a(rdimon-syscalls.o)
                0x0000000008006d04                _swiread
 .text._read    0x0000000008006d24       0x38 e:/stm/stm32cubeide_1.6.1/stm32cubeide/plugins/com.st.stm32cube.ide.mcu.externaltools.gnu-tools-for-stm32.9-2020-q2-update.win32_2.0.0.202105311346/tools/bin/../lib/gcc/arm-none-eabi/9.3.1/../../../../arm-none-eabi/lib/thumb/v7e-m+fp/hard\librdimon_nano.a(rdimon-syscalls.o)
                0x0000000008006d24                _read
 .text._swilseek
                0x0000000008006d5c       0x78 e:/stm/stm32cubeide_1.6.1/stm32cubeide/plugins/com.st.stm32cube.ide.mcu.externaltools.gnu-tools-for-stm32.9-2020-q2-update.win32_2.0.0.202105311346/tools/bin/../lib/gcc/arm-none-eabi/9.3.1/../../../../arm-none-eabi/lib/thumb/v7e-m+fp/hard\librdimon_nano.a(rdimon-syscalls.o)
                0x0000000008006d5c                _swilseek
 .text._lseek   0x0000000008006dd4        0x4 e:/stm/stm32cubeide_1.6.1/stm32cubeide/plugins/com.st.stm32cube.ide.mcu.externaltools.gnu-tools-for-stm32.9-2020-q2-update.win32_2.0.0.202105311346/tools/bin/../lib/gcc/arm-none-eabi/9.3.1/../../../../arm-none-eabi/lib/thumb/v7e-m+fp/hard\librdimon_nano.a(rdimon-syscalls.o)
                0x0000000008006dd4                _lseek
 .text._swiwrite
                0x0000000008006dd8       0x20 e:/stm/stm32cubeide_1.6.1/stm32cubeide/plugins/com.st.stm32cube.ide.mcu.externaltools.gnu-tools-for-stm32.9-2020-q2-update.win32_2.0.0.202105311346/tools/bin/../lib/gcc/arm-none-eabi/9.3.1/../../../../arm-none-eabi/lib/thumb/v7e-m+fp/hard\librdimon_nano.a(rdimon-syscalls.o)
                0x0000000008006dd8                _swiwrite
 .text._write   0x0000000008006df8       0x48 e:/stm/stm32cubeide_1.6.1/stm32cubeide/plugins/com.st.stm32cube.ide.mcu.externaltools.gnu-tools-for-stm32.9-2020-q2-update.win32_2.0.0.202105311346/tools/bin/../lib/gcc/arm-none-eabi/9.3.1/../../../../arm-none-eabi/lib/thumb/v7e-m+fp/hard\librdimon_nano.a(rdimon-syscalls.o)
                0x0000000008006df8                _write
 .text._swiclose
                0x0000000008006e40       0x1a e:/stm/stm32cubeide_1.6.1/stm32cubeide/plugins/com.st.stm32cube.ide.mcu.externaltools.gnu-tools-for-stm32.9-2020-q2-update.win32_2.0.0.202105311346/tools/bin/../lib/gcc/arm-none-eabi/9.3.1/../../../../arm-none-eabi/lib/thumb/v7e-m+fp/hard\librdimon_nano.a(rdimon-syscalls.o)
                0x0000000008006e40                _swiclose
 *fill*         0x0000000008006e5a        0x2 
 .text._close   0x0000000008006e5c       0x4c e:/stm/stm32cubeide_1.6.1/stm32cubeide/plugins/com.st.stm32cube.ide.mcu.externaltools.gnu-tools-for-stm32.9-2020-q2-update.win32_2.0.0.202105311346/tools/bin/../lib/gcc/arm-none-eabi/9.3.1/../../../../arm-none-eabi/lib/thumb/v7e-m+fp/hard\librdimon_nano.a(rdimon-syscalls.o)
                0x0000000008006e5c                _close
 .text._getpid  0x0000000008006ea8        0x4 e:/stm/stm32cubeide_1.6.1/stm32cubeide/plugins/com.st.stm32cube.ide.mcu.externaltools.gnu-tools-for-stm32.9-2020-q2-update.win32_2.0.0.202105311346/tools/bin/../lib/gcc/arm-none-eabi/9.3.1/../../../../arm-none-eabi/lib/thumb/v7e-m+fp/hard\librdimon_nano.a(rdimon-syscalls.o)
                0x0000000008006ea8                _getpid
 .text._swistat
                0x0000000008006eac       0x42 e:/stm/stm32cubeide_1.6.1/stm32cubeide/plugins/com.st.stm32cube.ide.mcu.externaltools.gnu-tools-for-stm32.9-2020-q2-update.win32_2.0.0.202105311346/tools/bin/../lib/gcc/arm-none-eabi/9.3.1/../../../../arm-none-eabi/lib/thumb/v7e-m+fp/hard\librdimon_nano.a(rdimon-syscalls.o)
                0x0000000008006eac                _swistat
 .text._fstat   0x0000000008006eee       0x1c e:/stm/stm32cubeide_1.6.1/stm32cubeide/plugins/com.st.stm32cube.ide.mcu.externaltools.gnu-tools-for-stm32.9-2020-q2-update.win32_2.0.0.202105311346/tools/bin/../lib/gcc/arm-none-eabi/9.3.1/../../../../arm-none-eabi/lib/thumb/v7e-m+fp/hard\librdimon_nano.a(rdimon-syscalls.o)
                0x0000000008006eee                _fstat
 .text._stat    0x0000000008006f0a       0x3a e:/stm/stm32cubeide_1.6.1/stm32cubeide/plugins/com.st.stm32cube.ide.mcu.externaltools.gnu-tools-for-stm32.9-2020-q2-update.win32_2.0.0.202105311346/tools/bin/../lib/gcc/arm-none-eabi/9.3.1/../../../../arm-none-eabi/lib/thumb/v7e-m+fp/hard\librdimon_nano.a(rdimon-syscalls.o)
                0x0000000008006f0a                _stat
 .text._swiopen
                0x0000000008006f44       0xb4 e:/stm/stm32cubeide_1.6.1/stm32cubeide/plugins/com.st.stm32cube.ide.mcu.externaltools.gnu-tools-for-stm32.9-2020-q2-update.win32_2.0.0.202105311346/tools/bin/../lib/gcc/arm-none-eabi/9.3.1/../../../../arm-none-eabi/lib/thumb/v7e-m+fp/hard\librdimon_nano.a(rdimon-syscalls.o)
                0x0000000008006f44                _swiopen
 .text._get_semihosting_exts
                0x0000000008006ff8       0xb8 e:/stm/stm32cubeide_1.6.1/stm32cubeide/plugins/com.st.stm32cube.ide.mcu.externaltools.gnu-tools-for-stm32.9-2020-q2-update.win32_2.0.0.202105311346/tools/bin/../lib/gcc/arm-none-eabi/9.3.1/../../../../arm-none-eabi/lib/thumb/v7e-m+fp/hard\librdimon_nano.a(rdimon-syscalls.o)
                0x0000000008006ff8                _get_semihosting_exts
 .text.initialise_semihosting_exts
                0x00000000080070b0       0x34 e:/stm/stm32cubeide_1.6.1/stm32cubeide/plugins/com.st.stm32cube.ide.mcu.externaltools.gnu-tools-for-stm32.9-2020-q2-update.win32_2.0.0.202105311346/tools/bin/../lib/gcc/arm-none-eabi/9.3.1/../../../../arm-none-eabi/lib/thumb/v7e-m+fp/hard\librdimon_nano.a(rdimon-syscalls.o)
 .text._has_ext_exit_extended
                0x00000000080070e4       0x18 e:/stm/stm32cubeide_1.6.1/stm32cubeide/plugins/com.st.stm32cube.ide.mcu.externaltools.gnu-tools-for-stm32.9-2020-q2-update.win32_2.0.0.202105311346/tools/bin/../lib/gcc/arm-none-eabi/9.3.1/../../../../arm-none-eabi/lib/thumb/v7e-m+fp/hard\librdimon_nano.a(rdimon-syscalls.o)
                0x00000000080070e4                _has_ext_exit_extended
 .text._has_ext_stdout_stderr
                0x00000000080070fc       0x18 e:/stm/stm32cubeide_1.6.1/stm32cubeide/plugins/com.st.stm32cube.ide.mcu.externaltools.gnu-tools-for-stm32.9-2020-q2-update.win32_2.0.0.202105311346/tools/bin/../lib/gcc/arm-none-eabi/9.3.1/../../../../arm-none-eabi/lib/thumb/v7e-m+fp/hard\librdimon_nano.a(rdimon-syscalls.o)
                0x00000000080070fc                _has_ext_stdout_stderr
 .text.initialise_monitor_handles
                0x0000000008007114       0xbc e:/stm/stm32cubeide_1.6.1/stm32cubeide/plugins/com.st.stm32cube.ide.mcu.externaltools.gnu-tools-for-stm32.9-2020-q2-update.win32_2.0.0.202105311346/tools/bin/../lib/gcc/arm-none-eabi/9.3.1/../../../../arm-none-eabi/lib/thumb/v7e-m+fp/hard\librdimon_nano.a(rdimon-syscalls.o)
                0x0000000008007114                initialise_monitor_handles
 .text._isatty  0x00000000080071d0       0x38 e:/stm/stm32cubeide_1.6.1/stm32cubeide/plugins/com.st.stm32cube.ide.mcu.externaltools.gnu-tools-for-stm32.9-2020-q2-update.win32_2.0.0.202105311346/tools/bin/../lib/gcc/arm-none-eabi/9.3.1/../../../../arm-none-eabi/lib/thumb/v7e-m+fp/hard\librdimon_nano.a(rdimon-syscalls.o)
                0x00000000080071d0                _isatty
 .text.xQueueGenericReset
                0x0000000008007208       0xd0 E:\STM\workspace\LibFreeRtos_2020104\Debug\libLibFreeRtos_2020104.a(queue.o)
                0x0000000008007208                xQueueGenericReset
 .text.xQueueGenericCreate
                0x00000000080072d8       0xc6 E:\STM\workspace\LibFreeRtos_2020104\Debug\libLibFreeRtos_2020104.a(queue.o)
                0x00000000080072d8                xQueueGenericCreate
 .text.prvInitialiseNewQueue
                0x000000000800739e       0x3e E:\STM\workspace\LibFreeRtos_2020104\Debug\libLibFreeRtos_2020104.a(queue.o)
 .text.xQueueGenericSend
                0x00000000080073dc      0x1fc E:\STM\workspace\LibFreeRtos_2020104\Debug\libLibFreeRtos_2020104.a(queue.o)
                0x00000000080073dc                xQueueGenericSend
 .text.xQueueGenericSendFromISR
                0x00000000080075d8      0x154 E:\STM\workspace\LibFreeRtos_2020104\Debug\libLibFreeRtos_2020104.a(queue.o)
                0x00000000080075d8                xQueueGenericSendFromISR
 .text.xQueueGiveFromISR
                0x000000000800772c      0x138 E:\STM\workspace\LibFreeRtos_2020104\Debug\libLibFreeRtos_2020104.a(queue.o)
                0x000000000800772c                xQueueGiveFromISR
 .text.xQueueReceive
                0x0000000008007864      0x1c0 E:\STM\workspace\LibFreeRtos_2020104\Debug\libLibFreeRtos_2020104.a(queue.o)
                0x0000000008007864                xQueueReceive
 .text.xQueueSemaphoreTake
                0x0000000008007a24      0x218 E:\STM\workspace\LibFreeRtos_2020104\Debug\libLibFreeRtos_2020104.a(queue.o)
                0x0000000008007a24                xQueueSemaphoreTake
 .text.prvGetDisinheritPriorityAfterTimeout
                0x0000000008007c3c       0x30 E:\STM\workspace\LibFreeRtos_2020104\Debug\libLibFreeRtos_2020104.a(queue.o)
 .text.prvCopyDataToQueue
                0x0000000008007c6c       0xd4 E:\STM\workspace\LibFreeRtos_2020104\Debug\libLibFreeRtos_2020104.a(queue.o)
 .text.prvCopyDataFromQueue
                0x0000000008007d40       0x4c E:\STM\workspace\LibFreeRtos_2020104\Debug\libLibFreeRtos_2020104.a(queue.o)
 .text.prvUnlockQueue
                0x0000000008007d8c       0xa4 E:\STM\workspace\LibFreeRtos_2020104\Debug\libLibFreeRtos_2020104.a(queue.o)
 .text.prvIsQueueEmpty
                0x0000000008007e30       0x2c E:\STM\workspace\LibFreeRtos_2020104\Debug\libLibFreeRtos_2020104.a(queue.o)
 .text.prvIsQueueFull
                0x0000000008007e5c       0x30 E:\STM\workspace\LibFreeRtos_2020104\Debug\libLibFreeRtos_2020104.a(queue.o)
 .text.xTaskCreateStatic
                0x0000000008007e8c       0xba E:\STM\workspace\LibFreeRtos_2020104\Debug\libLibFreeRtos_2020104.a(tasks.o)
                0x0000000008007e8c                xTaskCreateStatic
 .text.xTaskCreate
                0x0000000008007f46       0x8a E:\STM\workspace\LibFreeRtos_2020104\Debug\libLibFreeRtos_2020104.a(tasks.o)
                0x0000000008007f46                xTaskCreate
 .text.prvInitialiseNewTask
                0x0000000008007fd0      0x11c E:\STM\workspace\LibFreeRtos_2020104\Debug\libLibFreeRtos_2020104.a(tasks.o)
 .text.prvAddNewTaskToReadyList
                0x00000000080080ec       0xd4 E:\STM\workspace\LibFreeRtos_2020104\Debug\libLibFreeRtos_2020104.a(tasks.o)
 .text.vTaskDelay
                0x00000000080081c0       0x68 E:\STM\workspace\LibFreeRtos_2020104\Debug\libLibFreeRtos_2020104.a(tasks.o)
                0x00000000080081c0                vTaskDelay
 .text.vTaskSuspend
                0x0000000008008228      0x140 E:\STM\workspace\LibFreeRtos_2020104\Debug\libLibFreeRtos_2020104.a(tasks.o)
                0x0000000008008228                vTaskSuspend
 .text.prvTaskIsTaskSuspended
                0x0000000008008368       0x64 E:\STM\workspace\LibFreeRtos_2020104\Debug\libLibFreeRtos_2020104.a(tasks.o)
 .text.vTaskResume
                0x00000000080083cc       0xbc E:\STM\workspace\LibFreeRtos_2020104\Debug\libLibFreeRtos_2020104.a(tasks.o)
                0x00000000080083cc                vTaskResume
 .text.vTaskStartScheduler
                0x0000000008008488       0xc8 E:\STM\workspace\LibFreeRtos_2020104\Debug\libLibFreeRtos_2020104.a(tasks.o)
                0x0000000008008488                vTaskStartScheduler
 .text.vTaskSuspendAll
                0x0000000008008550       0x1c E:\STM\workspace\LibFreeRtos_2020104\Debug\libLibFreeRtos_2020104.a(tasks.o)
                0x0000000008008550                vTaskSuspendAll
 .text.xTaskResumeAll
                0x000000000800856c      0x138 E:\STM\workspace\LibFreeRtos_2020104\Debug\libLibFreeRtos_2020104.a(tasks.o)
                0x000000000800856c                xTaskResumeAll
 .text.xTaskIncrementTick
                0x00000000080086a4      0x170 E:\STM\workspace\LibFreeRtos_2020104\Debug\libLibFreeRtos_2020104.a(tasks.o)
                0x00000000080086a4                xTaskIncrementTick
 .text.vTaskSwitchContext
                0x0000000008008814       0xb8 E:\STM\workspace\LibFreeRtos_2020104\Debug\libLibFreeRtos_2020104.a(tasks.o)
                0x0000000008008814                vTaskSwitchContext
 .text.vTaskPlaceOnEventList
                0x00000000080088cc       0x48 E:\STM\workspace\LibFreeRtos_2020104\Debug\libLibFreeRtos_2020104.a(tasks.o)
                0x00000000080088cc                vTaskPlaceOnEventList
 .text.xTaskRemoveFromEventList
                0x0000000008008914       0xc4 E:\STM\workspace\LibFreeRtos_2020104\Debug\libLibFreeRtos_2020104.a(tasks.o)
                0x0000000008008914                xTaskRemoveFromEventList
 .text.vTaskInternalSetTimeOutState
                0x00000000080089d8       0x2c E:\STM\workspace\LibFreeRtos_2020104\Debug\libLibFreeRtos_2020104.a(tasks.o)
                0x00000000080089d8                vTaskInternalSetTimeOutState
 .text.xTaskCheckForTimeOut
                0x0000000008008a04       0xcc E:\STM\workspace\LibFreeRtos_2020104\Debug\libLibFreeRtos_2020104.a(tasks.o)
                0x0000000008008a04                xTaskCheckForTimeOut
 .text.vTaskMissedYield
                0x0000000008008ad0       0x18 E:\STM\workspace\LibFreeRtos_2020104\Debug\libLibFreeRtos_2020104.a(tasks.o)
                0x0000000008008ad0                vTaskMissedYield
 .text.prvIdleTask
                0x0000000008008ae8       0x30 E:\STM\workspace\LibFreeRtos_2020104\Debug\libLibFreeRtos_2020104.a(tasks.o)
 .text.prvInitialiseTaskLists
                0x0000000008008b18       0x80 E:\STM\workspace\LibFreeRtos_2020104\Debug\libLibFreeRtos_2020104.a(tasks.o)
 .text.prvCheckTasksWaitingTermination
                0x0000000008008b98       0x5c E:\STM\workspace\LibFreeRtos_2020104\Debug\libLibFreeRtos_2020104.a(tasks.o)
 .text.prvDeleteTCB
                0x0000000008008bf4       0x5e E:\STM\workspace\LibFreeRtos_2020104\Debug\libLibFreeRtos_2020104.a(tasks.o)
 *fill*         0x0000000008008c52        0x2 
 .text.prvResetNextTaskUnblockTime
                0x0000000008008c54       0x38 E:\STM\workspace\LibFreeRtos_2020104\Debug\libLibFreeRtos_2020104.a(tasks.o)
 .text.xTaskGetSchedulerState
                0x0000000008008c8c       0x3c E:\STM\workspace\LibFreeRtos_2020104\Debug\libLibFreeRtos_2020104.a(tasks.o)
                0x0000000008008c8c                xTaskGetSchedulerState
 .text.xTaskPriorityInherit
                0x0000000008008cc8       0xec E:\STM\workspace\LibFreeRtos_2020104\Debug\libLibFreeRtos_2020104.a(tasks.o)
                0x0000000008008cc8                xTaskPriorityInherit
 .text.xTaskPriorityDisinherit
                0x0000000008008db4       0xf4 E:\STM\workspace\LibFreeRtos_2020104\Debug\libLibFreeRtos_2020104.a(tasks.o)
                0x0000000008008db4                xTaskPriorityDisinherit
 .text.vTaskPriorityDisinheritAfterTimeout
                0x0000000008008ea8      0x11c E:\STM\workspace\LibFreeRtos_2020104\Debug\libLibFreeRtos_2020104.a(tasks.o)
                0x0000000008008ea8                vTaskPriorityDisinheritAfterTimeout
 .text.pvTaskIncrementMutexHeldCount
                0x0000000008008fc4       0x28 E:\STM\workspace\LibFreeRtos_2020104\Debug\libLibFreeRtos_2020104.a(tasks.o)
                0x0000000008008fc4                pvTaskIncrementMutexHeldCount
 .text.prvAddCurrentTaskToDelayedList
                0x0000000008008fec       0xcc E:\STM\workspace\LibFreeRtos_2020104\Debug\libLibFreeRtos_2020104.a(tasks.o)
 .text.pxPortInitialiseStack
                0x00000000080090b8       0x68 E:\STM\workspace\LibFreeRtos_2020104\Debug\libLibFreeRtos_2020104.a(port.o)
                0x00000000080090b8                pxPortInitialiseStack
 .text.prvTaskExitError
                0x0000000008009120       0x58 E:\STM\workspace\LibFreeRtos_2020104\Debug\libLibFreeRtos_2020104.a(port.o)
 *fill*         0x0000000008009178        0x8 
 .text.SVC_Handler
                0x0000000008009180       0x28 E:\STM\workspace\LibFreeRtos_2020104\Debug\libLibFreeRtos_2020104.a(port.o)
                0x0000000008009180                SVC_Handler
 .text.prvPortStartFirstTask
                0x00000000080091a8       0x28 E:\STM\workspace\LibFreeRtos_2020104\Debug\libLibFreeRtos_2020104.a(port.o)
 .text.xPortStartScheduler
                0x00000000080091d0      0x144 E:\STM\workspace\LibFreeRtos_2020104\Debug\libLibFreeRtos_2020104.a(port.o)
                0x00000000080091d0                xPortStartScheduler
 .text.vPortEnterCritical
                0x0000000008009314       0x60 E:\STM\workspace\LibFreeRtos_2020104\Debug\libLibFreeRtos_2020104.a(port.o)
                0x0000000008009314                vPortEnterCritical
 .text.vPortExitCritical
                0x0000000008009374       0x54 E:\STM\workspace\LibFreeRtos_2020104\Debug\libLibFreeRtos_2020104.a(port.o)
                0x0000000008009374                vPortExitCritical
 *fill*         0x00000000080093c8        0x8 
 .text.PendSV_Handler
                0x00000000080093d0       0x68 E:\STM\workspace\LibFreeRtos_2020104\Debug\libLibFreeRtos_2020104.a(port.o)
                0x00000000080093d0                PendSV_Handler
 .text.SysTick_Handler
                0x0000000008009438       0x44 E:\STM\workspace\LibFreeRtos_2020104\Debug\libLibFreeRtos_2020104.a(port.o)
                0x0000000008009438                SysTick_Handler
 .text.vPortSetupTimerInterrupt
                0x000000000800947c       0x48 E:\STM\workspace\LibFreeRtos_2020104\Debug\libLibFreeRtos_2020104.a(port.o)
                0x000000000800947c                vPortSetupTimerInterrupt
 .text.vPortEnableVFP
                0x00000000080094c4       0x14 E:\STM\workspace\LibFreeRtos_2020104\Debug\libLibFreeRtos_2020104.a(port.o)
 .text.vPortValidateInterruptPriority
                0x00000000080094d8       0x80 E:\STM\workspace\LibFreeRtos_2020104\Debug\libLibFreeRtos_2020104.a(port.o)
                0x00000000080094d8                vPortValidateInterruptPriority
 .text.pvPortMalloc
                0x0000000008009558      0x188 E:\STM\workspace\LibFreeRtos_2020104\Debug\libLibFreeRtos_2020104.a(heap_4.o)
                0x0000000008009558                pvPortMalloc
 .text.vPortFree
                0x00000000080096e0       0xb4 E:\STM\workspace\LibFreeRtos_2020104\Debug\libLibFreeRtos_2020104.a(heap_4.o)
                0x00000000080096e0                vPortFree
 .text.prvHeapInit
                0x0000000008009794       0xc4 E:\STM\workspace\LibFreeRtos_2020104\Debug\libLibFreeRtos_2020104.a(heap_4.o)
 .text.prvInsertBlockIntoFreeList
                0x0000000008009858       0xb4 E:\STM\workspace\LibFreeRtos_2020104\Debug\libLibFreeRtos_2020104.a(heap_4.o)
 .text.vListInitialise
                0x000000000800990c       0x40 E:\STM\workspace\LibFreeRtos_2020104\Debug\libLibFreeRtos_2020104.a(list.o)
                0x000000000800990c                vListInitialise
 .text.vListInitialiseItem
                0x000000000800994c       0x1a E:\STM\workspace\LibFreeRtos_2020104\Debug\libLibFreeRtos_2020104.a(list.o)
                0x000000000800994c                vListInitialiseItem
 .text.vListInsertEnd
                0x0000000008009966       0x48 E:\STM\workspace\LibFreeRtos_2020104\Debug\libLibFreeRtos_2020104.a(list.o)
                0x0000000008009966                vListInsertEnd
 .text.vListInsert
                0x00000000080099ae       0x72 E:\STM\workspace\LibFreeRtos_2020104\Debug\libLibFreeRtos_2020104.a(list.o)
                0x00000000080099ae                vListInsert
 .text.uxListRemove
                0x0000000008009a20       0x54 E:\STM\workspace\LibFreeRtos_2020104\Debug\libLibFreeRtos_2020104.a(list.o)
                0x0000000008009a20                uxListRemove
 .text.__errno  0x0000000008009a74        0xc e:/stm/stm32cubeide_1.6.1/stm32cubeide/plugins/com.st.stm32cube.ide.mcu.externaltools.gnu-tools-for-stm32.9-2020-q2-update.win32_2.0.0.202105311346/tools/bin/../lib/gcc/arm-none-eabi/9.3.1/../../../../arm-none-eabi/lib/thumb/v7e-m+fp/hard\libc_nano.a(lib_a-errno.o)
                0x0000000008009a74                __errno
 .text.std      0x0000000008009a80       0x48 e:/stm/stm32cubeide_1.6.1/stm32cubeide/plugins/com.st.stm32cube.ide.mcu.externaltools.gnu-tools-for-stm32.9-2020-q2-update.win32_2.0.0.202105311346/tools/bin/../lib/gcc/arm-none-eabi/9.3.1/../../../../arm-none-eabi/lib/thumb/v7e-m+fp/hard\libc_nano.a(lib_a-findfp.o)
 .text._cleanup_r
                0x0000000008009ac8        0xc e:/stm/stm32cubeide_1.6.1/stm32cubeide/plugins/com.st.stm32cube.ide.mcu.externaltools.gnu-tools-for-stm32.9-2020-q2-update.win32_2.0.0.202105311346/tools/bin/../lib/gcc/arm-none-eabi/9.3.1/../../../../arm-none-eabi/lib/thumb/v7e-m+fp/hard\libc_nano.a(lib_a-findfp.o)
                0x0000000008009ac8                _cleanup_r
 .text.__sfmoreglue
                0x0000000008009ad4       0x2c e:/stm/stm32cubeide_1.6.1/stm32cubeide/plugins/com.st.stm32cube.ide.mcu.externaltools.gnu-tools-for-stm32.9-2020-q2-update.win32_2.0.0.202105311346/tools/bin/../lib/gcc/arm-none-eabi/9.3.1/../../../../arm-none-eabi/lib/thumb/v7e-m+fp/hard\libc_nano.a(lib_a-findfp.o)
                0x0000000008009ad4                __sfmoreglue
 .text.__sfp_lock_acquire
                0x0000000008009b00        0xc e:/stm/stm32cubeide_1.6.1/stm32cubeide/plugins/com.st.stm32cube.ide.mcu.externaltools.gnu-tools-for-stm32.9-2020-q2-update.win32_2.0.0.202105311346/tools/bin/../lib/gcc/arm-none-eabi/9.3.1/../../../../arm-none-eabi/lib/thumb/v7e-m+fp/hard\libc_nano.a(lib_a-findfp.o)
                0x0000000008009b00                __sfp_lock_acquire
 .text.__sfp_lock_release
                0x0000000008009b0c        0xc e:/stm/stm32cubeide_1.6.1/stm32cubeide/plugins/com.st.stm32cube.ide.mcu.externaltools.gnu-tools-for-stm32.9-2020-q2-update.win32_2.0.0.202105311346/tools/bin/../lib/gcc/arm-none-eabi/9.3.1/../../../../arm-none-eabi/lib/thumb/v7e-m+fp/hard\libc_nano.a(lib_a-findfp.o)
                0x0000000008009b0c                __sfp_lock_release
 .text.__sinit_lock_acquire
                0x0000000008009b18        0xc e:/stm/stm32cubeide_1.6.1/stm32cubeide/plugins/com.st.stm32cube.ide.mcu.externaltools.gnu-tools-for-stm32.9-2020-q2-update.win32_2.0.0.202105311346/tools/bin/../lib/gcc/arm-none-eabi/9.3.1/../../../../arm-none-eabi/lib/thumb/v7e-m+fp/hard\libc_nano.a(lib_a-findfp.o)
                0x0000000008009b18                __sinit_lock_acquire
 .text.__sinit_lock_release
                0x0000000008009b24        0xc e:/stm/stm32cubeide_1.6.1/stm32cubeide/plugins/com.st.stm32cube.ide.mcu.externaltools.gnu-tools-for-stm32.9-2020-q2-update.win32_2.0.0.202105311346/tools/bin/../lib/gcc/arm-none-eabi/9.3.1/../../../../arm-none-eabi/lib/thumb/v7e-m+fp/hard\libc_nano.a(lib_a-findfp.o)
                0x0000000008009b24                __sinit_lock_release
 .text.__sinit  0x0000000008009b30       0x70 e:/stm/stm32cubeide_1.6.1/stm32cubeide/plugins/com.st.stm32cube.ide.mcu.externaltools.gnu-tools-for-stm32.9-2020-q2-update.win32_2.0.0.202105311346/tools/bin/../lib/gcc/arm-none-eabi/9.3.1/../../../../arm-none-eabi/lib/thumb/v7e-m+fp/hard\libc_nano.a(lib_a-findfp.o)
                0x0000000008009b30                __sinit
 .text.__sfp    0x0000000008009ba0       0x8c e:/stm/stm32cubeide_1.6.1/stm32cubeide/plugins/com.st.stm32cube.ide.mcu.externaltools.gnu-tools-for-stm32.9-2020-q2-update.win32_2.0.0.202105311346/tools/bin/../lib/gcc/arm-none-eabi/9.3.1/../../../../arm-none-eabi/lib/thumb/v7e-m+fp/hard\libc_nano.a(lib_a-findfp.o)
                0x0000000008009ba0                __sfp
 .text._fwalk_reent
                0x0000000008009c2c       0x3e e:/stm/stm32cubeide_1.6.1/stm32cubeide/plugins/com.st.stm32cube.ide.mcu.externaltools.gnu-tools-for-stm32.9-2020-q2-update.win32_2.0.0.202105311346/tools/bin/../lib/gcc/arm-none-eabi/9.3.1/../../../../arm-none-eabi/lib/thumb/v7e-m+fp/hard\libc_nano.a(lib_a-fwalk.o)
                0x0000000008009c2c                _fwalk_reent
 *fill*         0x0000000008009c6a        0x2 
 .text.__libc_init_array
                0x0000000008009c6c       0x48 e:/stm/stm32cubeide_1.6.1/stm32cubeide/plugins/com.st.stm32cube.ide.mcu.externaltools.gnu-tools-for-stm32.9-2020-q2-update.win32_2.0.0.202105311346/tools/bin/../lib/gcc/arm-none-eabi/9.3.1/../../../../arm-none-eabi/lib/thumb/v7e-m+fp/hard\libc_nano.a(lib_a-init.o)
                0x0000000008009c6c                __libc_init_array
 .text.__retarget_lock_init_recursive
                0x0000000008009cb4        0x2 e:/stm/stm32cubeide_1.6.1/stm32cubeide/plugins/com.st.stm32cube.ide.mcu.externaltools.gnu-tools-for-stm32.9-2020-q2-update.win32_2.0.0.202105311346/tools/bin/../lib/gcc/arm-none-eabi/9.3.1/../../../../arm-none-eabi/lib/thumb/v7e-m+fp/hard\libc_nano.a(lib_a-lock.o)
                0x0000000008009cb4                __retarget_lock_init_recursive
 .text.__retarget_lock_acquire_recursive
                0x0000000008009cb6        0x2 e:/stm/stm32cubeide_1.6.1/stm32cubeide/plugins/com.st.stm32cube.ide.mcu.externaltools.gnu-tools-for-stm32.9-2020-q2-update.win32_2.0.0.202105311346/tools/bin/../lib/gcc/arm-none-eabi/9.3.1/../../../../arm-none-eabi/lib/thumb/v7e-m+fp/hard\libc_nano.a(lib_a-lock.o)
                0x0000000008009cb6                __retarget_lock_acquire_recursive
 .text.__retarget_lock_release_recursive
                0x0000000008009cb8        0x2 e:/stm/stm32cubeide_1.6.1/stm32cubeide/plugins/com.st.stm32cube.ide.mcu.externaltools.gnu-tools-for-stm32.9-2020-q2-update.win32_2.0.0.202105311346/tools/bin/../lib/gcc/arm-none-eabi/9.3.1/../../../../arm-none-eabi/lib/thumb/v7e-m+fp/hard\libc_nano.a(lib_a-lock.o)
                0x0000000008009cb8                __retarget_lock_release_recursive
 .text.memcpy   0x0000000008009cba       0x1c e:/stm/stm32cubeide_1.6.1/stm32cubeide/plugins/com.st.stm32cube.ide.mcu.externaltools.gnu-tools-for-stm32.9-2020-q2-update.win32_2.0.0.202105311346/tools/bin/../lib/gcc/arm-none-eabi/9.3.1/../../../../arm-none-eabi/lib/thumb/v7e-m+fp/hard\libc_nano.a(lib_a-memcpy-stub.o)
                0x0000000008009cba                memcpy
 .text.memset   0x0000000008009cd6       0x10 e:/stm/stm32cubeide_1.6.1/stm32cubeide/plugins/com.st.stm32cube.ide.mcu.externaltools.gnu-tools-for-stm32.9-2020-q2-update.win32_2.0.0.202105311346/tools/bin/../lib/gcc/arm-none-eabi/9.3.1/../../../../arm-none-eabi/lib/thumb/v7e-m+fp/hard\libc_nano.a(lib_a-memset.o)
                0x0000000008009cd6                memset
 *fill*         0x0000000008009ce6        0x2 
 .text._malloc_r
                0x0000000008009ce8       0xb4 e:/stm/stm32cubeide_1.6.1/stm32cubeide/plugins/com.st.stm32cube.ide.mcu.externaltools.gnu-tools-for-stm32.9-2020-q2-update.win32_2.0.0.202105311346/tools/bin/../lib/gcc/arm-none-eabi/9.3.1/../../../../arm-none-eabi/lib/thumb/v7e-m+fp/hard\libc_nano.a(lib_a-nano-mallocr.o)
                0x0000000008009ce8                _malloc_r
 .text.__cvt    0x0000000008009d9c       0xc4 e:/stm/stm32cubeide_1.6.1/stm32cubeide/plugins/com.st.stm32cube.ide.mcu.externaltools.gnu-tools-for-stm32.9-2020-q2-update.win32_2.0.0.202105311346/tools/bin/../lib/gcc/arm-none-eabi/9.3.1/../../../../arm-none-eabi/lib/thumb/v7e-m+fp/hard\libc_nano.a(lib_a-nano-vfprintf_float.o)
                0x0000000008009d9c                __cvt
 .text.__exponent
                0x0000000008009e60       0x7c e:/stm/stm32cubeide_1.6.1/stm32cubeide/plugins/com.st.stm32cube.ide.mcu.externaltools.gnu-tools-for-stm32.9-2020-q2-update.win32_2.0.0.202105311346/tools/bin/../lib/gcc/arm-none-eabi/9.3.1/../../../../arm-none-eabi/lib/thumb/v7e-m+fp/hard\libc_nano.a(lib_a-nano-vfprintf_float.o)
                0x0000000008009e60                __exponent
 .text._printf_float
                0x0000000008009edc      0x46c e:/stm/stm32cubeide_1.6.1/stm32cubeide/plugins/com.st.stm32cube.ide.mcu.externaltools.gnu-tools-for-stm32.9-2020-q2-update.win32_2.0.0.202105311346/tools/bin/../lib/gcc/arm-none-eabi/9.3.1/../../../../arm-none-eabi/lib/thumb/v7e-m+fp/hard\libc_nano.a(lib_a-nano-vfprintf_float.o)
                0x0000000008009edc                _printf_float
 .text._printf_common
                0x000000000800a348       0xda e:/stm/stm32cubeide_1.6.1/stm32cubeide/plugins/com.st.stm32cube.ide.mcu.externaltools.gnu-tools-for-stm32.9-2020-q2-update.win32_2.0.0.202105311346/tools/bin/../lib/gcc/arm-none-eabi/9.3.1/../../../../arm-none-eabi/lib/thumb/v7e-m+fp/hard\libc_nano.a(lib_a-nano-vfprintf_i.o)
                0x000000000800a348                _printf_common
 *fill*         0x000000000800a422        0x2 
 .text._printf_i
                0x000000000800a424      0x24c e:/stm/stm32cubeide_1.6.1/stm32cubeide/plugins/com.st.stm32cube.ide.mcu.externaltools.gnu-tools-for-stm32.9-2020-q2-update.win32_2.0.0.202105311346/tools/bin/../lib/gcc/arm-none-eabi/9.3.1/../../../../arm-none-eabi/lib/thumb/v7e-m+fp/hard\libc_nano.a(lib_a-nano-vfprintf_i.o)
                0x000000000800a424                _printf_i
 .text._sbrk_r  0x000000000800a670       0x20 e:/stm/stm32cubeide_1.6.1/stm32cubeide/plugins/com.st.stm32cube.ide.mcu.externaltools.gnu-tools-for-stm32.9-2020-q2-update.win32_2.0.0.202105311346/tools/bin/../lib/gcc/arm-none-eabi/9.3.1/../../../../arm-none-eabi/lib/thumb/v7e-m+fp/hard\libc_nano.a(lib_a-sbrkr.o)
                0x000000000800a670                _sbrk_r
 .text.sprintf  0x000000000800a690       0x40 e:/stm/stm32cubeide_1.6.1/stm32cubeide/plugins/com.st.stm32cube.ide.mcu.externaltools.gnu-tools-for-stm32.9-2020-q2-update.win32_2.0.0.202105311346/tools/bin/../lib/gcc/arm-none-eabi/9.3.1/../../../../arm-none-eabi/lib/thumb/v7e-m+fp/hard\libc_nano.a(lib_a-sprintf.o)
                0x000000000800a690                siprintf
                0x000000000800a690                sprintf
 .text.__sread  0x000000000800a6d0       0x22 e:/stm/stm32cubeide_1.6.1/stm32cubeide/plugins/com.st.stm32cube.ide.mcu.externaltools.gnu-tools-for-stm32.9-2020-q2-update.win32_2.0.0.202105311346/tools/bin/../lib/gcc/arm-none-eabi/9.3.1/../../../../arm-none-eabi/lib/thumb/v7e-m+fp/hard\libc_nano.a(lib_a-stdio.o)
                0x000000000800a6d0                __sread
 .text.__swrite
                0x000000000800a6f2       0x38 e:/stm/stm32cubeide_1.6.1/stm32cubeide/plugins/com.st.stm32cube.ide.mcu.externaltools.gnu-tools-for-stm32.9-2020-q2-update.win32_2.0.0.202105311346/tools/bin/../lib/gcc/arm-none-eabi/9.3.1/../../../../arm-none-eabi/lib/thumb/v7e-m+fp/hard\libc_nano.a(lib_a-stdio.o)
                0x000000000800a6f2                __swrite
 .text.__sseek  0x000000000800a72a       0x24 e:/stm/stm32cubeide_1.6.1/stm32cubeide/plugins/com.st.stm32cube.ide.mcu.externaltools.gnu-tools-for-stm32.9-2020-q2-update.win32_2.0.0.202105311346/tools/bin/../lib/gcc/arm-none-eabi/9.3.1/../../../../arm-none-eabi/lib/thumb/v7e-m+fp/hard\libc_nano.a(lib_a-stdio.o)
                0x000000000800a72a                __sseek
 .text.__sclose
                0x000000000800a74e        0x8 e:/stm/stm32cubeide_1.6.1/stm32cubeide/plugins/com.st.stm32cube.ide.mcu.externaltools.gnu-tools-for-stm32.9-2020-q2-update.win32_2.0.0.202105311346/tools/bin/../lib/gcc/arm-none-eabi/9.3.1/../../../../arm-none-eabi/lib/thumb/v7e-m+fp/hard\libc_nano.a(lib_a-stdio.o)
                0x000000000800a74e                __sclose
 *fill*         0x000000000800a756        0x2 
 .text._write_r
                0x000000000800a758       0x24 e:/stm/stm32cubeide_1.6.1/stm32cubeide/plugins/com.st.stm32cube.ide.mcu.externaltools.gnu-tools-for-stm32.9-2020-q2-update.win32_2.0.0.202105311346/tools/bin/../lib/gcc/arm-none-eabi/9.3.1/../../../../arm-none-eabi/lib/thumb/v7e-m+fp/hard\libc_nano.a(lib_a-writer.o)
                0x000000000800a758                _write_r
 .text._close_r
                0x000000000800a77c       0x20 e:/stm/stm32cubeide_1.6.1/stm32cubeide/plugins/com.st.stm32cube.ide.mcu.externaltools.gnu-tools-for-stm32.9-2020-q2-update.win32_2.0.0.202105311346/tools/bin/../lib/gcc/arm-none-eabi/9.3.1/../../../../arm-none-eabi/lib/thumb/v7e-m+fp/hard\libc_nano.a(lib_a-closer.o)
                0x000000000800a77c                _close_r
 .text.quorem   0x000000000800a79c      0x116 e:/stm/stm32cubeide_1.6.1/stm32cubeide/plugins/com.st.stm32cube.ide.mcu.externaltools.gnu-tools-for-stm32.9-2020-q2-update.win32_2.0.0.202105311346/tools/bin/../lib/gcc/arm-none-eabi/9.3.1/../../../../arm-none-eabi/lib/thumb/v7e-m+fp/hard\libc_nano.a(lib_a-dtoa.o)
 *fill*         0x000000000800a8b2        0x6 
 .text._dtoa_r  0x000000000800a8b8      0xbd8 e:/stm/stm32cubeide_1.6.1/stm32cubeide/plugins/com.st.stm32cube.ide.mcu.externaltools.gnu-tools-for-stm32.9-2020-q2-update.win32_2.0.0.202105311346/tools/bin/../lib/gcc/arm-none-eabi/9.3.1/../../../../arm-none-eabi/lib/thumb/v7e-m+fp/hard\libc_nano.a(lib_a-dtoa.o)
                0x000000000800a8b8                _dtoa_r
 .text.__sflush_r
                0x000000000800b490      0x10c e:/stm/stm32cubeide_1.6.1/stm32cubeide/plugins/com.st.stm32cube.ide.mcu.externaltools.gnu-tools-for-stm32.9-2020-q2-update.win32_2.0.0.202105311346/tools/bin/../lib/gcc/arm-none-eabi/9.3.1/../../../../arm-none-eabi/lib/thumb/v7e-m+fp/hard\libc_nano.a(lib_a-fflush.o)
                0x000000000800b490                __sflush_r
 .text._fflush_r
                0x000000000800b59c       0x78 e:/stm/stm32cubeide_1.6.1/stm32cubeide/plugins/com.st.stm32cube.ide.mcu.externaltools.gnu-tools-for-stm32.9-2020-q2-update.win32_2.0.0.202105311346/tools/bin/../lib/gcc/arm-none-eabi/9.3.1/../../../../arm-none-eabi/lib/thumb/v7e-m+fp/hard\libc_nano.a(lib_a-fflush.o)
                0x000000000800b59c                _fflush_r
 .text._localeconv_r
                0x000000000800b614        0x8 e:/stm/stm32cubeide_1.6.1/stm32cubeide/plugins/com.st.stm32cube.ide.mcu.externaltools.gnu-tools-for-stm32.9-2020-q2-update.win32_2.0.0.202105311346/tools/bin/../lib/gcc/arm-none-eabi/9.3.1/../../../../arm-none-eabi/lib/thumb/v7e-m+fp/hard\libc_nano.a(lib_a-localeconv.o)
                0x000000000800b614                _localeconv_r
 .text._lseek_r
                0x000000000800b61c       0x24 e:/stm/stm32cubeide_1.6.1/stm32cubeide/plugins/com.st.stm32cube.ide.mcu.externaltools.gnu-tools-for-stm32.9-2020-q2-update.win32_2.0.0.202105311346/tools/bin/../lib/gcc/arm-none-eabi/9.3.1/../../../../arm-none-eabi/lib/thumb/v7e-m+fp/hard\libc_nano.a(lib_a-lseekr.o)
                0x000000000800b61c                _lseek_r
 .text.malloc   0x000000000800b640       0x10 e:/stm/stm32cubeide_1.6.1/stm32cubeide/plugins/com.st.stm32cube.ide.mcu.externaltools.gnu-tools-for-stm32.9-2020-q2-update.win32_2.0.0.202105311346/tools/bin/../lib/gcc/arm-none-eabi/9.3.1/../../../../arm-none-eabi/lib/thumb/v7e-m+fp/hard\libc_nano.a(lib_a-malloc.o)
                0x000000000800b640                malloc
 .text.__malloc_lock
                0x000000000800b650        0xc e:/stm/stm32cubeide_1.6.1/stm32cubeide/plugins/com.st.stm32cube.ide.mcu.externaltools.gnu-tools-for-stm32.9-2020-q2-update.win32_2.0.0.202105311346/tools/bin/../lib/gcc/arm-none-eabi/9.3.1/../../../../arm-none-eabi/lib/thumb/v7e-m+fp/hard\libc_nano.a(lib_a-mlock.o)
                0x000000000800b650                __malloc_lock
 .text.__malloc_unlock
                0x000000000800b65c        0xc e:/stm/stm32cubeide_1.6.1/stm32cubeide/plugins/com.st.stm32cube.ide.mcu.externaltools.gnu-tools-for-stm32.9-2020-q2-update.win32_2.0.0.202105311346/tools/bin/../lib/gcc/arm-none-eabi/9.3.1/../../../../arm-none-eabi/lib/thumb/v7e-m+fp/hard\libc_nano.a(lib_a-mlock.o)
                0x000000000800b65c                __malloc_unlock
 .text._Balloc  0x000000000800b668       0x80 e:/stm/stm32cubeide_1.6.1/stm32cubeide/plugins/com.st.stm32cube.ide.mcu.externaltools.gnu-tools-for-stm32.9-2020-q2-update.win32_2.0.0.202105311346/tools/bin/../lib/gcc/arm-none-eabi/9.3.1/../../../../arm-none-eabi/lib/thumb/v7e-m+fp/hard\libc_nano.a(lib_a-mprec.o)
                0x000000000800b668                _Balloc
 .text._Bfree   0x000000000800b6e8       0x44 e:/stm/stm32cubeide_1.6.1/stm32cubeide/plugins/com.st.stm32cube.ide.mcu.externaltools.gnu-tools-for-stm32.9-2020-q2-update.win32_2.0.0.202105311346/tools/bin/../lib/gcc/arm-none-eabi/9.3.1/../../../../arm-none-eabi/lib/thumb/v7e-m+fp/hard\libc_nano.a(lib_a-mprec.o)
                0x000000000800b6e8                _Bfree
 .text.__multadd
                0x000000000800b72c       0x94 e:/stm/stm32cubeide_1.6.1/stm32cubeide/plugins/com.st.stm32cube.ide.mcu.externaltools.gnu-tools-for-stm32.9-2020-q2-update.win32_2.0.0.202105311346/tools/bin/../lib/gcc/arm-none-eabi/9.3.1/../../../../arm-none-eabi/lib/thumb/v7e-m+fp/hard\libc_nano.a(lib_a-mprec.o)
                0x000000000800b72c                __multadd
 .text.__hi0bits
                0x000000000800b7c0       0x40 e:/stm/stm32cubeide_1.6.1/stm32cubeide/plugins/com.st.stm32cube.ide.mcu.externaltools.gnu-tools-for-stm32.9-2020-q2-update.win32_2.0.0.202105311346/tools/bin/../lib/gcc/arm-none-eabi/9.3.1/../../../../arm-none-eabi/lib/thumb/v7e-m+fp/hard\libc_nano.a(lib_a-mprec.o)
                0x000000000800b7c0                __hi0bits
 .text.__lo0bits
                0x000000000800b800       0x60 e:/stm/stm32cubeide_1.6.1/stm32cubeide/plugins/com.st.stm32cube.ide.mcu.externaltools.gnu-tools-for-stm32.9-2020-q2-update.win32_2.0.0.202105311346/tools/bin/../lib/gcc/arm-none-eabi/9.3.1/../../../../arm-none-eabi/lib/thumb/v7e-m+fp/hard\libc_nano.a(lib_a-mprec.o)
                0x000000000800b800                __lo0bits
 .text.__i2b    0x000000000800b860       0x2c e:/stm/stm32cubeide_1.6.1/stm32cubeide/plugins/com.st.stm32cube.ide.mcu.externaltools.gnu-tools-for-stm32.9-2020-q2-update.win32_2.0.0.202105311346/tools/bin/../lib/gcc/arm-none-eabi/9.3.1/../../../../arm-none-eabi/lib/thumb/v7e-m+fp/hard\libc_nano.a(lib_a-mprec.o)
                0x000000000800b860                __i2b
 .text.__multiply
                0x000000000800b88c      0x14c e:/stm/stm32cubeide_1.6.1/stm32cubeide/plugins/com.st.stm32cube.ide.mcu.externaltools.gnu-tools-for-stm32.9-2020-q2-update.win32_2.0.0.202105311346/tools/bin/../lib/gcc/arm-none-eabi/9.3.1/../../../../arm-none-eabi/lib/thumb/v7e-m+fp/hard\libc_nano.a(lib_a-mprec.o)
                0x000000000800b88c                __multiply
 .text.__pow5mult
                0x000000000800b9d8       0xb4 e:/stm/stm32cubeide_1.6.1/stm32cubeide/plugins/com.st.stm32cube.ide.mcu.externaltools.gnu-tools-for-stm32.9-2020-q2-update.win32_2.0.0.202105311346/tools/bin/../lib/gcc/arm-none-eabi/9.3.1/../../../../arm-none-eabi/lib/thumb/v7e-m+fp/hard\libc_nano.a(lib_a-mprec.o)
                0x000000000800b9d8                __pow5mult
 .text.__lshift
                0x000000000800ba8c       0xd8 e:/stm/stm32cubeide_1.6.1/stm32cubeide/plugins/com.st.stm32cube.ide.mcu.externaltools.gnu-tools-for-stm32.9-2020-q2-update.win32_2.0.0.202105311346/tools/bin/../lib/gcc/arm-none-eabi/9.3.1/../../../../arm-none-eabi/lib/thumb/v7e-m+fp/hard\libc_nano.a(lib_a-mprec.o)
                0x000000000800ba8c                __lshift
 .text.__mcmp   0x000000000800bb64       0x38 e:/stm/stm32cubeide_1.6.1/stm32cubeide/plugins/com.st.stm32cube.ide.mcu.externaltools.gnu-tools-for-stm32.9-2020-q2-update.win32_2.0.0.202105311346/tools/bin/../lib/gcc/arm-none-eabi/9.3.1/../../../../arm-none-eabi/lib/thumb/v7e-m+fp/hard\libc_nano.a(lib_a-mprec.o)
                0x000000000800bb64                __mcmp
 .text.__mdiff  0x000000000800bb9c      0x110 e:/stm/stm32cubeide_1.6.1/stm32cubeide/plugins/com.st.stm32cube.ide.mcu.externaltools.gnu-tools-for-stm32.9-2020-q2-update.win32_2.0.0.202105311346/tools/bin/../lib/gcc/arm-none-eabi/9.3.1/../../../../arm-none-eabi/lib/thumb/v7e-m+fp/hard\libc_nano.a(lib_a-mprec.o)
                0x000000000800bb9c                __mdiff
 .text.__d2b    0x000000000800bcac       0xb8 e:/stm/stm32cubeide_1.6.1/stm32cubeide/plugins/com.st.stm32cube.ide.mcu.externaltools.gnu-tools-for-stm32.9-2020-q2-update.win32_2.0.0.202105311346/tools/bin/../lib/gcc/arm-none-eabi/9.3.1/../../../../arm-none-eabi/lib/thumb/v7e-m+fp/hard\libc_nano.a(lib_a-mprec.o)
                0x000000000800bcac                __d2b
 .text._calloc_r
                0x000000000800bd64       0x1e e:/stm/stm32cubeide_1.6.1/stm32cubeide/plugins/com.st.stm32cube.ide.mcu.externaltools.gnu-tools-for-stm32.9-2020-q2-update.win32_2.0.0.202105311346/tools/bin/../lib/gcc/arm-none-eabi/9.3.1/../../../../arm-none-eabi/lib/thumb/v7e-m+fp/hard\libc_nano.a(lib_a-nano-callocr.o)
                0x000000000800bd64                _calloc_r
 *fill*         0x000000000800bd82        0x2 
 .text._free_r  0x000000000800bd84       0xa0 e:/stm/stm32cubeide_1.6.1/stm32cubeide/plugins/com.st.stm32cube.ide.mcu.externaltools.gnu-tools-for-stm32.9-2020-q2-update.win32_2.0.0.202105311346/tools/bin/../lib/gcc/arm-none-eabi/9.3.1/../../../../arm-none-eabi/lib/thumb/v7e-m+fp/hard\libc_nano.a(lib_a-nano-freer.o)
                0x000000000800bd84                _free_r
 .text.__ssputs_r
                0x000000000800be24       0xb6 e:/stm/stm32cubeide_1.6.1/stm32cubeide/plugins/com.st.stm32cube.ide.mcu.externaltools.gnu-tools-for-stm32.9-2020-q2-update.win32_2.0.0.202105311346/tools/bin/../lib/gcc/arm-none-eabi/9.3.1/../../../../arm-none-eabi/lib/thumb/v7e-m+fp/hard\libc_nano.a(lib_a-nano-svfprintf.o)
                0x000000000800be24                __ssputs_r
 *fill*         0x000000000800beda        0x2 
 .text._svfprintf_r
                0x000000000800bedc      0x200 e:/stm/stm32cubeide_1.6.1/stm32cubeide/plugins/com.st.stm32cube.ide.mcu.externaltools.gnu-tools-for-stm32.9-2020-q2-update.win32_2.0.0.202105311346/tools/bin/../lib/gcc/arm-none-eabi/9.3.1/../../../../arm-none-eabi/lib/thumb/v7e-m+fp/hard\libc_nano.a(lib_a-nano-svfprintf.o)
                0x000000000800bedc                _svfiprintf_r
                0x000000000800bedc                _svfprintf_r
 .text._read_r  0x000000000800c0dc       0x24 e:/stm/stm32cubeide_1.6.1/stm32cubeide/plugins/com.st.stm32cube.ide.mcu.externaltools.gnu-tools-for-stm32.9-2020-q2-update.win32_2.0.0.202105311346/tools/bin/../lib/gcc/arm-none-eabi/9.3.1/../../../../arm-none-eabi/lib/thumb/v7e-m+fp/hard\libc_nano.a(lib_a-readr.o)
                0x000000000800c0dc                _read_r
 .text.__assert_func
                0x000000000800c100       0x3c e:/stm/stm32cubeide_1.6.1/stm32cubeide/plugins/com.st.stm32cube.ide.mcu.externaltools.gnu-tools-for-stm32.9-2020-q2-update.win32_2.0.0.202105311346/tools/bin/../lib/gcc/arm-none-eabi/9.3.1/../../../../arm-none-eabi/lib/thumb/v7e-m+fp/hard\libc_nano.a(lib_a-assert.o)
                0x000000000800c100                __assert_func
 .text.fprintf  0x000000000800c13c       0x24 e:/stm/stm32cubeide_1.6.1/stm32cubeide/plugins/com.st.stm32cube.ide.mcu.externaltools.gnu-tools-for-stm32.9-2020-q2-update.win32_2.0.0.202105311346/tools/bin/../lib/gcc/arm-none-eabi/9.3.1/../../../../arm-none-eabi/lib/thumb/v7e-m+fp/hard\libc_nano.a(lib_a-fprintf.o)
                0x000000000800c13c                fiprintf
                0x000000000800c13c                fprintf
 .text.__ascii_mbtowc
                0x000000000800c160       0x24 e:/stm/stm32cubeide_1.6.1/stm32cubeide/plugins/com.st.stm32cube.ide.mcu.externaltools.gnu-tools-for-stm32.9-2020-q2-update.win32_2.0.0.202105311346/tools/bin/../lib/gcc/arm-none-eabi/9.3.1/../../../../arm-none-eabi/lib/thumb/v7e-m+fp/hard\libc_nano.a(lib_a-mbtowc_r.o)
                0x000000000800c160                __ascii_mbtowc
 .text.memmove  0x000000000800c184       0x34 e:/stm/stm32cubeide_1.6.1/stm32cubeide/plugins/com.st.stm32cube.ide.mcu.externaltools.gnu-tools-for-stm32.9-2020-q2-update.win32_2.0.0.202105311346/tools/bin/../lib/gcc/arm-none-eabi/9.3.1/../../../../arm-none-eabi/lib/thumb/v7e-m+fp/hard\libc_nano.a(lib_a-memmove.o)
                0x000000000800c184                memmove
 .text._realloc_r
                0x000000000800c1b8       0x4c e:/stm/stm32cubeide_1.6.1/stm32cubeide/plugins/com.st.stm32cube.ide.mcu.externaltools.gnu-tools-for-stm32.9-2020-q2-update.win32_2.0.0.202105311346/tools/bin/../lib/gcc/arm-none-eabi/9.3.1/../../../../arm-none-eabi/lib/thumb/v7e-m+fp/hard\libc_nano.a(lib_a-nano-reallocr.o)
                0x000000000800c1b8                _realloc_r
 .text.__sfputc_r
                0x000000000800c204       0x2e e:/stm/stm32cubeide_1.6.1/stm32cubeide/plugins/com.st.stm32cube.ide.mcu.externaltools.gnu-tools-for-stm32.9-2020-q2-update.win32_2.0.0.202105311346/tools/bin/../lib/gcc/arm-none-eabi/9.3.1/../../../../arm-none-eabi/lib/thumb/v7e-m+fp/hard\libc_nano.a(lib_a-nano-vfprintf.o)
 .text.__sfputs_r
                0x000000000800c232       0x24 e:/stm/stm32cubeide_1.6.1/stm32cubeide/plugins/com.st.stm32cube.ide.mcu.externaltools.gnu-tools-for-stm32.9-2020-q2-update.win32_2.0.0.202105311346/tools/bin/../lib/gcc/arm-none-eabi/9.3.1/../../../../arm-none-eabi/lib/thumb/v7e-m+fp/hard\libc_nano.a(lib_a-nano-vfprintf.o)
                0x000000000800c232                __sfputs_r
 *fill*         0x000000000800c256        0x2 
 .text._vfprintf_r
                0x000000000800c258      0x260 e:/stm/stm32cubeide_1.6.1/stm32cubeide/plugins/com.st.stm32cube.ide.mcu.externaltools.gnu-tools-for-stm32.9-2020-q2-update.win32_2.0.0.202105311346/tools/bin/../lib/gcc/arm-none-eabi/9.3.1/../../../../arm-none-eabi/lib/thumb/v7e-m+fp/hard\libc_nano.a(lib_a-nano-vfprintf.o)
                0x000000000800c258                _vfprintf_r
                0x000000000800c258                _vfiprintf_r
 .text.__swbuf_r
                0x000000000800c4b8       0xa4 e:/stm/stm32cubeide_1.6.1/stm32cubeide/plugins/com.st.stm32cube.ide.mcu.externaltools.gnu-tools-for-stm32.9-2020-q2-update.win32_2.0.0.202105311346/tools/bin/../lib/gcc/arm-none-eabi/9.3.1/../../../../arm-none-eabi/lib/thumb/v7e-m+fp/hard\libc_nano.a(lib_a-wbuf.o)
                0x000000000800c4b8                __swbuf_r
 .text.__ascii_wctomb
                0x000000000800c55c       0x1a e:/stm/stm32cubeide_1.6.1/stm32cubeide/plugins/com.st.stm32cube.ide.mcu.externaltools.gnu-tools-for-stm32.9-2020-q2-update.win32_2.0.0.202105311346/tools/bin/../lib/gcc/arm-none-eabi/9.3.1/../../../../arm-none-eabi/lib/thumb/v7e-m+fp/hard\libc_nano.a(lib_a-wctomb_r.o)
                0x000000000800c55c                __ascii_wctomb
 *fill*         0x000000000800c576        0x2 
 .text.__swsetup_r
                0x000000000800c578       0xdc e:/stm/stm32cubeide_1.6.1/stm32cubeide/plugins/com.st.stm32cube.ide.mcu.externaltools.gnu-tools-for-stm32.9-2020-q2-update.win32_2.0.0.202105311346/tools/bin/../lib/gcc/arm-none-eabi/9.3.1/../../../../arm-none-eabi/lib/thumb/v7e-m+fp/hard\libc_nano.a(lib_a-wsetup.o)
                0x000000000800c578                __swsetup_r
 .text.abort    0x000000000800c654        0xe e:/stm/stm32cubeide_1.6.1/stm32cubeide/plugins/com.st.stm32cube.ide.mcu.externaltools.gnu-tools-for-stm32.9-2020-q2-update.win32_2.0.0.202105311346/tools/bin/../lib/gcc/arm-none-eabi/9.3.1/../../../../arm-none-eabi/lib/thumb/v7e-m+fp/hard\libc_nano.a(lib_a-abort.o)
                0x000000000800c654                abort
 .text.__swhatbuf_r
                0x000000000800c662       0x48 e:/stm/stm32cubeide_1.6.1/stm32cubeide/plugins/com.st.stm32cube.ide.mcu.externaltools.gnu-tools-for-stm32.9-2020-q2-update.win32_2.0.0.202105311346/tools/bin/../lib/gcc/arm-none-eabi/9.3.1/../../../../arm-none-eabi/lib/thumb/v7e-m+fp/hard\libc_nano.a(lib_a-makebuf.o)
                0x000000000800c662                __swhatbuf_r
 *fill*         0x000000000800c6aa        0x2 
 .text.__smakebuf_r
                0x000000000800c6ac       0x80 e:/stm/stm32cubeide_1.6.1/stm32cubeide/plugins/com.st.stm32cube.ide.mcu.externaltools.gnu-tools-for-stm32.9-2020-q2-update.win32_2.0.0.202105311346/tools/bin/../lib/gcc/arm-none-eabi/9.3.1/../../../../arm-none-eabi/lib/thumb/v7e-m+fp/hard\libc_nano.a(lib_a-makebuf.o)
                0x000000000800c6ac                __smakebuf_r
 .text._malloc_usable_size_r
                0x000000000800c72c       0x10 e:/stm/stm32cubeide_1.6.1/stm32cubeide/plugins/com.st.stm32cube.ide.mcu.externaltools.gnu-tools-for-stm32.9-2020-q2-update.win32_2.0.0.202105311346/tools/bin/../lib/gcc/arm-none-eabi/9.3.1/../../../../arm-none-eabi/lib/thumb/v7e-m+fp/hard\libc_nano.a(lib_a-nano-msizer.o)
                0x000000000800c72c                _malloc_usable_size_r
 .text._raise_r
                0x000000000800c73c       0x50 e:/stm/stm32cubeide_1.6.1/stm32cubeide/plugins/com.st.stm32cube.ide.mcu.externaltools.gnu-tools-for-stm32.9-2020-q2-update.win32_2.0.0.202105311346/tools/bin/../lib/gcc/arm-none-eabi/9.3.1/../../../../arm-none-eabi/lib/thumb/v7e-m+fp/hard\libc_nano.a(lib_a-signal.o)
                0x000000000800c73c                _raise_r
 .text.raise    0x000000000800c78c       0x10 e:/stm/stm32cubeide_1.6.1/stm32cubeide/plugins/com.st.stm32cube.ide.mcu.externaltools.gnu-tools-for-stm32.9-2020-q2-update.win32_2.0.0.202105311346/tools/bin/../lib/gcc/arm-none-eabi/9.3.1/../../../../arm-none-eabi/lib/thumb/v7e-m+fp/hard\libc_nano.a(lib_a-signal.o)
                0x000000000800c78c                raise
 .text._kill_r  0x000000000800c79c       0x24 e:/stm/stm32cubeide_1.6.1/stm32cubeide/plugins/com.st.stm32cube.ide.mcu.externaltools.gnu-tools-for-stm32.9-2020-q2-update.win32_2.0.0.202105311346/tools/bin/../lib/gcc/arm-none-eabi/9.3.1/../../../../arm-none-eabi/lib/thumb/v7e-m+fp/hard\libc_nano.a(lib_a-signalr.o)
                0x000000000800c79c                _kill_r
 .text._getpid_r
                0x000000000800c7c0        0x4 e:/stm/stm32cubeide_1.6.1/stm32cubeide/plugins/com.st.stm32cube.ide.mcu.externaltools.gnu-tools-for-stm32.9-2020-q2-update.win32_2.0.0.202105311346/tools/bin/../lib/gcc/arm-none-eabi/9.3.1/../../../../arm-none-eabi/lib/thumb/v7e-m+fp/hard\libc_nano.a(lib_a-signalr.o)
                0x000000000800c7c0                _getpid_r
 .text._fstat_r
                0x000000000800c7c4       0x24 e:/stm/stm32cubeide_1.6.1/stm32cubeide/plugins/com.st.stm32cube.ide.mcu.externaltools.gnu-tools-for-stm32.9-2020-q2-update.win32_2.0.0.202105311346/tools/bin/../lib/gcc/arm-none-eabi/9.3.1/../../../../arm-none-eabi/lib/thumb/v7e-m+fp/hard\libc_nano.a(lib_a-fstatr.o)
                0x000000000800c7c4                _fstat_r
 .text._isatty_r
                0x000000000800c7e8       0x20 e:/stm/stm32cubeide_1.6.1/stm32cubeide/plugins/com.st.stm32cube.ide.mcu.externaltools.gnu-tools-for-stm32.9-2020-q2-update.win32_2.0.0.202105311346/tools/bin/../lib/gcc/arm-none-eabi/9.3.1/../../../../arm-none-eabi/lib/thumb/v7e-m+fp/hard\libc_nano.a(lib_a-isattyr.o)
                0x000000000800c7e8                _isatty_r
 .text._exit    0x000000000800c808       0x14 e:/stm/stm32cubeide_1.6.1/stm32cubeide/plugins/com.st.stm32cube.ide.mcu.externaltools.gnu-tools-for-stm32.9-2020-q2-update.win32_2.0.0.202105311346/tools/bin/../lib/gcc/arm-none-eabi/9.3.1/../../../../arm-none-eabi/lib/thumb/v7e-m+fp/hard\librdimon_nano.a(rdimon-_exit.o)
                0x000000000800c808                _exit
 .text._kill_shared
                0x000000000800c81c       0x26 e:/stm/stm32cubeide_1.6.1/stm32cubeide/plugins/com.st.stm32cube.ide.mcu.externaltools.gnu-tools-for-stm32.9-2020-q2-update.win32_2.0.0.202105311346/tools/bin/../lib/gcc/arm-none-eabi/9.3.1/../../../../arm-none-eabi/lib/thumb/v7e-m+fp/hard\librdimon_nano.a(rdimon-_kill.o)
                0x000000000800c81c                _kill_shared