Archive member included to satisfy reference by file (symbol)

e:/stm/stm32cubeide_1.6.1/stm32cubeide/plugins/com.st.stm32cube.ide.mcu.externaltools.gnu-tools-for-stm32.9-2020-q2-update.win32_2.0.0.202105311346/tools/bin/../lib/gcc/arm-none-eabi/9.3.1/../../../../arm-none-eabi/lib/thumb/v7e-m+fp/hard\librdimon_nano.a(rdimon-syscalls.o)
                              e:/stm/stm32cubeide_1.6.1/stm32cubeide/plugins/com.st.stm32cube.ide.mcu.externaltools.gnu-tools-for-stm32.9-2020-q2-update.win32_2.0.0.202105311346/tools/bin/../lib/gcc/arm-none-eabi/9.3.1/../../../../arm-none-eabi/lib/thumb/v7e-m+fp/hard/rdimon-crt0.o (initialise_monitor_handles)
E:\STM\workspace\LibFreeRtos_2020104\Debug\libLibFreeRtos_2020104.a(queue.o)
                              ./Core/Src/main.o (xQueueGenericCreate)
E:\STM\workspace\LibFreeRtos_2020104\Debug\libLibFreeRtos_2020104.a(tasks.o)
                              ./Core/Src/main.o (xTaskCreate)
E:\STM\workspace\LibFreeRtos_2020104\Debug\libLibFreeRtos_2020104.a(port.o)
                              E:\STM\workspace\LibFreeRtos_2020104\Debug\libLibFreeRtos_2020104.a(tasks.o) (pxPortInitialiseStack)
E:\STM\workspace\LibFreeRtos_2020104\Debug\libLibFreeRtos_2020104.a(heap_4.o)
                              E:\STM\workspace\LibFreeRtos_2020104\Debug\libLibFreeRtos_2020104.a(queue.o) (pvPortMalloc)
E:\STM\workspace\LibFreeRtos_2020104\Debug\libLibFreeRtos_2020104.a(list.o)
                              E:\STM\workspace\LibFreeRtos_2020104\Debug\libLibFreeRtos_2020104.a(queue.o) (vListInitialise)
e:/stm/stm32cubeide_1.6.1/stm32cubeide/plugins/com.st.stm32cube.ide.mcu.externaltools.gnu-tools-for-stm32.9-2020-q2-update.win32_2.0.0.202105311346/tools/bin/../lib/gcc/arm-none-eabi/9.3.1/../../../../arm-none-eabi/lib/thumb/v7e-m+fp/hard\libc_nano.a(lib_a-atoi.o)
                              ./Core/Src/task_app.o (atoi)
e:/stm/stm32cubeide_1.6.1/stm32cubeide/plugins/com.st.stm32cube.ide.mcu.externaltools.gnu-tools-for-stm32.9-2020-q2-update.win32_2.0.0.202105311346/tools/bin/../lib/gcc/arm-none-eabi/9.3.1/../../../../arm-none-eabi/lib/thumb/v7e-m+fp/hard\libc_nano.a(lib_a-errno.o)
                              ./Core/Src/sysmem.o (__errno)
e:/stm/stm32cubeide_1.6.1/stm32cubeide/plugins/com.st.stm32cube.ide.mcu.externaltools.gnu-tools-for-stm32.9-2020-q2-update.win32_2.0.0.202105311346/tools/bin/../lib/gcc/arm-none-eabi/9.3.1/../../../../arm-none-eabi/lib/thumb/v7e-m+fp/hard\libc_nano.a(lib_a-exit.o)
                              e:/stm/stm32cubeide_1.6.1/stm32cubeide/plugins/com.st.stm32cube.ide.mcu.externaltools.gnu-tools-for-stm32.9-2020-q2-update.win32_2.0.0.202105311346/tools/bin/../lib/gcc/arm-none-eabi/9.3.1/../../../../arm-none-eabi/lib/thumb/v7e-m+fp/hard/rdimon-crt0.o (exit)
e:/stm/stm32cubeide_1.6.1/stm32cubeide/plugins/com.st.stm32cube.ide.mcu.externaltools.gnu-tools-for-stm32.9-2020-q2-update.win32_2.0.0.202105311346/tools/bin/../lib/gcc/arm-none-eabi/9.3.1/../../../../arm-none-eabi/lib/thumb/v7e-m+fp/hard\libc_nano.a(lib_a-findfp.o)
                              e:/stm/stm32cubeide_1.6.1/stm32cubeide/plugins/com.st.stm32cube.ide.mcu.externaltools.gnu-tools-for-stm32.9-2020-q2-update.win32_2.0.0.202105311346/tools/bin/../lib/gcc/arm-none-eabi/9.3.1/../../../../arm-none-eabi/lib/thumb/v7e-m+fp/hard\librdimon_nano.a(rdimon-syscalls.o) (__sinit)
e:/stm/stm32cubeide_1.6.1/stm32cubeide/plugins/com.st.stm32cube.ide.mcu.externaltools.gnu-tools-for-stm32.9-2020-q2-update.win32_2.0.0.202105311346/tools/bin/../lib/gcc/arm-none-eabi/9.3.1/../../../../arm-none-eabi/lib/thumb/v7e-m+fp/hard\libc_nano.a(lib_a-fwalk.o)
                              e:/stm/stm32cubeide_1.6.1/stm32cubeide/plugins/com.st.stm32cube.ide.mcu.externaltools.gnu-tools-for-stm32.9-2020-q2-update.win32_2.0.0.202105311346/tools/bin/../lib/gcc/arm-none-eabi/9.3.1/../../../../arm-none-eabi/lib/thumb/v7e-m+fp/hard\libc_nano.a(lib_a-findfp.o) (_fwalk)
e:/stm/stm32cubeide_1.6.1/stm32cubeide/plugins/com.st.stm32cube.ide.mcu.externaltools.gnu-tools-for-stm32.9-2020-q2-update.win32_2.0.0.202105311346/tools/bin/../lib/gcc/arm-none-eabi/9.3.1/../../../../arm-none-eabi/lib/thumb/v7e-m+fp/hard\libc_nano.a(lib_a-impure.o)
                              e:/stm/stm32cubeide_1.6.1/stm32cubeide/plugins/com.st.stm32cube.ide.mcu.externaltools.gnu-tools-for-stm32.9-2020-q2-update.win32_2.0.0.202105311346/tools/bin/../lib/gcc/arm-none-eabi/9.3.1/../../../../arm-none-eabi/lib/thumb/v7e-m+fp/hard\libc_nano.a(lib_a-exit.o) (_global_impure_ptr)
e:/stm/stm32cubeide_1.6.1/stm32cubeide/plugins/com.st.stm32cube.ide.mcu.externaltools.gnu-tools-for-stm32.9-2020-q2-update.win32_2.0.0.202105311346/tools/bin/../lib/gcc/arm-none-eabi/9.3.1/../../../../arm-none-eabi/lib/thumb/v7e-m+fp/hard\libc_nano.a(lib_a-init.o)
[...]
Memory Configuration

Name             Origin             Length             Attributes
RAM              0x0000000020000000 0x0000000000018000 xrw
FLASH            0x0000000008000000 0x0000000000080000 xr
*default*        0x0000000000000000 0xffffffffffffffff

Linker script and memory map

LOAD e:/stm/stm32cubeide_1.6.1/stm32cubeide/plugins/com.st.stm32cube.ide.mcu.externaltools.gnu-tools-for-stm32.9-2020-q2-update.win32_2.0.0.202105311346/tools/bin/../lib/gcc/arm-none-eabi/9.3.1/thumb/v7e-m+fp/hard/crti.o
LOAD e:/stm/stm32cubeide_1.6.1/stm32cubeide/plugins/com.st.stm32cube.ide.mcu.externaltools.gnu-tools-for-stm32.9-2020-q2-update.win32_2.0.0.202105311346/tools/bin/../lib/gcc/arm-none-eabi/9.3.1/thumb/v7e-m+fp/hard/crtbegin.o
LOAD e:/stm/stm32cubeide_1.6.1/stm32cubeide/plugins/com.st.stm32cube.ide.mcu.externaltools.gnu-tools-for-stm32.9-2020-q2-update.win32_2.0.0.202105311346/tools/bin/../lib/gcc/arm-none-eabi/9.3.1/../../../../arm-none-eabi/lib/thumb/v7e-m+fp/hard/rdimon-crt0.o
LOAD ./Core/Src/HD44780.o
LOAD ./Core/Src/freertos_idle.o
LOAD ./Core/Src/main.o
LOAD ./Core/Src/stm32f4xx_hal_msp.o
LOAD ./Core/Src/stm32f4xx_hal_timebase_tim.o
LOAD ./Core/Src/stm32f4xx_it.o
LOAD ./Core/Src/sysmem.o
LOAD ./Core/Src/system_stm32f4xx.o
LOAD ./Core/Src/task_app.o
LOAD ./Core/Startup/startup_stm32f401retx.o
LOAD ./Drivers/STM32F4xx_HAL_Driver/Src/stm32f4xx_hal.o
LOAD ./Drivers/STM32F4xx_HAL_Driver/Src/stm32f4xx_hal_adc.o
LOAD ./Drivers/STM32F4xx_HAL_Driver/Src/stm32f4xx_hal_adc_ex.o
LOAD ./Drivers/STM32F4xx_HAL_Driver/Src/stm32f4xx_hal_cortex.o
LOAD ./Drivers/STM32F4xx_HAL_Driver/Src/stm32f4xx_hal_dma.o
LOAD ./Drivers/STM32F4xx_HAL_Driver/Src/stm32f4xx_hal_dma_ex.o
LOAD ./Drivers/STM32F4xx_HAL_Driver/Src/stm32f4xx_hal_exti.o
LOAD ./Drivers/STM32F4xx_HAL_Driver/Src/stm32f4xx_hal_flash.o
LOAD ./Drivers/STM32F4xx_HAL_Driver/Src/stm32f4xx_hal_flash_ex.o
LOAD ./Drivers/STM32F4xx_HAL_Driver/Src/stm32f4xx_hal_flash_ramfunc.o
LOAD ./Drivers/STM32F4xx_HAL_Driver/Src/stm32f4xx_hal_gpio.o
LOAD ./Drivers/STM32F4xx_HAL_Driver/Src/stm32f4xx_hal_pwr.o
LOAD ./Drivers/STM32F4xx_HAL_Driver/Src/stm32f4xx_hal_pwr_ex.o
LOAD ./Drivers/STM32F4xx_HAL_Driver/Src/stm32f4xx_hal_rcc.o
LOAD ./Drivers/STM32F4xx_HAL_Driver/Src/stm32f4xx_hal_rcc_ex.o
LOAD ./Drivers/STM32F4xx_HAL_Driver/Src/stm32f4xx_hal_tim.o
LOAD ./Drivers/STM32F4xx_HAL_Driver/Src/stm32f4xx_hal_tim_ex.o
LOAD ./Drivers/STM32F4xx_HAL_Driver/Src/stm32f4xx_hal_uart.o
LOAD ./Drivers/STM32F4xx_HAL_Driver/Src/stm32f4xx_ll_adc.o
LOAD e:/stm/stm32cubeide_1.6.1/stm32cubeide/plugins/com.st.stm32cube.ide.mcu.externaltools.gnu-tools-for-stm32.9-2020-q2-update.win32_2.0.0.202105311346/tools/bin/../lib/gcc/arm-none-eabi/9.3.1/../../../../arm-none-eabi/lib/thumb/v7e-m+fp/hard\librdimon_nano.a
LOAD E:\STM\workspace\LibFreeRtos_2020104\Debug\libLibFreeRtos_2020104.a
LOAD e:/stm/stm32cubeide_1.6.1/stm32cubeide/plugins/com.st.stm32cube.ide.mcu.externaltools.gnu-tools-for-stm32.9-2020-q2-update.win32_2.0.0.202105311346/tools/bin/../lib/gcc/arm-none-eabi/9.3.1/../../../../arm-none-eabi/lib/thumb/v7e-m+fp/hard\libc_nano.a
LOAD e:/stm/stm32cubeide_1.6.1/stm32cubeide/plugins/com.st.stm32cube.ide.mcu.externaltools.gnu-tools-for-stm32.9-2020-q2-update.win32_2.0.0.202105311346/tools/bin/../lib/gcc/arm-none-eabi/9.3.1/../../../../arm-none-eabi/lib/thumb/v7e-m+fp/hard\librdimon_nano.a
START GROUP
LOAD e:/stm/stm32cubeide_1.6.1/stm32cubeide/plugins/com.st.stm32cube.ide.mcu.externaltools.gnu-tools-for-stm32.9-2020-q2-update.win32_2.0.0.202105311346/tools/bin/../lib/gcc/arm-none-eabi/9.3.1/../../../../arm-none-eabi/lib/thumb/v7e-m+fp/hard\libc_nano.a
LOAD e:/stm/stm32cubeide_1.6.1/stm32cubeide/plugins/com.st.stm32cube.ide.mcu.externaltools.gnu-tools-for-stm32.9-2020-q2-update.win32_2.0.0.202105311346/tools/bin/../lib/gcc/arm-none-eabi/9.3.1/../../../../arm-none-eabi/lib/thumb/v7e-m+fp/hard\libm.a
END GROUP
START GROUP
LOAD e:/stm/stm32cubeide_1.6.1/stm32cubeide/plugins/com.st.stm32cube.ide.mcu.externaltools.gnu-tools-for-stm32.9-2020-q2-update.win32_2.0.0.202105311346/tools/bin/../lib/gcc/arm-none-eabi/9.3.1/thumb/v7e-m+fp/hard\libgcc.a
LOAD e:/stm/stm32cubeide_1.6.1/stm32cubeide/plugins/com.st.stm32cube.ide.mcu.externaltools.gnu-tools-for-stm32.9-2020-q2-update.win32_2.0.0.202105311346/tools/bin/../lib/gcc/arm-none-eabi/9.3.1/../../../../arm-none-eabi/lib/thumb/v7e-m+fp/hard\libc_nano.a
END GROUP
START GROUP
LOAD e:/stm/stm32cubeide_1.6.1/stm32cubeide/plugins/com.st.stm32cube.ide.mcu.externaltools.gnu-tools-for-stm32.9-2020-q2-update.win32_2.0.0.202105311346/tools/bin/../lib/gcc/arm-none-eabi/9.3.1/thumb/v7e-m+fp/hard\libgcc.a
LOAD e:/stm/stm32cubeide_1.6.1/stm32cubeide/plugins/com.st.stm32cube.ide.mcu.externaltools.gnu-tools-for-stm32.9-2020-q2-update.win32_2.0.0.202105311346/tools/bin/../lib/gcc/arm-none-eabi/9.3.1/../../../../arm-none-eabi/lib/thumb/v7e-m+fp/hard\libc_nano.a
LOAD e:/stm/stm32cubeide_1.6.1/stm32cubeide/plugins/com.st.stm32cube.ide.mcu.externaltools.gnu-tools-for-stm32.9-2020-q2-update.win32_2.0.0.202105311346/tools/bin/../lib/gcc/arm-none-eabi/9.3.1/../../../../arm-none-eabi/lib/thumb/v7e-m+fp/hard\libnosys.a
END GROUP
START GROUP
LOAD e:/stm/stm32cubeide_1.6.1/stm32cubeide/plugins/com.st.stm32cube.ide.mcu.externaltools.gnu-tools-for-stm32.9-2020-q2-update.win32_2.0.0.202105311346/tools/bin/../lib/gcc/arm-none-eabi/9.3.1/thumb/v7e-m+fp/hard\libgcc.a
LOAD e:/stm/stm32cubeide_1.6.1/stm32cubeide/plugins/com.st.stm32cube.ide.mcu.externaltools.gnu-tools-for-stm32.9-2020-q2-update.win32_2.0.0.202105311346/tools/bin/../lib/gcc/arm-none-eabi/9.3.1/../../../../arm-none-eabi/lib/thumb/v7e-m+fp/hard\libc_nano.a
LOAD e:/stm/stm32cubeide_1.6.1/stm32cubeide/plugins/com.st.stm32cube.ide.mcu.externaltools.gnu-tools-for-stm32.9-2020-q2-update.win32_2.0.0.202105311346/tools/bin/../lib/gcc/arm-none-eabi/9.3.1/../../../../arm-none-eabi/lib/thumb/v7e-m+fp/hard\librdimon_nano.a
END GROUP
START GROUP
LOAD e:/stm/stm32cubeide_1.6.1/stm32cubeide/plugins/com.st.stm32cube.ide.mcu.externaltools.gnu-tools-for-stm32.9-2020-q2-update.win32_2.0.0.202105311346/tools/bin/../lib/gcc/arm-none-eabi/9.3.1/thumb/v7e-m+fp/hard\libgcc.a
LOAD e:/stm/stm32cubeide_1.6.1/stm32cubeide/plugins/com.st.stm32cube.ide.mcu.externaltools.gnu-tools-for-stm32.9-2020-q2-update.win32_2.0.0.202105311346/tools/bin/../lib/gcc/arm-none-eabi/9.3.1/../../../../arm-none-eabi/lib/thumb/v7e-m+fp/hard\libc_nano.a
LOAD e:/stm/stm32cubeide_1.6.1/stm32cubeide/plugins/com.st.stm32cube.ide.mcu.externaltools.gnu-tools-for-stm32.9-2020-q2-update.win32_2.0.0.202105311346/tools/bin/../lib/gcc/arm-none-eabi/9.3.1/../../../../arm-none-eabi/lib/thumb/v7e-m+fp/hard\librdimon_nano.a
LOAD e:/stm/stm32cubeide_1.6.1/stm32cubeide/plugins/com.st.stm32cube.ide.mcu.externaltools.gnu-tools-for-stm32.9-2020-q2-update.win32_2.0.0.202105311346/tools/bin/../lib/gcc/arm-none-eabi/9.3.1/../../../../arm-none-eabi/lib/thumb/v7e-m+fp/hard\libnosys.a
END GROUP
LOAD e:/stm/stm32cubeide_1.6.1/stm32cubeide/plugins/com.st.stm32cube.ide.mcu.externaltools.gnu-tools-for-stm32.9-2020-q2-update.win32_2.0.0.202105311346/tools/bin/../lib/gcc/arm-none-eabi/9.3.1/thumb/v7e-m+fp/hard/crtend.o
LOAD e:/stm/stm32cubeide_1.6.1/stm32cubeide/plugins/com.st.stm32cube.ide.mcu.externaltools.gnu-tools-for-stm32.9-2020-q2-update.win32_2.0.0.202105311346/tools/bin/../lib/gcc/arm-none-eabi/9.3.1/thumb/v7e-m+fp/hard/crtn.o
                0x0000000020018000                _estack = (ORIGIN (RAM) + LENGTH (RAM))
                0x0000000000000200                _Min_Heap_Size = 0x200
                0x0000000000000400                _Min_Stack_Size = 0x400

.isr_vector     0x0000000008000000      0x194
                0x0000000008000000                . = ALIGN (0x4)
 *(.isr_vector)
 .isr_vector    0x0000000008000000      0x194 ./Core/Startup/startup_stm32f401retx.o
                0x0000000008000000                g_pfnVectors
                0x0000000008000194                . = ALIGN (0x4)

.text           0x00000000080001a0     0xc37c
                0x00000000080001a0                . = ALIGN (0x4)
 *(.text)
 .text          0x00000000080001a0       0x40 e:/stm/stm32cubeide_1.6.1/stm32cubeide/plugins/com.st.stm32cube.ide.mcu.externaltools.gnu-tools-for-stm32.9-2020-q2-update.win32_2.0.0.202105311346/tools/bin/../lib/gcc/arm-none-eabi/9.3.1/thumb/v7e-m+fp/hard/crtbegin.o
 .text          0x00000000080001e0       0x10 e:/stm/stm32cubeide_1.6.1/stm32cubeide/plugins/com.st.stm32cube.ide.mcu.externaltools.gnu-tools-for-stm32.9-2020-q2-update.win32_2.0.0.202105311346/tools/bin/../lib/gcc/arm-none-eabi/9.3.1/../../../../arm-none-eabi/lib/thumb/v7e-m+fp/hard\libc_nano.a(lib_a-strlen.o)
                0x00000000080001e0                strlen
 .text          0x00000000080001f0       0xa0 e:/stm/stm32cubeide_1.6.1/stm32cubeide/plugins/com.st.stm32cube.ide.mcu.externaltools.gnu-tools-for-stm32.9-2020-q2-update.win32_2.0.0.202105311346/tools/bin/../lib/gcc/arm-none-eabi/9.3.1/../../../../arm-none-eabi/lib/thumb/v7e-m+fp/hard\libc_nano.a(lib_a-memchr.o)
                0x00000000080001f0                memchr
 .text          0x0000000008000290      0x378 e:/stm/stm32cubeide_1.6.1/stm32cubeide/plugins/com.st.stm32cube.ide.mcu.externaltools.gnu-tools-for-stm32.9-2020-q2-update.win32_2.0.0.202105311346/tools/bin/../lib/gcc/arm-none-eabi/9.3.1/thumb/v7e-m+fp/hard\libgcc.a(_arm_addsubdf3.o)
                0x0000000008000290                __aeabi_drsub
                0x0000000008000298                __aeabi_dsub
                0x0000000008000298                __subdf3
                0x000000000800029c                __aeabi_dadd
                0x000000000800029c                __adddf3
                0x0000000008000514                __floatunsidf
                0x0000000008000514                __aeabi_ui2d
                0x0000000008000534                __floatsidf
                0x0000000008000534                __aeabi_i2d
                0x0000000008000558                __aeabi_f2d
                0x0000000008000558                __extendsfdf2
                0x000000000800059c                __floatundidf
                0x000000000800059c                __aeabi_ul2d
                0x00000000080005ac                __floatdidf
                0x00000000080005ac                __aeabi_l2d
 .text          0x0000000008000608      0x424 e:/stm/stm32cubeide_1.6.1/stm32cubeide/plugins/com.st.stm32cube.ide.mcu.externaltools.gnu-tools-for-stm32.9-2020-q2-update.win32_2.0.0.202105311346/tools/bin/../lib/gcc/arm-none-eabi/9.3.1/thumb/v7e-m+fp/hard\libgcc.a(_arm_muldivdf3.o)
                0x0000000008000608                __aeabi_dmul
                0x0000000008000608                __muldf3
                0x000000000800085c                __divdf3
                0x000000000800085c                __aeabi_ddiv
 .text          0x0000000008000a2c      0x110 e:/stm/stm32cubeide_1.6.1/stm32cubeide/plugins/com.st.stm32cube.ide.mcu.externaltools.gnu-tools-for-stm32.9-2020-q2-update.win32_2.0.0.202105311346/tools/bin/../lib/gcc/arm-none-eabi/9.3.1/thumb/v7e-m+fp/hard\libgcc.a(_arm_cmpdf2.o)
                0x0000000008000a2c                __gtdf2
                0x0000000008000a2c                __gedf2
                0x0000000008000a34                __ltdf2
                0x0000000008000a34                __ledf2
                0x0000000008000a3c                __nedf2
                0x0000000008000a3c                __eqdf2
                0x0000000008000a3c                __cmpdf2
                0x0000000008000ab8                __aeabi_cdrcmple
                0x0000000008000ac8                __aeabi_cdcmpeq
                0x0000000008000ac8                __aeabi_cdcmple
                0x0000000008000ad8                __aeabi_dcmpeq
                0x0000000008000aec                __aeabi_dcmplt
                0x0000000008000b00                __aeabi_dcmple
                0x0000000008000b14                __aeabi_dcmpge
                0x0000000008000b28                __aeabi_dcmpgt
 .text          0x0000000008000b3c       0x2c e:/stm/stm32cubeide_1.6.1/stm32cubeide/plugins/com.st.stm32cube.ide.mcu.externaltools.gnu-tools-for-stm32.9-2020-q2-update.win32_2.0.0.202105311346/tools/bin/../lib/gcc/arm-none-eabi/9.3.1/thumb/v7e-m+fp/hard\libgcc.a(_arm_unorddf2.o)
                0x0000000008000b3c                __unorddf2
                0x0000000008000b3c                __aeabi_dcmpun
 .text          0x0000000008000b68       0x50 e:/stm/stm32cubeide_1.6.1/stm32cubeide/plugins/com.st.stm32cube.ide.mcu.externaltools.gnu-tools-for-stm32.9-2020-q2-update.win32_2.0.0.202105311346/tools/bin/../lib/gcc/arm-none-eabi/9.3.1/thumb/v7e-m+fp/hard\libgcc.a(_arm_fixdfsi.o)
                0x0000000008000b68                __aeabi_d2iz
                0x0000000008000b68                __fixdfsi
 .text          0x0000000008000bb8       0x30 e:/stm/stm32cubeide_1.6.1/stm32cubeide/plugins/com.st.stm32cube.ide.mcu.externaltools.gnu-tools-for-stm32.9-2020-q2-update.win32_2.0.0.202105311346/tools/bin/../lib/gcc/arm-none-eabi/9.3.1/thumb/v7e-m+fp/hard\libgcc.a(_aeabi_uldivmod.o)
                0x0000000008000bb8                __aeabi_uldivmod
 .text          0x0000000008000be8      0x2c4 e:/stm/stm32cubeide_1.6.1/stm32cubeide/plugins/com.st.stm32cube.ide.mcu.externaltools.gnu-tools-for-stm32.9-2020-q2-update.win32_2.0.0.202105311346/tools/bin/../lib/gcc/arm-none-eabi/9.3.1/thumb/v7e-m+fp/hard\libgcc.a(_udivmoddi4.o)
                0x0000000008000be8                __udivmoddi4
 .text          0x0000000008000eac        0x4 e:/stm/stm32cubeide_1.6.1/stm32cubeide/plugins/com.st.stm32cube.ide.mcu.externaltools.gnu-tools-for-stm32.9-2020-q2-update.win32_2.0.0.202105311346/tools/bin/../lib/gcc/arm-none-eabi/9.3.1/thumb/v7e-m+fp/hard\libgcc.a(_dvmd_tls.o)
                0x0000000008000eac                __aeabi_idiv0
                0x0000000008000eac                __aeabi_ldiv0
 *(.text*)
 .text.HD44780_init
                0x0000000008000eb0      0x188 ./Core/Src/HD44780.o
                0x0000000008000eb0                HD44780_init
 .text.HD44780_cursor_to
                0x0000000008001038       0x54 ./Core/Src/HD44780.o
                0x0000000008001038                HD44780_cursor_to
 .text.HD44780_put_char
                0x000000000800108c       0x80 ./Core/Src/HD44780.o
                0x000000000800108c                HD44780_put_char
 .text.HD44780_put_str
                0x000000000800110c       0x3c ./Core/Src/HD44780.o
                0x000000000800110c                HD44780_put_str
 .text.GPIO_init
                0x0000000008001148       0x3e ./Core/Src/HD44780.o
 .text.HD44780_set_data_mode
                0x0000000008001186       0x9e ./Core/Src/HD44780.o
 .text.HD44780_pull_value
                0x0000000008001224      0x1ca ./Core/Src/HD44780.o
 .text.HD44780_push_value
                0x00000000080013ee      0x174 ./Core/Src/HD44780.o
 .text.HD44780_read_byte
                0x0000000008001562       0x7a ./Core/Src/HD44780.o
 .text.HD44780_write_byte
                0x00000000080015dc       0x80 ./Core/Src/HD44780.o
 .text.HD44780_write_init
                0x000000000800165c       0x38 ./Core/Src/HD44780.o
 .text.HD44780_get_address
                0x0000000008001694       0x2e ./Core/Src/HD44780.o
 .text.HD44780_write_instruction
                0x00000000080016c2       0x20 ./Core/Src/HD44780.o
 .text.HD44780_write_data
                0x00000000080016e2       0x20 ./Core/Src/HD44780.o
 .text.HD44780_get_current_line
                0x0000000008001702       0x3a ./Core/Src/HD44780.o
 .text.DWT_Delay_Init
                0x000000000800173c       0x40 ./Core/Src/HD44780.o
                0x000000000800173c                DWT_Delay_Init
 .text.vApplicationGetIdleTaskMemory
                0x000000000800177c       0x34 ./Core/Src/freertos_idle.o
                0x000000000800177c                vApplicationGetIdleTaskMemory
 .text.main     0x00000000080017b0      0x15c ./Core/Src/main.o
                0x00000000080017b0                main
 .text.SystemClock_Config
                0x000000000800190c       0xc0 ./Core/Src/main.o
                0x000000000800190c                SystemClock_Config
 .text.MX_ADC1_Init
                0x00000000080019cc       0xa4 ./Core/Src/main.o
 .text.MX_TIM2_Init
                0x0000000008001a70       0xec ./Core/Src/main.o
 .text.MX_USART2_UART_Init
                0x0000000008001b5c       0x54 ./Core/Src/main.o
 .text.MX_DMA_Init
                0x0000000008001bb0       0x40 ./Core/Src/main.o
 .text.MX_GPIO_Init
                0x0000000008001bf0      0x108 ./Core/Src/main.o
 .text.HAL_TIM_PeriodElapsedCallback
                0x0000000008001cf8       0x24 ./Core/Src/main.o
                0x0000000008001cf8                HAL_TIM_PeriodElapsedCallback
 .text.Error_Handler
                0x0000000008001d1c        0xa ./Core/Src/main.o
                0x0000000008001d1c                Error_Handler
 *fill*         0x0000000008001d26        0x2 
 .text.HAL_MspInit
                0x0000000008001d28       0x50 ./Core/Src/stm32f4xx_hal_msp.o
                0x0000000008001d28                HAL_MspInit
 .text.HAL_ADC_MspInit
                0x0000000008001d78       0x98 ./Core/Src/stm32f4xx_hal_msp.o
                0x0000000008001d78                HAL_ADC_MspInit
 .text.HAL_TIM_Base_MspInit
                0x0000000008001e10       0x40 ./Core/Src/stm32f4xx_hal_msp.o
                0x0000000008001e10                HAL_TIM_Base_MspInit
 .text.HAL_TIM_MspPostInit
                0x0000000008001e50       0x70 ./Core/Src/stm32f4xx_hal_msp.o
                0x0000000008001e50                HAL_TIM_MspPostInit
 .text.HAL_UART_MspInit
                0x0000000008001ec0      0x104 ./Core/Src/stm32f4xx_hal_msp.o
                0x0000000008001ec0                HAL_UART_MspInit
 .text.HAL_InitTick
                0x0000000008001fc4       0xb0 ./Core/Src/stm32f4xx_hal_timebase_tim.o
                0x0000000008001fc4                HAL_InitTick
 .text.NMI_Handler
                0x0000000008002074        0x6 ./Core/Src/stm32f4xx_it.o
                0x0000000008002074                NMI_Handler
 .text.HardFault_Handler
                0x000000000800207a        0x6 ./Core/Src/stm32f4xx_it.o
                0x000000000800207a                HardFault_Handler
 .text.MemManage_Handler
                0x0000000008002080        0x6 ./Core/Src/stm32f4xx_it.o
                0x0000000008002080                MemManage_Handler
 .text.BusFault_Handler
                0x0000000008002086        0x6 ./Core/Src/stm32f4xx_it.o
                0x0000000008002086                BusFault_Handler
 .text.UsageFault_Handler
                0x000000000800208c        0x6 ./Core/Src/stm32f4xx_it.o
                0x000000000800208c                UsageFault_Handler
 .text.DebugMon_Handler
                0x0000000008002092        0xe ./Core/Src/stm32f4xx_it.o
                0x0000000008002092                DebugMon_Handler
 .text.DMA1_Stream6_IRQHandler
                0x00000000080020a0       0x14 ./Core/Src/stm32f4xx_it.o
                0x00000000080020a0                DMA1_Stream6_IRQHandler
 .text.ADC_IRQHandler
                0x00000000080020b4       0x14 ./Core/Src/stm32f4xx_it.o
                0x00000000080020b4                ADC_IRQHandler
 .text.TIM1_UP_TIM10_IRQHandler
                0x00000000080020c8       0x14 ./Core/Src/stm32f4xx_it.o
                0x00000000080020c8                TIM1_UP_TIM10_IRQHandler
 .text.USART2_IRQHandler
                0x00000000080020dc       0x14 ./Core/Src/stm32f4xx_it.o
                0x00000000080020dc                USART2_IRQHandler
 .text._sbrk    0x00000000080020f0       0x6c ./Core/Src/sysmem.o
                0x00000000080020f0                _sbrk
 .text.SystemInit
                0x000000000800215c       0x2c ./Core/Src/system_stm32f4xx.o
                0x000000000800215c                SystemInit
 .text.xAdcTask
                0x0000000008002188      0x144 ./Core/Src/task_app.o
                0x0000000008002188                xAdcTask
 .text.xAlarmTask
                0x00000000080022cc       0x90 ./Core/Src/task_app.o
                0x00000000080022cc                xAlarmTask
 .text.xSendTask
                0x000000000800235c       0xa4 ./Core/Src/task_app.o
                0x000000000800235c                xSendTask
 .text.xReceiveTask
                0x0000000008002400      0x15c ./Core/Src/task_app.o
                0x0000000008002400                xReceiveTask
 .text.HAL_UART_TxCpltCallback
                0x000000000800255c       0x50 ./Core/Src/task_app.o
                0x000000000800255c                HAL_UART_TxCpltCallback
 .text.HAL_UART_RxCpltCallback
                0x00000000080025ac       0x64 ./Core/Src/task_app.o
                0x00000000080025ac                HAL_UART_RxCpltCallback
 .text.HAL_ADC_ConvCpltCallback
                0x0000000008002610       0x54 ./Core/Src/task_app.o
                0x0000000008002610                HAL_ADC_ConvCpltCallback
 .text.ParseFrame
                0x0000000008002664       0xf0 ./Core/Src/task_app.o
                0x0000000008002664                ParseFrame
 .text.Reset_Handler
                0x0000000008002754       0x50 ./Core/Startup/startup_stm32f401retx.o
                0x0000000008002754                Reset_Handler
 .text.Default_Handler
                0x00000000080027a4        0x2 ./Core/Startup/startup_stm32f401retx.o
                0x00000000080027a4                RTC_Alarm_IRQHandler
                0x00000000080027a4                EXTI2_IRQHandler
                0x00000000080027a4                SPI4_IRQHandler
                0x00000000080027a4                TIM1_CC_IRQHandler
                0x00000000080027a4                DMA2_Stream5_IRQHandler
                0x00000000080027a4                DMA1_Stream5_IRQHandler
                0x00000000080027a4                PVD_IRQHandler
                0x00000000080027a4                SDIO_IRQHandler
                0x00000000080027a4                TAMP_STAMP_IRQHandler
                0x00000000080027a4                EXTI3_IRQHandler
                0x00000000080027a4                I2C3_ER_IRQHandler
                0x00000000080027a4                EXTI0_IRQHandler
                0x00000000080027a4                I2C2_EV_IRQHandler
                0x00000000080027a4                DMA1_Stream2_IRQHandler
                0x00000000080027a4                FPU_IRQHandler
                0x00000000080027a4                DMA2_Stream2_IRQHandler
                0x00000000080027a4                SPI1_IRQHandler
                0x00000000080027a4                TIM1_BRK_TIM9_IRQHandler
                0x00000000080027a4                DMA2_Stream3_IRQHandler
                0x00000000080027a4                USART6_IRQHandler
                0x00000000080027a4                DMA2_Stream0_IRQHandler
                0x00000000080027a4                TIM4_IRQHandler
                0x00000000080027a4                I2C1_EV_IRQHandler
                0x00000000080027a4                DMA1_Stream1_IRQHandler
                0x00000000080027a4                TIM3_IRQHandler
                0x00000000080027a4                RCC_IRQHandler
                0x00000000080027a4                Default_Handler
                0x00000000080027a4                EXTI15_10_IRQHandler
                0x00000000080027a4                DMA1_Stream7_IRQHandler
                0x00000000080027a4                TIM5_IRQHandler
                0x00000000080027a4                DMA2_Stream7_IRQHandler
                0x00000000080027a4                I2C3_EV_IRQHandler
                0x00000000080027a4                EXTI9_5_IRQHandler
                0x00000000080027a4                RTC_WKUP_IRQHandler
                0x00000000080027a4                SPI2_IRQHandler
                0x00000000080027a4                DMA1_Stream0_IRQHandler
                0x00000000080027a4                EXTI4_IRQHandler
                0x00000000080027a4                WWDG_IRQHandler
                0x00000000080027a4                TIM2_IRQHandler
                0x00000000080027a4                OTG_FS_WKUP_IRQHandler
                0x00000000080027a4                TIM1_TRG_COM_TIM11_IRQHandler
                0x00000000080027a4                EXTI1_IRQHandler
                0x00000000080027a4                I2C2_ER_IRQHandler
                0x00000000080027a4                DMA2_Stream1_IRQHandler
                0x00000000080027a4                FLASH_IRQHandler
                0x00000000080027a4                DMA2_Stream4_IRQHandler
                0x00000000080027a4                USART1_IRQHandler
                0x00000000080027a4                OTG_FS_IRQHandler
                0x00000000080027a4                SPI3_IRQHandler
                0x00000000080027a4                DMA1_Stream4_IRQHandler
                0x00000000080027a4                I2C1_ER_IRQHandler
                0x00000000080027a4                DMA2_Stream6_IRQHandler
                0x00000000080027a4                DMA1_Stream3_IRQHandler
 *fill*         0x00000000080027a6        0x2 
 .text.HAL_Init
                0x00000000080027a8       0x44 ./Drivers/STM32F4xx_HAL_Driver/Src/stm32f4xx_hal.o
                0x00000000080027a8                HAL_Init
 .text.HAL_IncTick
                0x00000000080027ec       0x28 ./Drivers/STM32F4xx_HAL_Driver/Src/stm32f4xx_hal.o
                0x00000000080027ec                HAL_IncTick
 .text.HAL_GetTick
                0x0000000008002814       0x18 ./Drivers/STM32F4xx_HAL_Driver/Src/stm32f4xx_hal.o
                0x0000000008002814                HAL_GetTick
 .text.HAL_Delay
                0x000000000800282c       0x48 ./Drivers/STM32F4xx_HAL_Driver/Src/stm32f4xx_hal.o
                0x000000000800282c                HAL_Delay
 .text.HAL_ADC_Init
                0x0000000008002874       0x86 ./Drivers/STM32F4xx_HAL_Driver/Src/stm32f4xx_hal_adc.o
                0x0000000008002874                HAL_ADC_Init
 *fill*         0x00000000080028fa        0x2 
 .text.HAL_ADC_Start_IT
                0x00000000080028fc      0x17c ./Drivers/STM32F4xx_HAL_Driver/Src/stm32f4xx_hal_adc.o
                0x00000000080028fc                HAL_ADC_Start_IT
 .text.HAL_ADC_IRQHandler
                0x0000000008002a78      0x282 ./Drivers/STM32F4xx_HAL_Driver/Src/stm32f4xx_hal_adc.o
                0x0000000008002a78                HAL_ADC_IRQHandler
 .text.HAL_ADC_GetValue
                0x0000000008002cfa       0x1a ./Drivers/STM32F4xx_HAL_Driver/Src/stm32f4xx_hal_adc.o
                0x0000000008002cfa                HAL_ADC_GetValue
 .text.HAL_ADC_LevelOutOfWindowCallback
                0x0000000008002d14       0x14 ./Drivers/STM32F4xx_HAL_Driver/Src/stm32f4xx_hal_adc.o
                0x0000000008002d14                HAL_ADC_LevelOutOfWindowCallback
 .text.HAL_ADC_ErrorCallback
                0x0000000008002d28       0x14 ./Drivers/STM32F4xx_HAL_Driver/Src/stm32f4xx_hal_adc.o
                0x0000000008002d28                HAL_ADC_ErrorCallback
 .text.HAL_ADC_ConfigChannel
                0x0000000008002d3c      0x244 ./Drivers/STM32F4xx_HAL_Driver/Src/stm32f4xx_hal_adc.o
                0x0000000008002d3c                HAL_ADC_ConfigChannel
 .text.ADC_Init
                0x0000000008002f80      0x1f8 ./Drivers/STM32F4xx_HAL_Driver/Src/stm32f4xx_hal_adc.o
 .text.HAL_ADCEx_InjectedConvCpltCallback
                0x0000000008003178       0x14 ./Drivers/STM32F4xx_HAL_Driver/Src/stm32f4xx_hal_adc_ex.o
                0x0000000008003178                HAL_ADCEx_InjectedConvCpltCallback
 .text.__NVIC_SetPriorityGrouping
                0x000000000800318c       0x48 ./Drivers/STM32F4xx_HAL_Driver/Src/stm32f4xx_hal_cortex.o
 .text.__NVIC_GetPriorityGrouping
                0x00000000080031d4       0x1c ./Drivers/STM32F4xx_HAL_Driver/Src/stm32f4xx_hal_cortex.o
 .text.__NVIC_EnableIRQ
                0x00000000080031f0       0x3c ./Drivers/STM32F4xx_HAL_Driver/Src/stm32f4xx_hal_cortex.o
 .text.__NVIC_SetPriority
                0x000000000800322c       0x54 ./Drivers/STM32F4xx_HAL_Driver/Src/stm32f4xx_hal_cortex.o
 .text.NVIC_EncodePriority
                0x0000000008003280       0x66 ./Drivers/STM32F4xx_HAL_Driver/Src/stm32f4xx_hal_cortex.o
 .text.HAL_NVIC_SetPriorityGrouping
                0x00000000080032e6       0x16 ./Drivers/STM32F4xx_HAL_Driver/Src/stm32f4xx_hal_cortex.o
                0x00000000080032e6                HAL_NVIC_SetPriorityGrouping
 .text.HAL_NVIC_SetPriority
                0x00000000080032fc       0x38 ./Drivers/STM32F4xx_HAL_Driver/Src/stm32f4xx_hal_cortex.o
                0x00000000080032fc                HAL_NVIC_SetPriority
 .text.HAL_NVIC_EnableIRQ
                0x0000000008003334       0x1c ./Drivers/STM32F4xx_HAL_Driver/Src/stm32f4xx_hal_cortex.o
                0x0000000008003334                HAL_NVIC_EnableIRQ
 .text.HAL_DMA_Init
                0x0000000008003350      0x15c ./Drivers/STM32F4xx_HAL_Driver/Src/stm32f4xx_hal_dma.o
                0x0000000008003350                HAL_DMA_Init
 .text.HAL_DMA_Start_IT
                0x00000000080034ac       0xb0 ./Drivers/STM32F4xx_HAL_Driver/Src/stm32f4xx_hal_dma.o
                0x00000000080034ac                HAL_DMA_Start_IT
 .text.HAL_DMA_Abort
                0x000000000800355c       0xe0 ./Drivers/STM32F4xx_HAL_Driver/Src/stm32f4xx_hal_dma.o
                0x000000000800355c                HAL_DMA_Abort
 .text.HAL_DMA_Abort_IT
                0x000000000800363c       0x44 ./Drivers/STM32F4xx_HAL_Driver/Src/stm32f4xx_hal_dma.o
                0x000000000800363c                HAL_DMA_Abort_IT
 .text.HAL_DMA_IRQHandler
                0x0000000008003680      0x314 ./Drivers/STM32F4xx_HAL_Driver/Src/stm32f4xx_hal_dma.o
                0x0000000008003680                HAL_DMA_IRQHandler
 .text.DMA_SetConfig
                0x0000000008003994       0x5c ./Drivers/STM32F4xx_HAL_Driver/Src/stm32f4xx_hal_dma.o
 .text.DMA_CalcBaseAndBitshift
                0x00000000080039f0       0x6c ./Drivers/STM32F4xx_HAL_Driver/Src/stm32f4xx_hal_dma.o
 .text.DMA_CheckFifoParam
                0x0000000008003a5c       0xf8 ./Drivers/STM32F4xx_HAL_Driver/Src/stm32f4xx_hal_dma.o
 .text.HAL_GPIO_Init
                0x0000000008003b54      0x308 ./Drivers/STM32F4xx_HAL_Driver/Src/stm32f4xx_hal_gpio.o
                0x0000000008003b54                HAL_GPIO_Init
 .text.HAL_GPIO_ReadPin
                0x0000000008003e5c       0x30 ./Drivers/STM32F4xx_HAL_Driver/Src/stm32f4xx_hal_gpio.o
                0x0000000008003e5c                HAL_GPIO_ReadPin
 .text.HAL_GPIO_WritePin
                0x0000000008003e8c       0x32 ./Drivers/STM32F4xx_HAL_Driver/Src/stm32f4xx_hal_gpio.o
                0x0000000008003e8c                HAL_GPIO_WritePin
 *fill*         0x0000000008003ebe        0x2 
 .text.HAL_RCC_OscConfig
                0x0000000008003ec0      0x4f0 ./Drivers/STM32F4xx_HAL_Driver/Src/stm32f4xx_hal_rcc.o
                0x0000000008003ec0                HAL_RCC_OscConfig
 .text.HAL_RCC_ClockConfig
                0x00000000080043b0      0x1cc ./Drivers/STM32F4xx_HAL_Driver/Src/stm32f4xx_hal_rcc.o
                0x00000000080043b0                HAL_RCC_ClockConfig
 .text.HAL_RCC_GetSysClockFreq
                0x000000000800457c      0x16c ./Drivers/STM32F4xx_HAL_Driver/Src/stm32f4xx_hal_rcc.o
                0x000000000800457c                HAL_RCC_GetSysClockFreq
 .text.HAL_RCC_GetHCLKFreq
                0x00000000080046e8       0x18 ./Drivers/STM32F4xx_HAL_Driver/Src/stm32f4xx_hal_rcc.o
                0x00000000080046e8                HAL_RCC_GetHCLKFreq
 .text.HAL_RCC_GetPCLK1Freq
                0x0000000008004700       0x28 ./Drivers/STM32F4xx_HAL_Driver/Src/stm32f4xx_hal_rcc.o
                0x0000000008004700                HAL_RCC_GetPCLK1Freq
 .text.HAL_RCC_GetPCLK2Freq
                0x0000000008004728       0x28 ./Drivers/STM32F4xx_HAL_Driver/Src/stm32f4xx_hal_rcc.o
                0x0000000008004728                HAL_RCC_GetPCLK2Freq
 .text.HAL_RCC_GetClockConfig
                0x0000000008004750       0x64 ./Drivers/STM32F4xx_HAL_Driver/Src/stm32f4xx_hal_rcc.o
                0x0000000008004750                HAL_RCC_GetClockConfig
 .text.HAL_TIM_Base_Init
                0x00000000080047b4       0x9e ./Drivers/STM32F4xx_HAL_Driver/Src/stm32f4xx_hal_tim.o
                0x00000000080047b4                HAL_TIM_Base_Init
 *fill*         0x0000000008004852        0x2 
 .text.HAL_TIM_Base_Start_IT
                0x0000000008004854       0xc4 ./Drivers/STM32F4xx_HAL_Driver/Src/stm32f4xx_hal_tim.o
                0x0000000008004854                HAL_TIM_Base_Start_IT
 .text.HAL_TIM_OC_Init
                0x0000000008004918       0x9e ./Drivers/STM32F4xx_HAL_Driver/Src/stm32f4xx_hal_tim.o
                0x0000000008004918                HAL_TIM_OC_Init
 .text.HAL_TIM_OC_MspInit
                0x00000000080049b6       0x14 ./Drivers/STM32F4xx_HAL_Driver/Src/stm32f4xx_hal_tim.o
                0x00000000080049b6                HAL_TIM_OC_MspInit
 *fill*         0x00000000080049ca        0x2 
 .text.HAL_TIM_PWM_Start
                0x00000000080049cc      0x160 ./Drivers/STM32F4xx_HAL_Driver/Src/stm32f4xx_hal_tim.o
                0x00000000080049cc                HAL_TIM_PWM_Start
 .text.HAL_TIM_PWM_Stop
                0x0000000008004b2c       0xc8 ./Drivers/STM32F4xx_HAL_Driver/Src/stm32f4xx_hal_tim.o
                0x0000000008004b2c                HAL_TIM_PWM_Stop
 .text.HAL_TIM_IRQHandler
                0x0000000008004bf4      0x210 ./Drivers/STM32F4xx_HAL_Driver/Src/stm32f4xx_hal_tim.o
                0x0000000008004bf4                HAL_TIM_IRQHandler
 .text.HAL_TIM_OC_ConfigChannel
                0x0000000008004e04       0xb8 ./Drivers/STM32F4xx_HAL_Driver/Src/stm32f4xx_hal_tim.o
                0x0000000008004e04                HAL_TIM_OC_ConfigChannel
 .text.HAL_TIM_ConfigClockSource
                0x0000000008004ebc      0x18e ./Drivers/STM32F4xx_HAL_Driver/Src/stm32f4xx_hal_tim.o
                0x0000000008004ebc                HAL_TIM_ConfigClockSource
 .text.HAL_TIM_OC_DelayElapsedCallback
                0x000000000800504a       0x14 ./Drivers/STM32F4xx_HAL_Driver/Src/stm32f4xx_hal_tim.o
                0x000000000800504a                HAL_TIM_OC_DelayElapsedCallback
 .text.HAL_TIM_IC_CaptureCallback
                0x000000000800505e       0x14 ./Drivers/STM32F4xx_HAL_Driver/Src/stm32f4xx_hal_tim.o
                0x000000000800505e                HAL_TIM_IC_CaptureCallback
 .text.HAL_TIM_PWM_PulseFinishedCallback
                0x0000000008005072       0x14 ./Drivers/STM32F4xx_HAL_Driver/Src/stm32f4xx_hal_tim.o
                0x0000000008005072                HAL_TIM_PWM_PulseFinishedCallback
 .text.HAL_TIM_TriggerCallback
                0x0000000008005086       0x14 ./Drivers/STM32F4xx_HAL_Driver/Src/stm32f4xx_hal_tim.o
                0x0000000008005086                HAL_TIM_TriggerCallback
 *fill*         0x000000000800509a        0x2 
 .text.TIM_Base_SetConfig
                0x000000000800509c      0x100 ./Drivers/STM32F4xx_HAL_Driver/Src/stm32f4xx_hal_tim.o
                0x000000000800509c                TIM_Base_SetConfig
 .text.TIM_OC1_SetConfig
                0x000000000800519c       0xcc ./Drivers/STM32F4xx_HAL_Driver/Src/stm32f4xx_hal_tim.o
 .text.TIM_OC2_SetConfig
                0x0000000008005268       0xd8 ./Drivers/STM32F4xx_HAL_Driver/Src/stm32f4xx_hal_tim.o
                0x0000000008005268                TIM_OC2_SetConfig
 .text.TIM_OC3_SetConfig
                0x0000000008005340       0xd4 ./Drivers/STM32F4xx_HAL_Driver/Src/stm32f4xx_hal_tim.o
 .text.TIM_OC4_SetConfig
                0x0000000008005414       0xa0 ./Drivers/STM32F4xx_HAL_Driver/Src/stm32f4xx_hal_tim.o
 .text.TIM_TI1_ConfigInputStage
                0x00000000080054b4       0x5e ./Drivers/STM32F4xx_HAL_Driver/Src/stm32f4xx_hal_tim.o
 .text.TIM_TI2_ConfigInputStage
                0x0000000008005512       0x60 ./Drivers/STM32F4xx_HAL_Driver/Src/stm32f4xx_hal_tim.o
 .text.TIM_ITRx_SetConfig
                0x0000000008005572       0x36 ./Drivers/STM32F4xx_HAL_Driver/Src/stm32f4xx_hal_tim.o
 .text.TIM_ETR_SetConfig
                0x00000000080055a8       0x40 ./Drivers/STM32F4xx_HAL_Driver/Src/stm32f4xx_hal_tim.o
                0x00000000080055a8                TIM_ETR_SetConfig
 .text.TIM_CCxChannelCmd
                0x00000000080055e8       0x4a ./Drivers/STM32F4xx_HAL_Driver/Src/stm32f4xx_hal_tim.o
                0x00000000080055e8                TIM_CCxChannelCmd
 *fill*         0x0000000008005632        0x2 
 .text.HAL_TIMEx_MasterConfigSynchronization
                0x0000000008005634       0xdc ./Drivers/STM32F4xx_HAL_Driver/Src/stm32f4xx_hal_tim_ex.o
                0x0000000008005634                HAL_TIMEx_MasterConfigSynchronization
 .text.HAL_TIMEx_CommutCallback
                0x0000000008005710       0x14 ./Drivers/STM32F4xx_HAL_Driver/Src/stm32f4xx_hal_tim_ex.o
                0x0000000008005710                HAL_TIMEx_CommutCallback
 .text.HAL_TIMEx_BreakCallback
                0x0000000008005724       0x14 ./Drivers/STM32F4xx_HAL_Driver/Src/stm32f4xx_hal_tim_ex.o
                0x0000000008005724                HAL_TIMEx_BreakCallback
 .text.HAL_UART_Init
                0x0000000008005738       0x9a ./Drivers/STM32F4xx_HAL_Driver/Src/stm32f4xx_hal_uart.o
                0x0000000008005738                HAL_UART_Init
 .text.HAL_UART_Receive_IT
                0x00000000080057d2       0x60 ./Drivers/STM32F4xx_HAL_Driver/Src/stm32f4xx_hal_uart.o
                0x00000000080057d2                HAL_UART_Receive_IT
 *fill*         0x0000000008005832        0x2 
 .text.HAL_UART_Transmit_DMA
                0x0000000008005834       0xfc ./Drivers/STM32F4xx_HAL_Driver/Src/stm32f4xx_hal_uart.o
                0x0000000008005834                HAL_UART_Transmit_DMA
 .text.HAL_UART_IRQHandler
                0x0000000008005930      0x51c ./Drivers/STM32F4xx_HAL_Driver/Src/stm32f4xx_hal_uart.o
                0x0000000008005930                HAL_UART_IRQHandler
 .text.HAL_UART_TxHalfCpltCallback
                0x0000000008005e4c       0x14 ./Drivers/STM32F4xx_HAL_Driver/Src/stm32f4xx_hal_uart.o
                0x0000000008005e4c                HAL_UART_TxHalfCpltCallback
 .text.HAL_UART_ErrorCallback
                0x0000000008005e60       0x14 ./Drivers/STM32F4xx_HAL_Driver/Src/stm32f4xx_hal_uart.o
                0x0000000008005e60                HAL_UART_ErrorCallback
 .text.HAL_UARTEx_RxEventCallback
                0x0000000008005e74       0x18 ./Drivers/STM32F4xx_HAL_Driver/Src/stm32f4xx_hal_uart.o
                0x0000000008005e74                HAL_UARTEx_RxEventCallback
 .text.UART_DMATransmitCplt
                0x0000000008005e8c       0x9a ./Drivers/STM32F4xx_HAL_Driver/Src/stm32f4xx_hal_uart.o
 .text.UART_DMATxHalfCplt
                0x0000000008005f26       0x1c ./Drivers/STM32F4xx_HAL_Driver/Src/stm32f4xx_hal_uart.o
 .text.UART_DMAError
                0x0000000008005f42       0x94 ./Drivers/STM32F4xx_HAL_Driver/Src/stm32f4xx_hal_uart.o
 .text.UART_Start_Receive_IT
                0x0000000008005fd6       0x74 ./Drivers/STM32F4xx_HAL_Driver/Src/stm32f4xx_hal_uart.o
                0x0000000008005fd6                UART_Start_Receive_IT
 .text.UART_EndTxTransfer
                0x000000000800604a       0x50 ./Drivers/STM32F4xx_HAL_Driver/Src/stm32f4xx_hal_uart.o
 .text.UART_EndRxTransfer
                0x000000000800609a       0xc6 ./Drivers/STM32F4xx_HAL_Driver/Src/stm32f4xx_hal_uart.o
 .text.UART_DMAAbortOnError
                0x0000000008006160       0x28 ./Drivers/STM32F4xx_HAL_Driver/Src/stm32f4xx_hal_uart.o
 .text.UART_Transmit_IT
                0x0000000008006188       0xa0 ./Drivers/STM32F4xx_HAL_Driver/Src/stm32f4xx_hal_uart.o
 .text.UART_EndTransmit_IT
                0x0000000008006228       0x30 ./Drivers/STM32F4xx_HAL_Driver/Src/stm32f4xx_hal_uart.o
 .text.UART_Receive_IT
                0x0000000008006258      0x176 ./Drivers/STM32F4xx_HAL_Driver/Src/stm32f4xx_hal_uart.o
 *fill*         0x00000000080063ce        0x2 
 .text.UART_SetConfig
                0x00000000080063d0      0x390 ./Drivers/STM32F4xx_HAL_Driver/Src/stm32f4xx_hal_uart.o
 .text.findslot
                0x0000000008006760       0x34 e:/stm/stm32cubeide_1.6.1/stm32cubeide/plugins/com.st.stm32cube.ide.mcu.externaltools.gnu-tools-for-stm32.9-2020-q2-update.win32_2.0.0.202105311346/tools/bin/../lib/gcc/arm-none-eabi/9.3.1/../../../../arm-none-eabi/lib/thumb/v7e-m+fp/hard\librdimon_nano.a(rdimon-syscalls.o)
 .text.checkerror
                0x0000000008006794       0x20 e:/stm/stm32cubeide_1.6.1/stm32cubeide/plugins/com.st.stm32cube.ide.mcu.externaltools.gnu-tools-for-stm32.9-2020-q2-update.win32_2.0.0.202105311346/tools/bin/../lib/gcc/arm-none-eabi/9.3.1/../../../../arm-none-eabi/lib/thumb/v7e-m+fp/hard\librdimon_nano.a(rdimon-syscalls.o)
 .text.error    0x00000000080067b4       0x1c e:/stm/stm32cubeide_1.6.1/stm32cubeide/plugins/com.st.stm32cube.ide.mcu.externaltools.gnu-tools-for-stm32.9-2020-q2-update.win32_2.0.0.202105311346/tools/bin/../lib/gcc/arm-none-eabi/9.3.1/../../../../arm-none-eabi/lib/thumb/v7e-m+fp/hard\librdimon_nano.a(rdimon-syscalls.o)
 .text._swiread
                0x00000000080067d0       0x20 e:/stm/stm32cubeide_1.6.1/stm32cubeide/plugins/com.st.stm32cube.ide.mcu.externaltools.gnu-tools-for-stm32.9-2020-q2-update.win32_2.0.0.202105311346/tools/bin/../lib/gcc/arm-none-eabi/9.3.1/../../../../arm-none-eabi/lib/thumb/v7e-m+fp/hard\librdimon_nano.a(rdimon-syscalls.o)
                0x00000000080067d0                _swiread
 .text._read    0x00000000080067f0       0x38 e:/stm/stm32cubeide_1.6.1/stm32cubeide/plugins/com.st.stm32cube.ide.mcu.externaltools.gnu-tools-for-stm32.9-2020-q2-update.win32_2.0.0.202105311346/tools/bin/../lib/gcc/arm-none-eabi/9.3.1/../../../../arm-none-eabi/lib/thumb/v7e-m+fp/hard\librdimon_nano.a(rdimon-syscalls.o)
                0x00000000080067f0                _read
 .text._swilseek
                0x0000000008006828       0x78 e:/stm/stm32cubeide_1.6.1/stm32cubeide/plugins/com.st.stm32cube.ide.mcu.externaltools.gnu-tools-for-stm32.9-2020-q2-update.win32_2.0.0.202105311346/tools/bin/../lib/gcc/arm-none-eabi/9.3.1/../../../../arm-none-eabi/lib/thumb/v7e-m+fp/hard\librdimon_nano.a(rdimon-syscalls.o)
                0x0000000008006828                _swilseek
 .text._lseek   0x00000000080068a0        0x4 e:/stm/stm32cubeide_1.6.1/stm32cubeide/plugins/com.st.stm32cube.ide.mcu.externaltools.gnu-tools-for-stm32.9-2020-q2-update.win32_2.0.0.202105311346/tools/bin/../lib/gcc/arm-none-eabi/9.3.1/../../../../arm-none-eabi/lib/thumb/v7e-m+fp/hard\librdimon_nano.a(rdimon-syscalls.o)
                0x00000000080068a0                _lseek
 .text._swiwrite
                0x00000000080068a4       0x20 e:/stm/stm32cubeide_1.6.1/stm32cubeide/plugins/com.st.stm32cube.ide.mcu.externaltools.gnu-tools-for-stm32.9-2020-q2-update.win32_2.0.0.202105311346/tools/bin/../lib/gcc/arm-none-eabi/9.3.1/../../../../arm-none-eabi/lib/thumb/v7e-m+fp/hard\librdimon_nano.a(rdimon-syscalls.o)
                0x00000000080068a4                _swiwrite
 .text._write   0x00000000080068c4       0x48 e:/stm/stm32cubeide_1.6.1/stm32cubeide/plugins/com.st.stm32cube.ide.mcu.externaltools.gnu-tools-for-stm32.9-2020-q2-update.win32_2.0.0.202105311346/tools/bin/../lib/gcc/arm-none-eabi/9.3.1/../../../../arm-none-eabi/lib/thumb/v7e-m+fp/hard\librdimon_nano.a(rdimon-syscalls.o)
                0x00000000080068c4                _write
 .text._swiclose
                0x000000000800690c       0x1a e:/stm/stm32cubeide_1.6.1/stm32cubeide/plugins/com.st.stm32cube.ide.mcu.externaltools.gnu-tools-for-stm32.9-2020-q2-update.win32_2.0.0.202105311346/tools/bin/../lib/gcc/arm-none-eabi/9.3.1/../../../../arm-none-eabi/lib/thumb/v7e-m+fp/hard\librdimon_nano.a(rdimon-syscalls.o)
                0x000000000800690c                _swiclose
 *fill*         0x0000000008006926        0x2 
 .text._close   0x0000000008006928       0x4c e:/stm/stm32cubeide_1.6.1/stm32cubeide/plugins/com.st.stm32cube.ide.mcu.externaltools.gnu-tools-for-stm32.9-2020-q2-update.win32_2.0.0.202105311346/tools/bin/../lib/gcc/arm-none-eabi/9.3.1/../../../../arm-none-eabi/lib/thumb/v7e-m+fp/hard\librdimon_nano.a(rdimon-syscalls.o)
                0x0000000008006928                _close
 .text._getpid  0x0000000008006974        0x4 e:/stm/stm32cubeide_1.6.1/stm32cubeide/plugins/com.st.stm32cube.ide.mcu.externaltools.gnu-tools-for-stm32.9-2020-q2-update.win32_2.0.0.202105311346/tools/bin/../lib/gcc/arm-none-eabi/9.3.1/../../../../arm-none-eabi/lib/thumb/v7e-m+fp/hard\librdimon_nano.a(rdimon-syscalls.o)
                0x0000000008006974                _getpid
 .text._swistat
                0x0000000008006978       0x42 e:/stm/stm32cubeide_1.6.1/stm32cubeide/plugins/com.st.stm32cube.ide.mcu.externaltools.gnu-tools-for-stm32.9-2020-q2-update.win32_2.0.0.202105311346/tools/bin/../lib/gcc/arm-none-eabi/9.3.1/../../../../arm-none-eabi/lib/thumb/v7e-m+fp/hard\librdimon_nano.a(rdimon-syscalls.o)
                0x0000000008006978                _swistat
 .text._fstat   0x00000000080069ba       0x1c e:/stm/stm32cubeide_1.6.1/stm32cubeide/plugins/com.st.stm32cube.ide.mcu.externaltools.gnu-tools-for-stm32.9-2020-q2-update.win32_2.0.0.202105311346/tools/bin/../lib/gcc/arm-none-eabi/9.3.1/../../../../arm-none-eabi/lib/thumb/v7e-m+fp/hard\librdimon_nano.a(rdimon-syscalls.o)
                0x00000000080069ba                _fstat
 .text._stat    0x00000000080069d6       0x3a e:/stm/stm32cubeide_1.6.1/stm32cubeide/plugins/com.st.stm32cube.ide.mcu.externaltools.gnu-tools-for-stm32.9-2020-q2-update.win32_2.0.0.202105311346/tools/bin/../lib/gcc/arm-none-eabi/9.3.1/../../../../arm-none-eabi/lib/thumb/v7e-m+fp/hard\librdimon_nano.a(rdimon-syscalls.o)
                0x00000000080069d6                _stat
 .text._swiopen
                0x0000000008006a10       0xb4 e:/stm/stm32cubeide_1.6.1/stm32cubeide/plugins/com.st.stm32cube.ide.mcu.externaltools.gnu-tools-for-stm32.9-2020-q2-update.win32_2.0.0.202105311346/tools/bin/../lib/gcc/arm-none-eabi/9.3.1/../../../../arm-none-eabi/lib/thumb/v7e-m+fp/hard\librdimon_nano.a(rdimon-syscalls.o)
                0x0000000008006a10                _swiopen
 .text._get_semihosting_exts
                0x0000000008006ac4       0xb8 e:/stm/stm32cubeide_1.6.1/stm32cubeide/plugins/com.st.stm32cube.ide.mcu.externaltools.gnu-tools-for-stm32.9-2020-q2-update.win32_2.0.0.202105311346/tools/bin/../lib/gcc/arm-none-eabi/9.3.1/../../../../arm-none-eabi/lib/thumb/v7e-m+fp/hard\librdimon_nano.a(rdimon-syscalls.o)
                0x0000000008006ac4                _get_semihosting_exts
 .text.initialise_semihosting_exts
                0x0000000008006b7c       0x34 e:/stm/stm32cubeide_1.6.1/stm32cubeide/plugins/com.st.stm32cube.ide.mcu.externaltools.gnu-tools-for-stm32.9-2020-q2-update.win32_2.0.0.202105311346/tools/bin/../lib/gcc/arm-none-eabi/9.3.1/../../../../arm-none-eabi/lib/thumb/v7e-m+fp/hard\librdimon_nano.a(rdimon-syscalls.o)
 .text._has_ext_exit_extended
                0x0000000008006bb0       0x18 e:/stm/stm32cubeide_1.6.1/stm32cubeide/plugins/com.st.stm32cube.ide.mcu.externaltools.gnu-tools-for-stm32.9-2020-q2-update.win32_2.0.0.202105311346/tools/bin/../lib/gcc/arm-none-eabi/9.3.1/../../../../arm-none-eabi/lib/thumb/v7e-m+fp/hard\librdimon_nano.a(rdimon-syscalls.o)
                0x0000000008006bb0                _has_ext_exit_extended
 .text._has_ext_stdout_stderr
                0x0000000008006bc8       0x18 e:/stm/stm32cubeide_1.6.1/stm32cubeide/plugins/com.st.stm32cube.ide.mcu.externaltools.gnu-tools-for-stm32.9-2020-q2-update.win32_2.0.0.202105311346/tools/bin/../lib/gcc/arm-none-eabi/9.3.1/../../../../arm-none-eabi/lib/thumb/v7e-m+fp/hard\librdimon_nano.a(rdimon-syscalls.o)
                0x0000000008006bc8                _has_ext_stdout_stderr
 .text.initialise_monitor_handles
                0x0000000008006be0       0xbc e:/stm/stm32cubeide_1.6.1/stm32cubeide/plugins/com.st.stm32cube.ide.mcu.externaltools.gnu-tools-for-stm32.9-2020-q2-update.win32_2.0.0.202105311346/tools/bin/../lib/gcc/arm-none-eabi/9.3.1/../../../../arm-none-eabi/lib/thumb/v7e-m+fp/hard\librdimon_nano.a(rdimon-syscalls.o)
                0x0000000008006be0                initialise_monitor_handles
 .text._isatty  0x0000000008006c9c       0x38 e:/stm/stm32cubeide_1.6.1/stm32cubeide/plugins/com.st.stm32cube.ide.mcu.externaltools.gnu-tools-for-stm32.9-2020-q2-update.win32_2.0.0.202105311346/tools/bin/../lib/gcc/arm-none-eabi/9.3.1/../../../../arm-none-eabi/lib/thumb/v7e-m+fp/hard\librdimon_nano.a(rdimon-syscalls.o)
                0x0000000008006c9c                _isatty
 .text.xQueueGenericReset
                0x0000000008006cd4       0xd0 E:\STM\workspace\LibFreeRtos_2020104\Debug\libLibFreeRtos_2020104.a(queue.o)
                0x0000000008006cd4                xQueueGenericReset
 .text.xQueueGenericCreate
                0x0000000008006da4       0xc6 E:\STM\workspace\LibFreeRtos_2020104\Debug\libLibFreeRtos_2020104.a(queue.o)
                0x0000000008006da4                xQueueGenericCreate
 .text.prvInitialiseNewQueue
                0x0000000008006e6a       0x3e E:\STM\workspace\LibFreeRtos_2020104\Debug\libLibFreeRtos_2020104.a(queue.o)
 .text.xQueueGenericSend
                0x0000000008006ea8      0x1fc E:\STM\workspace\LibFreeRtos_2020104\Debug\libLibFreeRtos_2020104.a(queue.o)
                0x0000000008006ea8                xQueueGenericSend
 .text.xQueueGenericSendFromISR
                0x00000000080070a4      0x154 E:\STM\workspace\LibFreeRtos_2020104\Debug\libLibFreeRtos_2020104.a(queue.o)
                0x00000000080070a4                xQueueGenericSendFromISR
 .text.xQueueGiveFromISR
                0x00000000080071f8      0x138 E:\STM\workspace\LibFreeRtos_2020104\Debug\libLibFreeRtos_2020104.a(queue.o)
                0x00000000080071f8                xQueueGiveFromISR
 .text.xQueueReceive
                0x0000000008007330      0x1c0 E:\STM\workspace\LibFreeRtos_2020104\Debug\libLibFreeRtos_2020104.a(queue.o)
                0x0000000008007330                xQueueReceive
 .text.xQueueSemaphoreTake
                0x00000000080074f0      0x218 E:\STM\workspace\LibFreeRtos_2020104\Debug\libLibFreeRtos_2020104.a(queue.o)
                0x00000000080074f0                xQueueSemaphoreTake
 .text.prvGetDisinheritPriorityAfterTimeout
                0x0000000008007708       0x30 E:\STM\workspace\LibFreeRtos_2020104\Debug\libLibFreeRtos_2020104.a(queue.o)
 .text.prvCopyDataToQueue
                0x0000000008007738       0xd4 E:\STM\workspace\LibFreeRtos_2020104\Debug\libLibFreeRtos_2020104.a(queue.o)
 .text.prvCopyDataFromQueue
                0x000000000800780c       0x4c E:\STM\workspace\LibFreeRtos_2020104\Debug\libLibFreeRtos_2020104.a(queue.o)
 .text.prvUnlockQueue
                0x0000000008007858       0xa4 E:\STM\workspace\LibFreeRtos_2020104\Debug\libLibFreeRtos_2020104.a(queue.o)
 .text.prvIsQueueEmpty
                0x00000000080078fc       0x2c E:\STM\workspace\LibFreeRtos_2020104\Debug\libLibFreeRtos_2020104.a(queue.o)
 .text.prvIsQueueFull
                0x0000000008007928       0x30 E:\STM\workspace\LibFreeRtos_2020104\Debug\libLibFreeRtos_2020104.a(queue.o)
 .text.xTaskCreateStatic
                0x0000000008007958       0xba E:\STM\workspace\LibFreeRtos_2020104\Debug\libLibFreeRtos_2020104.a(tasks.o)
                0x0000000008007958                xTaskCreateStatic
 .text.xTaskCreate
                0x0000000008007a12       0x8a E:\STM\workspace\LibFreeRtos_2020104\Debug\libLibFreeRtos_2020104.a(tasks.o)
                0x0000000008007a12                xTaskCreate
 .text.prvInitialiseNewTask
                0x0000000008007a9c      0x11c E:\STM\workspace\LibFreeRtos_2020104\Debug\libLibFreeRtos_2020104.a(tasks.o)
 .text.prvAddNewTaskToReadyList
                0x0000000008007bb8       0xd4 E:\STM\workspace\LibFreeRtos_2020104\Debug\libLibFreeRtos_2020104.a(tasks.o)
 .text.vTaskDelay
                0x0000000008007c8c       0x68 E:\STM\workspace\LibFreeRtos_2020104\Debug\libLibFreeRtos_2020104.a(tasks.o)
                0x0000000008007c8c                vTaskDelay
 .text.vTaskSuspend
                0x0000000008007cf4      0x140 E:\STM\workspace\LibFreeRtos_2020104\Debug\libLibFreeRtos_2020104.a(tasks.o)
                0x0000000008007cf4                vTaskSuspend
 .text.prvTaskIsTaskSuspended
                0x0000000008007e34       0x64 E:\STM\workspace\LibFreeRtos_2020104\Debug\libLibFreeRtos_2020104.a(tasks.o)
 .text.vTaskResume
                0x0000000008007e98       0xbc E:\STM\workspace\LibFreeRtos_2020104\Debug\libLibFreeRtos_2020104.a(tasks.o)
                0x0000000008007e98                vTaskResume
 .text.vTaskStartScheduler
                0x0000000008007f54       0xc8 E:\STM\workspace\LibFreeRtos_2020104\Debug\libLibFreeRtos_2020104.a(tasks.o)
                0x0000000008007f54                vTaskStartScheduler
 .text.vTaskSuspendAll
                0x000000000800801c       0x1c E:\STM\workspace\LibFreeRtos_2020104\Debug\libLibFreeRtos_2020104.a(tasks.o)
                0x000000000800801c                vTaskSuspendAll
 .text.xTaskResumeAll
                0x0000000008008038      0x138 E:\STM\workspace\LibFreeRtos_2020104\Debug\libLibFreeRtos_2020104.a(tasks.o)
                0x0000000008008038                xTaskResumeAll
 .text.xTaskIncrementTick
                0x0000000008008170      0x170 E:\STM\workspace\LibFreeRtos_2020104\Debug\libLibFreeRtos_2020104.a(tasks.o)
                0x0000000008008170                xTaskIncrementTick
 .text.vTaskSwitchContext
                0x00000000080082e0       0xb8 E:\STM\workspace\LibFreeRtos_2020104\Debug\libLibFreeRtos_2020104.a(tasks.o)
                0x00000000080082e0                vTaskSwitchContext
 .text.vTaskPlaceOnEventList
                0x0000000008008398       0x48 E:\STM\workspace\LibFreeRtos_2020104\Debug\libLibFreeRtos_2020104.a(tasks.o)
                0x0000000008008398                vTaskPlaceOnEventList
 .text.xTaskRemoveFromEventList
                0x00000000080083e0       0xc4 E:\STM\workspace\LibFreeRtos_2020104\Debug\libLibFreeRtos_2020104.a(tasks.o)
                0x00000000080083e0                xTaskRemoveFromEventList
 .text.vTaskInternalSetTimeOutState
                0x00000000080084a4       0x2c E:\STM\workspace\LibFreeRtos_2020104\Debug\libLibFreeRtos_2020104.a(tasks.o)
                0x00000000080084a4                vTaskInternalSetTimeOutState
 .text.xTaskCheckForTimeOut
                0x00000000080084d0       0xcc E:\STM\workspace\LibFreeRtos_2020104\Debug\libLibFreeRtos_2020104.a(tasks.o)
                0x00000000080084d0                xTaskCheckForTimeOut
 .text.vTaskMissedYield
                0x000000000800859c       0x18 E:\STM\workspace\LibFreeRtos_2020104\Debug\libLibFreeRtos_2020104.a(tasks.o)
                0x000000000800859c                vTaskMissedYield
 .text.prvIdleTask
                0x00000000080085b4       0x30 E:\STM\workspace\LibFreeRtos_2020104\Debug\libLibFreeRtos_2020104.a(tasks.o)
 .text.prvInitialiseTaskLists
                0x00000000080085e4       0x80 E:\STM\workspace\LibFreeRtos_2020104\Debug\libLibFreeRtos_2020104.a(tasks.o)
 .text.prvCheckTasksWaitingTermination
                0x0000000008008664       0x5c E:\STM\workspace\LibFreeRtos_2020104\Debug\libLibFreeRtos_2020104.a(tasks.o)
 .text.prvDeleteTCB
                0x00000000080086c0       0x5e E:\STM\workspace\LibFreeRtos_2020104\Debug\libLibFreeRtos_2020104.a(tasks.o)
 *fill*         0x000000000800871e        0x2 
 .text.prvResetNextTaskUnblockTime
                0x0000000008008720       0x38 E:\STM\workspace\LibFreeRtos_2020104\Debug\libLibFreeRtos_2020104.a(tasks.o)
 .text.xTaskGetSchedulerState
                0x0000000008008758       0x3c E:\STM\workspace\LibFreeRtos_2020104\Debug\libLibFreeRtos_2020104.a(tasks.o)
                0x0000000008008758                xTaskGetSchedulerState
 .text.xTaskPriorityInherit
                0x0000000008008794       0xec E:\STM\workspace\LibFreeRtos_2020104\Debug\libLibFreeRtos_2020104.a(tasks.o)
                0x0000000008008794                xTaskPriorityInherit
 .text.xTaskPriorityDisinherit
                0x0000000008008880       0xf4 E:\STM\workspace\LibFreeRtos_2020104\Debug\libLibFreeRtos_2020104.a(tasks.o)
                0x0000000008008880                xTaskPriorityDisinherit
 .text.vTaskPriorityDisinheritAfterTimeout
                0x0000000008008974      0x11c E:\STM\workspace\LibFreeRtos_2020104\Debug\libLibFreeRtos_2020104.a(tasks.o)
                0x0000000008008974                vTaskPriorityDisinheritAfterTimeout
 .text.pvTaskIncrementMutexHeldCount
                0x0000000008008a90       0x28 E:\STM\workspace\LibFreeRtos_2020104\Debug\libLibFreeRtos_2020104.a(tasks.o)
                0x0000000008008a90                pvTaskIncrementMutexHeldCount
 .text.prvAddCurrentTaskToDelayedList
                0x0000000008008ab8       0xcc E:\STM\workspace\LibFreeRtos_2020104\Debug\libLibFreeRtos_2020104.a(tasks.o)
 .text.pxPortInitialiseStack
                0x0000000008008b84       0x68 E:\STM\workspace\LibFreeRtos_2020104\Debug\libLibFreeRtos_2020104.a(port.o)
                0x0000000008008b84                pxPortInitialiseStack
 .text.prvTaskExitError
                0x0000000008008bec       0x58 E:\STM\workspace\LibFreeRtos_2020104\Debug\libLibFreeRtos_2020104.a(port.o)
 *fill*         0x0000000008008c44        0xc 
 .text.SVC_Handler
                0x0000000008008c50       0x28 E:\STM\workspace\LibFreeRtos_2020104\Debug\libLibFreeRtos_2020104.a(port.o)
                0x0000000008008c50                SVC_Handler
 .text.prvPortStartFirstTask
                0x0000000008008c78       0x28 E:\STM\workspace\LibFreeRtos_2020104\Debug\libLibFreeRtos_2020104.a(port.o)
 .text.xPortStartScheduler
                0x0000000008008ca0      0x144 E:\STM\workspace\LibFreeRtos_2020104\Debug\libLibFreeRtos_2020104.a(port.o)
                0x0000000008008ca0                xPortStartScheduler
 .text.vPortEnterCritical
                0x0000000008008de4       0x60 E:\STM\workspace\LibFreeRtos_2020104\Debug\libLibFreeRtos_2020104.a(port.o)
                0x0000000008008de4                vPortEnterCritical
 .text.vPortExitCritical
                0x0000000008008e44       0x54 E:\STM\workspace\LibFreeRtos_2020104\Debug\libLibFreeRtos_2020104.a(port.o)
                0x0000000008008e44                vPortExitCritical
 *fill*         0x0000000008008e98        0x8 
 .text.PendSV_Handler
                0x0000000008008ea0       0x68 E:\STM\workspace\LibFreeRtos_2020104\Debug\libLibFreeRtos_2020104.a(port.o)
                0x0000000008008ea0                PendSV_Handler
 .text.SysTick_Handler
                0x0000000008008f08       0x44 E:\STM\workspace\LibFreeRtos_2020104\Debug\libLibFreeRtos_2020104.a(port.o)
                0x0000000008008f08                SysTick_Handler
 .text.vPortSetupTimerInterrupt
                0x0000000008008f4c       0x48 E:\STM\workspace\LibFreeRtos_2020104\Debug\libLibFreeRtos_2020104.a(port.o)
                0x0000000008008f4c                vPortSetupTimerInterrupt
 .text.vPortEnableVFP
                0x0000000008008f94       0x14 E:\STM\workspace\LibFreeRtos_2020104\Debug\libLibFreeRtos_2020104.a(port.o)
 .text.vPortValidateInterruptPriority
                0x0000000008008fa8       0x80 E:\STM\workspace\LibFreeRtos_2020104\Debug\libLibFreeRtos_2020104.a(port.o)
                0x0000000008008fa8                vPortValidateInterruptPriority
 .text.pvPortMalloc
                0x0000000008009028      0x188 E:\STM\workspace\LibFreeRtos_2020104\Debug\libLibFreeRtos_2020104.a(heap_4.o)
                0x0000000008009028                pvPortMalloc
 .text.vPortFree
                0x00000000080091b0       0xb4 E:\STM\workspace\LibFreeRtos_2020104\Debug\libLibFreeRtos_2020104.a(heap_4.o)
                0x00000000080091b0                vPortFree
 .text.prvHeapInit
                0x0000000008009264       0xc4 E:\STM\workspace\LibFreeRtos_2020104\Debug\libLibFreeRtos_2020104.a(heap_4.o)
 .text.prvInsertBlockIntoFreeList
                0x0000000008009328       0xb4 E:\STM\workspace\LibFreeRtos_2020104\Debug\libLibFreeRtos_2020104.a(heap_4.o)
 .text.vListInitialise
                0x00000000080093dc       0x40 E:\STM\workspace\LibFreeRtos_2020104\Debug\libLibFreeRtos_2020104.a(list.o)
                0x00000000080093dc                vListInitialise
 .text.vListInitialiseItem
                0x000000000800941c       0x1a E:\STM\workspace\LibFreeRtos_2020104\Debug\libLibFreeRtos_2020104.a(list.o)
                0x000000000800941c                vListInitialiseItem
 .text.vListInsertEnd
                0x0000000008009436       0x48 E:\STM\workspace\LibFreeRtos_2020104\Debug\libLibFreeRtos_2020104.a(list.o)
                0x0000000008009436                vListInsertEnd
 .text.vListInsert
                0x000000000800947e       0x72 E:\STM\workspace\LibFreeRtos_2020104\Debug\libLibFreeRtos_2020104.a(list.o)
                0x000000000800947e                vListInsert
 .text.uxListRemove
                0x00000000080094f0       0x54 E:\STM\workspace\LibFreeRtos_2020104\Debug\libLibFreeRtos_2020104.a(list.o)
                0x00000000080094f0                uxListRemove
 .text.atoi     0x0000000008009544        0x8 e:/stm/stm32cubeide_1.6.1/stm32cubeide/plugins/com.st.stm32cube.ide.mcu.externaltools.gnu-tools-for-stm32.9-2020-q2-update.win32_2.0.0.202105311346/tools/bin/../lib/gcc/arm-none-eabi/9.3.1/../../../../arm-none-eabi/lib/thumb/v7e-m+fp/hard\libc_nano.a(lib_a-atoi.o)
                0x0000000008009544                atoi
 .text.__errno  0x000000000800954c        0xc e:/stm/stm32cubeide_1.6.1/stm32cubeide/plugins/com.st.stm32cube.ide.mcu.externaltools.gnu-tools-for-stm32.9-2020-q2-update.win32_2.0.0.202105311346/tools/bin/../lib/gcc/arm-none-eabi/9.3.1/../../../../arm-none-eabi/lib/thumb/v7e-m+fp/hard\libc_nano.a(lib_a-errno.o)
                0x000000000800954c                __errno
 .text.std      0x0000000008009558       0x48 e:/stm/stm32cubeide_1.6.1/stm32cubeide/plugins/com.st.stm32cube.ide.mcu.externaltools.gnu-tools-for-stm32.9-2020-q2-update.win32_2.0.0.202105311346/tools/bin/../lib/gcc/arm-none-eabi/9.3.1/../../../../arm-none-eabi/lib/thumb/v7e-m+fp/hard\libc_nano.a(lib_a-findfp.o)
 .text._cleanup_r
                0x00000000080095a0        0xc e:/stm/stm32cubeide_1.6.1/stm32cubeide/plugins/com.st.stm32cube.ide.mcu.externaltools.gnu-tools-for-stm32.9-2020-q2-update.win32_2.0.0.202105311346/tools/bin/../lib/gcc/arm-none-eabi/9.3.1/../../../../arm-none-eabi/lib/thumb/v7e-m+fp/hard\libc_nano.a(lib_a-findfp.o)
                0x00000000080095a0                _cleanup_r
 .text.__sfmoreglue
                0x00000000080095ac       0x2c e:/stm/stm32cubeide_1.6.1/stm32cubeide/plugins/com.st.stm32cube.ide.mcu.externaltools.gnu-tools-for-stm32.9-2020-q2-update.win32_2.0.0.202105311346/tools/bin/../lib/gcc/arm-none-eabi/9.3.1/../../../../arm-none-eabi/lib/thumb/v7e-m+fp/hard\libc_nano.a(lib_a-findfp.o)
                0x00000000080095ac                __sfmoreglue
 .text.__sfp_lock_acquire
                0x00000000080095d8        0xc e:/stm/stm32cubeide_1.6.1/stm32cubeide/plugins/com.st.stm32cube.ide.mcu.externaltools.gnu-tools-for-stm32.9-2020-q2-update.win32_2.0.0.202105311346/tools/bin/../lib/gcc/arm-none-eabi/9.3.1/../../../../arm-none-eabi/lib/thumb/v7e-m+fp/hard\libc_nano.a(lib_a-findfp.o)
                0x00000000080095d8                __sfp_lock_acquire
 .text.__sfp_lock_release
                0x00000000080095e4        0xc e:/stm/stm32cubeide_1.6.1/stm32cubeide/plugins/com.st.stm32cube.ide.mcu.externaltools.gnu-tools-for-stm32.9-2020-q2-update.win32_2.0.0.202105311346/tools/bin/../lib/gcc/arm-none-eabi/9.3.1/../../../../arm-none-eabi/lib/thumb/v7e-m+fp/hard\libc_nano.a(lib_a-findfp.o)
                0x00000000080095e4                __sfp_lock_release
 .text.__sinit_lock_acquire
                0x00000000080095f0        0xc e:/stm/stm32cubeide_1.6.1/stm32cubeide/plugins/com.st.stm32cube.ide.mcu.externaltools.gnu-tools-for-stm32.9-2020-q2-update.win32_2.0.0.202105311346/tools/bin/../lib/gcc/arm-none-eabi/9.3.1/../../../../arm-none-eabi/lib/thumb/v7e-m+fp/hard\libc_nano.a(lib_a-findfp.o)
                0x00000000080095f0                __sinit_lock_acquire
 .text.__sinit_lock_release
                0x00000000080095fc        0xc e:/stm/stm32cubeide_1.6.1/stm32cubeide/plugins/com.st.stm32cube.ide.mcu.externaltools.gnu-tools-for-stm32.9-2020-q2-update.win32_2.0.0.202105311346/tools/bin/../lib/gcc/arm-none-eabi/9.3.1/../../../../arm-none-eabi/lib/thumb/v7e-m+fp/hard\libc_nano.a(lib_a-findfp.o)
                0x00000000080095fc                __sinit_lock_release
 .text.__sinit  0x0000000008009608       0x70 e:/stm/stm32cubeide_1.6.1/stm32cubeide/plugins/com.st.stm32cube.ide.mcu.externaltools.gnu-tools-for-stm32.9-2020-q2-update.win32_2.0.0.202105311346/tools/bin/../lib/gcc/arm-none-eabi/9.3.1/../../../../arm-none-eabi/lib/thumb/v7e-m+fp/hard\libc_nano.a(lib_a-findfp.o)
                0x0000000008009608                __sinit
 .text.__sfp    0x0000000008009678       0x8c e:/stm/stm32cubeide_1.6.1/stm32cubeide/plugins/com.st.stm32cube.ide.mcu.externaltools.gnu-tools-for-stm32.9-2020-q2-update.win32_2.0.0.202105311346/tools/bin/../lib/gcc/arm-none-eabi/9.3.1/../../../../arm-none-eabi/lib/thumb/v7e-m+fp/hard\libc_nano.a(lib_a-findfp.o)
                0x0000000008009678                __sfp
 .text._fwalk_reent
                0x0000000008009704       0x3e e:/stm/stm32cubeide_1.6.1/stm32cubeide/plugins/com.st.stm32cube.ide.mcu.externaltools.gnu-tools-for-stm32.9-2020-q2-update.win32_2.0.0.202105311346/tools/bin/../lib/gcc/arm-none-eabi/9.3.1/../../../../arm-none-eabi/lib/thumb/v7e-m+fp/hard\libc_nano.a(lib_a-fwalk.o)
                0x0000000008009704                _fwalk_reent
 *fill*         0x0000000008009742        0x2 
 .text.__libc_init_array
                0x0000000008009744       0x48 e:/stm/stm32cubeide_1.6.1/stm32cubeide/plugins/com.st.stm32cube.ide.mcu.externaltools.gnu-tools-for-stm32.9-2020-q2-update.win32_2.0.0.202105311346/tools/bin/../lib/gcc/arm-none-eabi/9.3.1/../../../../arm-none-eabi/lib/thumb/v7e-m+fp/hard\libc_nano.a(lib_a-init.o)
                0x0000000008009744                __libc_init_array
 .text.__itoa   0x000000000800978c       0x30 e:/stm/stm32cubeide_1.6.1/stm32cubeide/plugins/com.st.stm32cube.ide.mcu.externaltools.gnu-tools-for-stm32.9-2020-q2-update.win32_2.0.0.202105311346/tools/bin/../lib/gcc/arm-none-eabi/9.3.1/../../../../arm-none-eabi/lib/thumb/v7e-m+fp/hard\libc_nano.a(lib_a-itoa.o)
                0x000000000800978c                __itoa
 .text.itoa     0x00000000080097bc        0x4 e:/stm/stm32cubeide_1.6.1/stm32cubeide/plugins/com.st.stm32cube.ide.mcu.externaltools.gnu-tools-for-stm32.9-2020-q2-update.win32_2.0.0.202105311346/tools/bin/../lib/gcc/arm-none-eabi/9.3.1/../../../../arm-none-eabi/lib/thumb/v7e-m+fp/hard\libc_nano.a(lib_a-itoa.o)
                0x00000000080097bc                itoa
 .text.__retarget_lock_init_recursive
                0x00000000080097c0        0x2 e:/stm/stm32cubeide_1.6.1/stm32cubeide/plugins/com.st.stm32cube.ide.mcu.externaltools.gnu-tools-for-stm32.9-2020-q2-update.win32_2.0.0.202105311346/tools/bin/../lib/gcc/arm-none-eabi/9.3.1/../../../../arm-none-eabi/lib/thumb/v7e-m+fp/hard\libc_nano.a(lib_a-lock.o)
                0x00000000080097c0                __retarget_lock_init_recursive
 .text.__retarget_lock_acquire_recursive
                0x00000000080097c2        0x2 e:/stm/stm32cubeide_1.6.1/stm32cubeide/plugins/com.st.stm32cube.ide.mcu.externaltools.gnu-tools-for-stm32.9-2020-q2-update.win32_2.0.0.202105311346/tools/bin/../lib/gcc/arm-none-eabi/9.3.1/../../../../arm-none-eabi/lib/thumb/v7e-m+fp/hard\libc_nano.a(lib_a-lock.o)
                0x00000000080097c2                __retarget_lock_acquire_recursive
 .text.__retarget_lock_release_recursive
                0x00000000080097c4        0x2 e:/stm/stm32cubeide_1.6.1/stm32cubeide/plugins/com.st.stm32cube.ide.mcu.externaltools.gnu-tools-for-stm32.9-2020-q2-update.win32_2.0.0.202105311346/tools/bin/../lib/gcc/arm-none-eabi/9.3.1/../../../../arm-none-eabi/lib/thumb/v7e-m+fp/hard\libc_nano.a(lib_a-lock.o)
                0x00000000080097c4                __retarget_lock_release_recursive
 .text.memcpy   0x00000000080097c6       0x1c e:/stm/stm32cubeide_1.6.1/stm32cubeide/plugins/com.st.stm32cube.ide.mcu.externaltools.gnu-tools-for-stm32.9-2020-q2-update.win32_2.0.0.202105311346/tools/bin/../lib/gcc/arm-none-eabi/9.3.1/../../../../arm-none-eabi/lib/thumb/v7e-m+fp/hard\libc_nano.a(lib_a-memcpy-stub.o)
                0x00000000080097c6                memcpy
 .text.memset   0x00000000080097e2       0x10 e:/stm/stm32cubeide_1.6.1/stm32cubeide/plugins/com.st.stm32cube.ide.mcu.externaltools.gnu-tools-for-stm32.9-2020-q2-update.win32_2.0.0.202105311346/tools/bin/../lib/gcc/arm-none-eabi/9.3.1/../../../../arm-none-eabi/lib/thumb/v7e-m+fp/hard\libc_nano.a(lib_a-memset.o)
                0x00000000080097e2                memset
 *fill*         0x00000000080097f2        0x2 
 .text._malloc_r
                0x00000000080097f4       0xb4 e:/stm/stm32cubeide_1.6.1/stm32cubeide/plugins/com.st.stm32cube.ide.mcu.externaltools.gnu-tools-for-stm32.9-2020-q2-update.win32_2.0.0.202105311346/tools/bin/../lib/gcc/arm-none-eabi/9.3.1/../../../../arm-none-eabi/lib/thumb/v7e-m+fp/hard\libc_nano.a(lib_a-nano-mallocr.o)
                0x00000000080097f4                _malloc_r
 .text.__cvt    0x00000000080098a8       0xc4 e:/stm/stm32cubeide_1.6.1/stm32cubeide/plugins/com.st.stm32cube.ide.mcu.externaltools.gnu-tools-for-stm32.9-2020-q2-update.win32_2.0.0.202105311346/tools/bin/../lib/gcc/arm-none-eabi/9.3.1/../../../../arm-none-eabi/lib/thumb/v7e-m+fp/hard\libc_nano.a(lib_a-nano-vfprintf_float.o)
                0x00000000080098a8                __cvt
 .text.__exponent
                0x000000000800996c       0x7c e:/stm/stm32cubeide_1.6.1/stm32cubeide/plugins/com.st.stm32cube.ide.mcu.externaltools.gnu-tools-for-stm32.9-2020-q2-update.win32_2.0.0.202105311346/tools/bin/../lib/gcc/arm-none-eabi/9.3.1/../../../../arm-none-eabi/lib/thumb/v7e-m+fp/hard\libc_nano.a(lib_a-nano-vfprintf_float.o)
                0x000000000800996c                __exponent
 .text._printf_float
                0x00000000080099e8      0x46c e:/stm/stm32cubeide_1.6.1/stm32cubeide/plugins/com.st.stm32cube.ide.mcu.externaltools.gnu-tools-for-stm32.9-2020-q2-update.win32_2.0.0.202105311346/tools/bin/../lib/gcc/arm-none-eabi/9.3.1/../../../../arm-none-eabi/lib/thumb/v7e-m+fp/hard\libc_nano.a(lib_a-nano-vfprintf_float.o)
                0x00000000080099e8                _printf_float
 .text._printf_common
                0x0000000008009e54       0xda e:/stm/stm32cubeide_1.6.1/stm32cubeide/plugins/com.st.stm32cube.ide.mcu.externaltools.gnu-tools-for-stm32.9-2020-q2-update.win32_2.0.0.202105311346/tools/bin/../lib/gcc/arm-none-eabi/9.3.1/../../../../arm-none-eabi/lib/thumb/v7e-m+fp/hard\libc_nano.a(lib_a-nano-vfprintf_i.o)
                0x0000000008009e54                _printf_common
 *fill*         0x0000000008009f2e        0x2 
 .text._printf_i
                0x0000000008009f30      0x24c e:/stm/stm32cubeide_1.6.1/stm32cubeide/plugins/com.st.stm32cube.ide.mcu.externaltools.gnu-tools-for-stm32.9-2020-q2-update.win32_2.0.0.202105311346/tools/bin/../lib/gcc/arm-none-eabi/9.3.1/../../../../arm-none-eabi/lib/thumb/v7e-m+fp/hard\libc_nano.a(lib_a-nano-vfprintf_i.o)
                0x0000000008009f30                _printf_i
 .text._sbrk_r  0x000000000800a17c       0x20 e:/stm/stm32cubeide_1.6.1/stm32cubeide/plugins/com.st.stm32cube.ide.mcu.externaltools.gnu-tools-for-stm32.9-2020-q2-update.win32_2.0.0.202105311346/tools/bin/../lib/gcc/arm-none-eabi/9.3.1/../../../../arm-none-eabi/lib/thumb/v7e-m+fp/hard\libc_nano.a(lib_a-sbrkr.o)
                0x000000000800a17c                _sbrk_r
 .text.sprintf  0x000000000800a19c       0x40 e:/stm/stm32cubeide_1.6.1/stm32cubeide/plugins/com.st.stm32cube.ide.mcu.externaltools.gnu-tools-for-stm32.9-2020-q2-update.win32_2.0.0.202105311346/tools/bin/../lib/gcc/arm-none-eabi/9.3.1/../../../../arm-none-eabi/lib/thumb/v7e-m+fp/hard\libc_nano.a(lib_a-sprintf.o)
                0x000000000800a19c                siprintf
                0x000000000800a19c                sprintf
 .text.__sread  0x000000000800a1dc       0x22 e:/stm/stm32cubeide_1.6.1/stm32cubeide/plugins/com.st.stm32cube.ide.mcu.externaltools.gnu-tools-for-stm32.9-2020-q2-update.win32_2.0.0.202105311346/tools/bin/../lib/gcc/arm-none-eabi/9.3.1/../../../../arm-none-eabi/lib/thumb/v7e-m+fp/hard\libc_nano.a(lib_a-stdio.o)
                0x000000000800a1dc                __sread
 .text.__swrite
                0x000000000800a1fe       0x38 e:/stm/stm32cubeide_1.6.1/stm32cubeide/plugins/com.st.stm32cube.ide.mcu.externaltools.gnu-tools-for-stm32.9-2020-q2-update.win32_2.0.0.202105311346/tools/bin/../lib/gcc/arm-none-eabi/9.3.1/../../../../arm-none-eabi/lib/thumb/v7e-m+fp/hard\libc_nano.a(lib_a-stdio.o)
                0x000000000800a1fe                __swrite
 .text.__sseek  0x000000000800a236       0x24 e:/stm/stm32cubeide_1.6.1/stm32cubeide/plugins/com.st.stm32cube.ide.mcu.externaltools.gnu-tools-for-stm32.9-2020-q2-update.win32_2.0.0.202105311346/tools/bin/../lib/gcc/arm-none-eabi/9.3.1/../../../../arm-none-eabi/lib/thumb/v7e-m+fp/hard\libc_nano.a(lib_a-stdio.o)
                0x000000000800a236                __sseek
 .text.__sclose
                0x000000000800a25a        0x8 e:/stm/stm32cubeide_1.6.1/stm32cubeide/plugins/com.st.stm32cube.ide.mcu.externaltools.gnu-tools-for-stm32.9-2020-q2-update.win32_2.0.0.202105311346/tools/bin/../lib/gcc/arm-none-eabi/9.3.1/../../../../arm-none-eabi/lib/thumb/v7e-m+fp/hard\libc_nano.a(lib_a-stdio.o)
                0x000000000800a25a                __sclose
 *fill*         0x000000000800a262        0x2 
 .text._strtol_l.isra.0
                0x000000000800a264      0x108 e:/stm/stm32cubeide_1.6.1/stm32cubeide/plugins/com.st.stm32cube.ide.mcu.externaltools.gnu-tools-for-stm32.9-2020-q2-update.win32_2.0.0.202105311346/tools/bin/../lib/gcc/arm-none-eabi/9.3.1/../../../../arm-none-eabi/lib/thumb/v7e-m+fp/hard\libc_nano.a(lib_a-strtol.o)
 .text.strtol   0x000000000800a36c       0x14 e:/stm/stm32cubeide_1.6.1/stm32cubeide/plugins/com.st.stm32cube.ide.mcu.externaltools.gnu-tools-for-stm32.9-2020-q2-update.win32_2.0.0.202105311346/tools/bin/../lib/gcc/arm-none-eabi/9.3.1/../../../../arm-none-eabi/lib/thumb/v7e-m+fp/hard\libc_nano.a(lib_a-strtol.o)
                0x000000000800a36c                strtol
 .text.__utoa   0x000000000800a380       0x84 e:/stm/stm32cubeide_1.6.1/stm32cubeide/plugins/com.st.stm32cube.ide.mcu.externaltools.gnu-tools-for-stm32.9-2020-q2-update.win32_2.0.0.202105311346/tools/bin/../lib/gcc/arm-none-eabi/9.3.1/../../../../arm-none-eabi/lib/thumb/v7e-m+fp/hard\libc_nano.a(lib_a-utoa.o)
                0x000000000800a380                __utoa
 .text._write_r
                0x000000000800a404       0x24 e:/stm/stm32cubeide_1.6.1/stm32cubeide/plugins/com.st.stm32cube.ide.mcu.externaltools.gnu-tools-for-stm32.9-2020-q2-update.win32_2.0.0.202105311346/tools/bin/../lib/gcc/arm-none-eabi/9.3.1/../../../../arm-none-eabi/lib/thumb/v7e-m+fp/hard\libc_nano.a(lib_a-writer.o)
                0x000000000800a404                _write_r
 .text._close_r
                0x000000000800a428       0x20 e:/stm/stm32cubeide_1.6.1/stm32cubeide/plugins/com.st.stm32cube.ide.mcu.externaltools.gnu-tools-for-stm32.9-2020-q2-update.win32_2.0.0.202105311346/tools/bin/../lib/gcc/arm-none-eabi/9.3.1/../../../../arm-none-eabi/lib/thumb/v7e-m+fp/hard\libc_nano.a(lib_a-closer.o)
                0x000000000800a428                _close_r
 .text.quorem   0x000000000800a448      0x116 e:/stm/stm32cubeide_1.6.1/stm32cubeide/plugins/com.st.stm32cube.ide.mcu.externaltools.gnu-tools-for-stm32.9-2020-q2-update.win32_2.0.0.202105311346/tools/bin/../lib/gcc/arm-none-eabi/9.3.1/../../../../arm-none-eabi/lib/thumb/v7e-m+fp/hard\libc_nano.a(lib_a-dtoa.o)
 *fill*         0x000000000800a55e        0x2 
 .text._dtoa_r  0x000000000800a560      0xbd8 e:/stm/stm32cubeide_1.6.1/stm32cubeide/plugins/com.st.stm32cube.ide.mcu.externaltools.gnu-tools-for-stm32.9-2020-q2-update.win32_2.0.0.202105311346/tools/bin/../lib/gcc/arm-none-eabi/9.3.1/../../../../arm-none-eabi/lib/thumb/v7e-m+fp/hard\libc_nano.a(lib_a-dtoa.o)
                0x000000000800a560                _dtoa_r
 .text.__sflush_r
                0x000000000800b138      0x10c e:/stm/stm32cubeide_1.6.1/stm32cubeide/plugins/com.st.stm32cube.ide.mcu.externaltools.gnu-tools-for-stm32.9-2020-q2-update.win32_2.0.0.202105311346/tools/bin/../lib/gcc/arm-none-eabi/9.3.1/../../../../arm-none-eabi/lib/thumb/v7e-m+fp/hard\libc_nano.a(lib_a-fflush.o)
                0x000000000800b138                __sflush_r
 .text._fflush_r
                0x000000000800b244       0x78 e:/stm/stm32cubeide_1.6.1/stm32cubeide/plugins/com.st.stm32cube.ide.mcu.externaltools.gnu-tools-for-stm32.9-2020-q2-update.win32_2.0.0.202105311346/tools/bin/../lib/gcc/arm-none-eabi/9.3.1/../../../../arm-none-eabi/lib/thumb/v7e-m+fp/hard\libc_nano.a(lib_a-fflush.o)
                0x000000000800b244                _fflush_r
 .text._localeconv_r
                0x000000000800b2bc        0x8 e:/stm/stm32cubeide_1.6.1/stm32cubeide/plugins/com.st.stm32cube.ide.mcu.externaltools.gnu-tools-for-stm32.9-2020-q2-update.win32_2.0.0.202105311346/tools/bin/../lib/gcc/arm-none-eabi/9.3.1/../../../../arm-none-eabi/lib/thumb/v7e-m+fp/hard\libc_nano.a(lib_a-localeconv.o)
                0x000000000800b2bc                _localeconv_r
 .text._lseek_r
                0x000000000800b2c4       0x24 e:/stm/stm32cubeide_1.6.1/stm32cubeide/plugins/com.st.stm32cube.ide.mcu.externaltools.gnu-tools-for-stm32.9-2020-q2-update.win32_2.0.0.202105311346/tools/bin/../lib/gcc/arm-none-eabi/9.3.1/../../../../arm-none-eabi/lib/thumb/v7e-m+fp/hard\libc_nano.a(lib_a-lseekr.o)
                0x000000000800b2c4                _lseek_r
 .text.malloc   0x000000000800b2e8       0x10 e:/stm/stm32cubeide_1.6.1/stm32cubeide/plugins/com.st.stm32cube.ide.mcu.externaltools.gnu-tools-for-stm32.9-2020-q2-update.win32_2.0.0.202105311346/tools/bin/../lib/gcc/arm-none-eabi/9.3.1/../../../../arm-none-eabi/lib/thumb/v7e-m+fp/hard\libc_nano.a(lib_a-malloc.o)
                0x000000000800b2e8                malloc
 .text.__malloc_lock
                0x000000000800b2f8        0xc e:/stm/stm32cubeide_1.6.1/stm32cubeide/plugins/com.st.stm32cube.ide.mcu.externaltools.gnu-tools-for-stm32.9-2020-q2-update.win32_2.0.0.202105311346/tools/bin/../lib/gcc/arm-none-eabi/9.3.1/../../../../arm-none-eabi/lib/thumb/v7e-m+fp/hard\libc_nano.a(lib_a-mlock.o)
                0x000000000800b2f8                __malloc_lock
 .text.__malloc_unlock
                0x000000000800b304        0xc e:/stm/stm32cubeide_1.6.1/stm32cubeide/plugins/com.st.stm32cube.ide.mcu.externaltools.gnu-tools-for-stm32.9-2020-q2-update.win32_2.0.0.202105311346/tools/bin/../lib/gcc/arm-none-eabi/9.3.1/../../../../arm-none-eabi/lib/thumb/v7e-m+fp/hard\libc_nano.a(lib_a-mlock.o)
                0x000000000800b304                __malloc_unlock
 .text._Balloc  0x000000000800b310       0x80 e:/stm/stm32cubeide_1.6.1/stm32cubeide/plugins/com.st.stm32cube.ide.mcu.externaltools.gnu-tools-for-stm32.9-2020-q2-update.win32_2.0.0.202105311346/tools/bin/../lib/gcc/arm-none-eabi/9.3.1/../../../../arm-none-eabi/lib/thumb/v7e-m+fp/hard\libc_nano.a(lib_a-mprec.o)
                0x000000000800b310                _Balloc
 .text._Bfree   0x000000000800b390       0x44 e:/stm/stm32cubeide_1.6.1/stm32cubeide/plugins/com.st.stm32cube.ide.mcu.externaltools.gnu-tools-for-stm32.9-2020-q2-update.win32_2.0.0.202105311346/tools/bin/../lib/gcc/arm-none-eabi/9.3.1/../../../../arm-none-eabi/lib/thumb/v7e-m+fp/hard\libc_nano.a(lib_a-mprec.o)
                0x000000000800b390                _Bfree
 .text.__multadd
                0x000000000800b3d4       0x94 e:/stm/stm32cubeide_1.6.1/stm32cubeide/plugins/com.st.stm32cube.ide.mcu.externaltools.gnu-tools-for-stm32.9-2020-q2-update.win32_2.0.0.202105311346/tools/bin/../lib/gcc/arm-none-eabi/9.3.1/../../../../arm-none-eabi/lib/thumb/v7e-m+fp/hard\libc_nano.a(lib_a-mprec.o)
                0x000000000800b3d4                __multadd
 .text.__hi0bits
                0x000000000800b468       0x40 e:/stm/stm32cubeide_1.6.1/stm32cubeide/plugins/com.st.stm32cube.ide.mcu.externaltools.gnu-tools-for-stm32.9-2020-q2-update.win32_2.0.0.202105311346/tools/bin/../lib/gcc/arm-none-eabi/9.3.1/../../../../arm-none-eabi/lib/thumb/v7e-m+fp/hard\libc_nano.a(lib_a-mprec.o)
                0x000000000800b468                __hi0bits
 .text.__lo0bits
                0x000000000800b4a8       0x60 e:/stm/stm32cubeide_1.6.1/stm32cubeide/plugins/com.st.stm32cube.ide.mcu.externaltools.gnu-tools-for-stm32.9-2020-q2-update.win32_2.0.0.202105311346/tools/bin/../lib/gcc/arm-none-eabi/9.3.1/../../../../arm-none-eabi/lib/thumb/v7e-m+fp/hard\libc_nano.a(lib_a-mprec.o)
                0x000000000800b4a8                __lo0bits
 .text.__i2b    0x000000000800b508       0x2c e:/stm/stm32cubeide_1.6.1/stm32cubeide/plugins/com.st.stm32cube.ide.mcu.externaltools.gnu-tools-for-stm32.9-2020-q2-update.win32_2.0.0.202105311346/tools/bin/../lib/gcc/arm-none-eabi/9.3.1/../../../../arm-none-eabi/lib/thumb/v7e-m+fp/hard\libc_nano.a(lib_a-mprec.o)
                0x000000000800b508                __i2b
 .text.__multiply
                0x000000000800b534      0x14c e:/stm/stm32cubeide_1.6.1/stm32cubeide/plugins/com.st.stm32cube.ide.mcu.externaltools.gnu-tools-for-stm32.9-2020-q2-update.win32_2.0.0.202105311346/tools/bin/../lib/gcc/arm-none-eabi/9.3.1/../../../../arm-none-eabi/lib/thumb/v7e-m+fp/hard\libc_nano.a(lib_a-mprec.o)
                0x000000000800b534                __multiply
 .text.__pow5mult
                0x000000000800b680       0xb4 e:/stm/stm32cubeide_1.6.1/stm32cubeide/plugins/com.st.stm32cube.ide.mcu.externaltools.gnu-tools-for-stm32.9-2020-q2-update.win32_2.0.0.202105311346/tools/bin/../lib/gcc/arm-none-eabi/9.3.1/../../../../arm-none-eabi/lib/thumb/v7e-m+fp/hard\libc_nano.a(lib_a-mprec.o)
                0x000000000800b680                __pow5mult
 .text.__lshift
                0x000000000800b734       0xd8 e:/stm/stm32cubeide_1.6.1/stm32cubeide/plugins/com.st.stm32cube.ide.mcu.externaltools.gnu-tools-for-stm32.9-2020-q2-update.win32_2.0.0.202105311346/tools/bin/../lib/gcc/arm-none-eabi/9.3.1/../../../../arm-none-eabi/lib/thumb/v7e-m+fp/hard\libc_nano.a(lib_a-mprec.o)
                0x000000000800b734                __lshift
 .text.__mcmp   0x000000000800b80c       0x38 e:/stm/stm32cubeide_1.6.1/stm32cubeide/plugins/com.st.stm32cube.ide.mcu.externaltools.gnu-tools-for-stm32.9-2020-q2-update.win32_2.0.0.202105311346/tools/bin/../lib/gcc/arm-none-eabi/9.3.1/../../../../arm-none-eabi/lib/thumb/v7e-m+fp/hard\libc_nano.a(lib_a-mprec.o)
                0x000000000800b80c                __mcmp
 .text.__mdiff  0x000000000800b844      0x110 e:/stm/stm32cubeide_1.6.1/stm32cubeide/plugins/com.st.stm32cube.ide.mcu.externaltools.gnu-tools-for-stm32.9-2020-q2-update.win32_2.0.0.202105311346/tools/bin/../lib/gcc/arm-none-eabi/9.3.1/../../../../arm-none-eabi/lib/thumb/v7e-m+fp/hard\libc_nano.a(lib_a-mprec.o)
                0x000000000800b844                __mdiff
 .text.__d2b    0x000000000800b954       0xb8 e:/stm/stm32cubeide_1.6.1/stm32cubeide/plugins/com.st.stm32cube.ide.mcu.externaltools.gnu-tools-for-stm32.9-2020-q2-update.win32_2.0.0.202105311346/tools/bin/../lib/gcc/arm-none-eabi/9.3.1/../../../../arm-none-eabi/lib/thumb/v7e-m+fp/hard\libc_nano.a(lib_a-mprec.o)
                0x000000000800b954                __d2b
 .text._calloc_r
                0x000000000800ba0c       0x1e e:/stm/stm32cubeide_1.6.1/stm32cubeide/plugins/com.st.stm32cube.ide.mcu.externaltools.gnu-tools-for-stm32.9-2020-q2-update.win32_2.0.0.202105311346/tools/bin/../lib/gcc/arm-none-eabi/9.3.1/../../../../arm-none-eabi/lib/thumb/v7e-m+fp/hard\libc_nano.a(lib_a-nano-callocr.o)
                0x000000000800ba0c                _calloc_r
 *fill*         0x000000000800ba2a        0x2 
 .text._free_r  0x000000000800ba2c       0xa0 e:/stm/stm32cubeide_1.6.1/stm32cubeide/plugins/com.st.stm32cube.ide.mcu.externaltools.gnu-tools-for-stm32.9-2020-q2-update.win32_2.0.0.202105311346/tools/bin/../lib/gcc/arm-none-eabi/9.3.1/../../../../arm-none-eabi/lib/thumb/v7e-m+fp/hard\libc_nano.a(lib_a-nano-freer.o)
                0x000000000800ba2c                _free_r
 .text.__ssputs_r
                0x000000000800bacc       0xb6 e:/stm/stm32cubeide_1.6.1/stm32cubeide/plugins/com.st.stm32cube.ide.mcu.externaltools.gnu-tools-for-stm32.9-2020-q2-update.win32_2.0.0.202105311346/tools/bin/../lib/gcc/arm-none-eabi/9.3.1/../../../../arm-none-eabi/lib/thumb/v7e-m+fp/hard\libc_nano.a(lib_a-nano-svfprintf.o)
                0x000000000800bacc                __ssputs_r
 *fill*         0x000000000800bb82        0x2 
 .text._svfprintf_r
                0x000000000800bb84      0x200 e:/stm/stm32cubeide_1.6.1/stm32cubeide/plugins/com.st.stm32cube.ide.mcu.externaltools.gnu-tools-for-stm32.9-2020-q2-update.win32_2.0.0.202105311346/tools/bin/../lib/gcc/arm-none-eabi/9.3.1/../../../../arm-none-eabi/lib/thumb/v7e-m+fp/hard\libc_nano.a(lib_a-nano-svfprintf.o)
                0x000000000800bb84                _svfiprintf_r
                0x000000000800bb84                _svfprintf_r
 .text._read_r  0x000000000800bd84       0x24 e:/stm/stm32cubeide_1.6.1/stm32cubeide/plugins/com.st.stm32cube.ide.mcu.externaltools.gnu-tools-for-stm32.9-2020-q2-update.win32_2.0.0.202105311346/tools/bin/../lib/gcc/arm-none-eabi/9.3.1/../../../../arm-none-eabi/lib/thumb/v7e-m+fp/hard\libc_nano.a(lib_a-readr.o)
                0x000000000800bd84                _read_r
 .text.__assert_func
                0x000000000800bda8       0x3c e:/stm/stm32cubeide_1.6.1/stm32cubeide/plugins/com.st.stm32cube.ide.mcu.externaltools.gnu-tools-for-stm32.9-2020-q2-update.win32_2.0.0.202105311346/tools/bin/../lib/gcc/arm-none-eabi/9.3.1/../../../../arm-none-eabi/lib/thumb/v7e-m+fp/hard\libc_nano.a(lib_a-assert.o)
                0x000000000800bda8                __assert_func
 .text.fprintf  0x000000000800bde4       0x24 e:/stm/stm32cubeide_1.6.1/stm32cubeide/plugins/com.st.stm32cube.ide.mcu.externaltools.gnu-tools-for-stm32.9-2020-q2-update.win32_2.0.0.202105311346/tools/bin/../lib/gcc/arm-none-eabi/9.3.1/../../../../arm-none-eabi/lib/thumb/v7e-m+fp/hard\libc_nano.a(lib_a-fprintf.o)
                0x000000000800bde4                fiprintf
                0x000000000800bde4                fprintf
 .text.__ascii_mbtowc
                0x000000000800be08       0x24 e:/stm/stm32cubeide_1.6.1/stm32cubeide/plugins/com.st.stm32cube.ide.mcu.externaltools.gnu-tools-for-stm32.9-2020-q2-update.win32_2.0.0.202105311346/tools/bin/../lib/gcc/arm-none-eabi/9.3.1/../../../../arm-none-eabi/lib/thumb/v7e-m+fp/hard\libc_nano.a(lib_a-mbtowc_r.o)
                0x000000000800be08                __ascii_mbtowc
 .text.memmove  0x000000000800be2c       0x34 e:/stm/stm32cubeide_1.6.1/stm32cubeide/plugins/com.st.stm32cube.ide.mcu.externaltools.gnu-tools-for-stm32.9-2020-q2-update.win32_2.0.0.202105311346/tools/bin/../lib/gcc/arm-none-eabi/9.3.1/../../../../arm-none-eabi/lib/thumb/v7e-m+fp/hard\libc_nano.a(lib_a-memmove.o)
                0x000000000800be2c                memmove
 .text._realloc_r
                0x000000000800be60       0x4c e:/stm/stm32cubeide_1.6.1/stm32cubeide/plugins/com.st.stm32cube.ide.mcu.externaltools.gnu-tools-for-stm32.9-2020-q2-update.win32_2.0.0.202105311346/tools/bin/../lib/gcc/arm-none-eabi/9.3.1/../../../../arm-none-eabi/lib/thumb/v7e-m+fp/hard\libc_nano.a(lib_a-nano-reallocr.o)
                0x000000000800be60                _realloc_r
 .text.__sfputc_r
                0x000000000800beac       0x2e e:/stm/stm32cubeide_1.6.1/stm32cubeide/plugins/com.st.stm32cube.ide.mcu.externaltools.gnu-tools-for-stm32.9-2020-q2-update.win32_2.0.0.202105311346/tools/bin/../lib/gcc/arm-none-eabi/9.3.1/../../../../arm-none-eabi/lib/thumb/v7e-m+fp/hard\libc_nano.a(lib_a-nano-vfprintf.o)
 .text.__sfputs_r
                0x000000000800beda       0x24 e:/stm/stm32cubeide_1.6.1/stm32cubeide/plugins/com.st.stm32cube.ide.mcu.externaltools.gnu-tools-for-stm32.9-2020-q2-update.win32_2.0.0.202105311346/tools/bin/../lib/gcc/arm-none-eabi/9.3.1/../../../../arm-none-eabi/lib/thumb/v7e-m+fp/hard\libc_nano.a(lib_a-nano-vfprintf.o)
                0x000000000800beda                __sfputs_r
 *fill*         0x000000000800befe        0x2 
 .text._vfprintf_r
                0x000000000800bf00      0x260 e:/stm/stm32cubeide_1.6.1/stm32cubeide/plugins/com.st.stm32cube.ide.mcu.externaltools.gnu-tools-for-stm32.9-2020-q2-update.win32_2.0.0.202105311346/tools/bin/../lib/gcc/arm-none-eabi/9.3.1/../../../../arm-none-eabi/lib/thumb/v7e-m+fp/hard\libc_nano.a(lib_a-nano-vfprintf.o)
                0x000000000800bf00                _vfprintf_r
                0x000000000800bf00                _vfiprintf_r
 .text.__swbuf_r
                0x000000000800c160       0xa4 e:/stm/stm32cubeide_1.6.1/stm32cubeide/plugins/com.st.stm32cube.ide.mcu.externaltools.gnu-tools-for-stm32.9-2020-q2-update.win32_2.0.0.202105311346/tools/bin/../lib/gcc/arm-none-eabi/9.3.1/../../../../arm-none-eabi/lib/thumb/v7e-m+fp/hard\libc_nano.a(lib_a-wbuf.o)
                0x000000000800c160                __swbuf_r
 .text.__ascii_wctomb
                0x000000000800c204       0x1a e:/stm/stm32cubeide_1.6.1/stm32cubeide/plugins/com.st.stm32cube.ide.mcu.externaltools.gnu-tools-for-stm32.9-2020-q2-update.win32_2.0.0.202105311346/tools/bin/../lib/gcc/arm-none-eabi/9.3.1/../../../../arm-none-eabi/lib/thumb/v7e-m+fp/hard\libc_nano.a(lib_a-wctomb_r.o)
                0x000000000800c204                __ascii_wctomb
 *fill*         0x000000000800c21e        0x2 
 .text.__swsetup_r
                0x000000000800c220       0xdc e:/stm/stm32cubeide_1.6.1/stm32cubeide/plugins/com.st.stm32cube.ide.mcu.externaltools.gnu-tools-for-stm32.9-2020-q2-update.win32_2.0.0.202105311346/tools/bin/../lib/gcc/arm-none-eabi/9.3.1/../../../../arm-none-eabi/lib/thumb/v7e-m+fp/hard\libc_nano.a(lib_a-wsetup.o)
                0x000000000800c220                __swsetup_r
 .text.abort    0x000000000800c2fc        0xe e:/stm/stm32cubeide_1.6.1/stm32cubeide/plugins/com.st.stm32cube.ide.mcu.externaltools.gnu-tools-for-stm32.9-2020-q2-update.win32_2.0.0.202105311346/tools/bin/../lib/gcc/arm-none-eabi/9.3.1/../../../../arm-none-eabi/lib/thumb/v7e-m+fp/hard\libc_nano.a(lib_a-abort.o)
                0x000000000800c2fc                abort
 .text.__swhatbuf_r
                0x000000000800c30a       0x48 e:/stm/stm32cubeide_1.6.1/stm32cubeide/plugins/com.st.stm32cube.ide.mcu.externaltools.gnu-tools-for-stm32.9-2020-q2-update.win32_2.0.0.202105311346/tools/bin/../lib/gcc/arm-none-eabi/9.3.1/../../../../arm-none-eabi/lib/thumb/v7e-m+fp/hard\libc_nano.a(lib_a-makebuf.o)
                0x000000000800c30a                __swhatbuf_r
 *fill*         0x000000000800c352        0x2 
 .text.__smakebuf_r
                0x000000000800c354       0x80 e:/stm/stm32cubeide_1.6.1/stm32cubeide/plugins/com.st.stm32cube.ide.mcu.externaltools.gnu-tools-for-stm32.9-2020-q2-update.win32_2.0.0.202105311346/tools/bin/../lib/gcc/arm-none-eabi/9.3.1/../../../../arm-none-eabi/lib/thumb/v7e-m+fp/hard\libc_nano.a(lib_a-makebuf.o)
                0x000000000800c354                __smakebuf_r
 .text._malloc_usable_size_r
                0x000000000800c3d4       0x10 e:/stm/stm32cubeide_1.6.1/stm32cubeide/plugins/com.st.stm32cube.ide.mcu.externaltools.gnu-tools-for-stm32.9-2020-q2-update.win32_2.0.0.202105311346/tools/bin/../lib/gcc/arm-none-eabi/9.3.1/../../../../arm-none-eabi/lib/thumb/v7e-m+fp/hard\libc_nano.a(lib_a-nano-msizer.o)
                0x000000000800c3d4                _malloc_usable_size_r
 .text._raise_r
                0x000000000800c3e4       0x50 e:/stm/stm32cubeide_1.6.1/stm32cubeide/plugins/com.st.stm32cube.ide.mcu.externaltools.gnu-tools-for-stm32.9-2020-q2-update.win32_2.0.0.202105311346/tools/bin/../lib/gcc/arm-none-eabi/9.3.1/../../../../arm-none-eabi/lib/thumb/v7e-m+fp/hard\libc_nano.a(lib_a-signal.o)
                0x000000000800c3e4                _raise_r
 .text.raise    0x000000000800c434       0x10 e:/stm/stm32cubeide_1.6.1/stm32cubeide/plugins/com.st.stm32cube.ide.mcu.externaltools.gnu-tools-for-stm32.9-2020-q2-update.win32_2.0.0.202105311346/tools/bin/../lib/gcc/arm-none-eabi/9.3.1/../../../../arm-none-eabi/lib/thumb/v7e-m+fp/hard\libc_nano.a(lib_a-signal.o)
                0x000000000800c434                raise
 .text._kill_r  0x000000000800c444       0x24 e:/stm/stm32cubeide_1.6.1/stm32cubeide/plugins/com.st.stm32cube.ide.mcu.externaltools.gnu-tools-for-stm32.9-2020-q2-update.win32_2.0.0.202105311346/tools/bin/../lib/gcc/arm-none-eabi/9.3.1/../../../../arm-none-eabi/lib/thumb/v7e-m+fp/hard\libc_nano.a(lib_a-signalr.o)
                0x000000000800c444                _kill_r
 .text._getpid_r
                0x000000000800c468        0x4 e:/stm/stm32cubeide_1.6.1/stm32cubeide/plugins/com.st.stm32cube.ide.mcu.externaltools.gnu-tools-for-stm32.9-2020-q2-update.win32_2.0.0.202105311346/tools/bin/../lib/gcc/arm-none-eabi/9.3.1/../../../../arm-none-eabi/lib/thumb/v7e-m+fp/hard\libc_nano.a(lib_a-signalr.o)
                0x000000000800c468                _getpid_r
 .text._fstat_r
                0x000000000800c46c       0x24 e:/stm/stm32cubeide_1.6.1/stm32cubeide/plugins/com.st.stm32cube.ide.mcu.externaltools.gnu-tools-for-stm32.9-2020-q2-update.win32_2.0.0.202105311346/tools/bin/../lib/gcc/arm-none-eabi/9.3.1/../../../../arm-none-eabi/lib/thumb/v7e-m+fp/hard\libc_nano.a(lib_a-fstatr.o)
                0x000000000800c46c                _fstat_r
 .text._isatty_r
                0x000000000800c490       0x20 e:/stm/stm32cubeide_1.6.1/stm32cubeide/plugins/com.st.stm32cube.ide.mcu.externaltools.gnu-tools-for-stm32.9-2020-q2-update.win32_2.0.0.202105311346/tools/bin/../lib/gcc/arm-none-eabi/9.3.1/../../../../arm-none-eabi/lib/thumb/v7e-m+fp/hard\libc_nano.a(lib_a-isattyr.o)
                0x000000000800c490                _isatty_r
 .text._exit    0x000000000800c4b0       0x14 e:/stm/stm32cubeide_1.6.1/stm32cubeide/plugins/com.st.stm32cube.ide.mcu.externaltools.gnu-tools-for-stm32.9-2020-q2-update.win32_2.0.0.202105311346/tools/bin/../lib/gcc/arm-none-eabi/9.3.1/../../../../arm-none-eabi/lib/thumb/v7e-m+fp/hard\librdimon_nano.a(rdimon-_exit.o)