stm32f4xx_it.c:75:6:NMI_Handler	4	static
stm32f4xx_it.c:90:6:HardFault_Handler	4	static
stm32f4xx_it.c:105:6:MemManage_Handler	4	static
stm32f4xx_it.c:120:6:BusFault_Handler	4	static
stm32f4xx_it.c:135:6:UsageFault_Handler	4	static
stm32f4xx_it.c:151:6:DebugMon_Handler	4	static
stm32f4xx_it.c:173:6:EXTI0_IRQHandler	8	static
stm32f4xx_it.c:187:6:ADC_IRQHandler	8	static
stm32f4xx_it.c:201:6:EXTI9_5_IRQHandler	8	static
stm32f4xx_it.c:215:6:TIM1_UP_TIM10_IRQHandler	8	static
stm32f4xx_it.c:229:6:USART2_IRQHandler	8	static
stm32f4xx_it.c:243:6:EXTI15_10_IRQHandler	8	static
